apps/desktop/src/App.tsx(3,20): error TS6142: Module './components/layout/Layout' was resolved to 'C:/Users/meteo/Documents/GitHub/diary_quest/apps/desktop/src/components/layout/Layout.tsx', but '--jsx' is not set.
apps/desktop/src/App.tsx(4,23): error TS6142: Module './pages/DiaryPage' was resolved to 'C:/Users/meteo/Documents/GitHub/diary_quest/apps/desktop/src/pages/DiaryPage.tsx', but '--jsx' is not set.
apps/desktop/src/App.tsx(5,29): error TS6142: Module './pages/PastDiariesPage' was resolved to 'C:/Users/meteo/Documents/GitHub/diary_quest/apps/desktop/src/pages/PastDiariesPage.tsx', but '--jsx' is not set.
apps/desktop/src/App.tsx(6,27): error TS6142: Module './pages/CharacterPage' was resolved to 'C:/Users/meteo/Documents/GitHub/diary_quest/apps/desktop/src/pages/CharacterPage.tsx', but '--jsx' is not set.
apps/desktop/src/App.tsx(7,24): error TS6142: Module './pages/QuestsPage' was resolved to 'C:/Users/meteo/Documents/GitHub/diary_quest/apps/desktop/src/pages/QuestsPage.tsx', but '--jsx' is not set.
apps/desktop/src/App.tsx(8,23): error TS6142: Module './pages/StoryPage' was resolved to 'C:/Users/meteo/Documents/GitHub/diary_quest/apps/desktop/src/pages/StoryPage.tsx', but '--jsx' is not set.
apps/desktop/src/App.tsx(9,25): error TS6142: Module './pages/ReportsPage' was resolved to 'C:/Users/meteo/Documents/GitHub/diary_quest/apps/desktop/src/pages/ReportsPage.tsx', but '--jsx' is not set.
apps/desktop/src/App.tsx(10,26): error TS6142: Module './pages/SettingsPage' was resolved to 'C:/Users/meteo/Documents/GitHub/diary_quest/apps/desktop/src/pages/SettingsPage.tsx', but '--jsx' is not set.
apps/desktop/src/App.tsx(11,25): error TS6142: Module './pages/WelcomePage' was resolved to 'C:/Users/meteo/Documents/GitHub/diary_quest/apps/desktop/src/pages/WelcomePage.tsx', but '--jsx' is not set.
apps/desktop/src/App.tsx(12,22): error TS6142: Module './pages/HomePage' was resolved to 'C:/Users/meteo/Documents/GitHub/diary_quest/apps/desktop/src/pages/HomePage.tsx', but '--jsx' is not set.
apps/desktop/src/App.tsx(106,7): error TS17004: Cannot use JSX unless the '--jsx' flag is provided.
apps/desktop/src/App.tsx(107,9): error TS17004: Cannot use JSX unless the '--jsx' flag is provided.
apps/desktop/src/App.tsx(108,11): error TS17004: Cannot use JSX unless the '--jsx' flag is provided.
apps/desktop/src/App.tsx(109,11): error TS17004: Cannot use JSX unless the '--jsx' flag is provided.
apps/desktop/src/App.tsx(110,11): error TS17004: Cannot use JSX unless the '--jsx' flag is provided.
apps/desktop/src/App.tsx(119,7): error TS17004: Cannot use JSX unless the '--jsx' flag is provided.
apps/desktop/src/App.tsx(120,9): error TS17004: Cannot use JSX unless the '--jsx' flag is provided.
apps/desktop/src/App.tsx(121,11): error TS17004: Cannot use JSX unless the '--jsx' flag is provided.
apps/desktop/src/App.tsx(122,11): error TS17004: Cannot use JSX unless the '--jsx' flag is provided.
apps/desktop/src/App.tsx(123,11): error TS17004: Cannot use JSX unless the '--jsx' flag is provided.
apps/desktop/src/App.tsx(124,11): error TS17004: Cannot use JSX unless the '--jsx' flag is provided.
apps/desktop/src/App.tsx(125,28): error TS2304: Cannot find name 'window'.
apps/desktop/src/App.tsx(143,16): error TS17004: Cannot use JSX unless the '--jsx' flag is provided.
apps/desktop/src/App.tsx(145,16): error TS17004: Cannot use JSX unless the '--jsx' flag is provided.
apps/desktop/src/App.tsx(147,16): error TS17004: Cannot use JSX unless the '--jsx' flag is provided.
apps/desktop/src/App.tsx(149,16): error TS17004: Cannot use JSX unless the '--jsx' flag is provided.
apps/desktop/src/App.tsx(151,16): error TS17004: Cannot use JSX unless the '--jsx' flag is provided.
apps/desktop/src/App.tsx(153,16): error TS17004: Cannot use JSX unless the '--jsx' flag is provided.
apps/desktop/src/App.tsx(155,16): error TS17004: Cannot use JSX unless the '--jsx' flag is provided.
apps/desktop/src/App.tsx(157,16): error TS17004: Cannot use JSX unless the '--jsx' flag is provided.
apps/desktop/src/App.tsx(159,16): error TS17004: Cannot use JSX unless the '--jsx' flag is provided.
apps/desktop/src/App.tsx(161,16): error TS17004: Cannot use JSX unless the '--jsx' flag is provided.
apps/desktop/src/App.tsx(166,5): error TS17004: Cannot use JSX unless the '--jsx' flag is provided.
apps/desktop/src/App.tsx(167,7): error TS17004: Cannot use JSX unless the '--jsx' flag is provided.
apps/desktop/src/components/diary/DiaryDetailModal.tsx(38,5): error TS17004: Cannot use JSX unless the '--jsx' flag is provided.
apps/desktop/src/components/diary/DiaryDetailModal.tsx(42,7): error TS17004: Cannot use JSX unless the '--jsx' flag is provided.
apps/desktop/src/components/diary/DiaryDetailModal.tsx(47,9): error TS17004: Cannot use JSX unless the '--jsx' flag is provided.
apps/desktop/src/components/diary/DiaryDetailModal.tsx(48,11): error TS17004: Cannot use JSX unless the '--jsx' flag is provided.
apps/desktop/src/components/diary/DiaryDetailModal.tsx(49,13): error TS17004: Cannot use JSX unless the '--jsx' flag is provided.
apps/desktop/src/components/diary/DiaryDetailModal.tsx(50,15): error TS17004: Cannot use JSX unless the '--jsx' flag is provided.
apps/desktop/src/components/diary/DiaryDetailModal.tsx(51,15): error TS17004: Cannot use JSX unless the '--jsx' flag is provided.
apps/desktop/src/components/diary/DiaryDetailModal.tsx(53,13): error TS17004: Cannot use JSX unless the '--jsx' flag is provided.
apps/desktop/src/components/diary/DiaryDetailModal.tsx(61,11): error TS17004: Cannot use JSX unless the '--jsx' flag is provided.
apps/desktop/src/components/diary/DiaryDetailModal.tsx(70,9): error TS17004: Cannot use JSX unless the '--jsx' flag is provided.
apps/desktop/src/components/diary/DiaryDetailModal.tsx(72,11): error TS17004: Cannot use JSX unless the '--jsx' flag is provided.
apps/desktop/src/components/diary/DiaryDetailModal.tsx(73,13): error TS17004: Cannot use JSX unless the '--jsx' flag is provided.
apps/desktop/src/components/diary/DiaryDetailModal.tsx(74,13): error TS17004: Cannot use JSX unless the '--jsx' flag is provided.
apps/desktop/src/components/diary/DiaryDetailModal.tsx(75,15): error TS17004: Cannot use JSX unless the '--jsx' flag is provided.
apps/desktop/src/components/diary/DiaryDetailModal.tsx(77,13): error TS17004: Cannot use JSX unless the '--jsx' flag is provided.
apps/desktop/src/components/diary/DiaryDetailModal.tsx(78,15): error TS17004: Cannot use JSX unless the '--jsx' flag is provided.
apps/desktop/src/components/diary/DiaryDetailModal.tsx(79,17): error TS17004: Cannot use JSX unless the '--jsx' flag is provided.
apps/desktop/src/components/diary/DiaryDetailModal.tsx(80,17): error TS17004: Cannot use JSX unless the '--jsx' flag is provided.
apps/desktop/src/components/diary/DiaryDetailModal.tsx(82,15): error TS17004: Cannot use JSX unless the '--jsx' flag is provided.
apps/desktop/src/components/diary/DiaryDetailModal.tsx(83,17): error TS17004: Cannot use JSX unless the '--jsx' flag is provided.
apps/desktop/src/components/diary/DiaryDetailModal.tsx(84,17): error TS17004: Cannot use JSX unless the '--jsx' flag is provided.
apps/desktop/src/components/diary/DiaryDetailModal.tsx(87,17): error TS17004: Cannot use JSX unless the '--jsx' flag is provided.
apps/desktop/src/components/diary/DiaryDetailModal.tsx(88,19): error TS17004: Cannot use JSX unless the '--jsx' flag is provided.
apps/desktop/src/components/diary/DiaryDetailModal.tsx(89,19): error TS17004: Cannot use JSX unless the '--jsx' flag is provided.
apps/desktop/src/components/diary/DiaryDetailModal.tsx(98,11): error TS17004: Cannot use JSX unless the '--jsx' flag is provided.
apps/desktop/src/components/diary/DiaryDetailModal.tsx(99,13): error TS17004: Cannot use JSX unless the '--jsx' flag is provided.
apps/desktop/src/components/diary/DiaryDetailModal.tsx(100,15): error TS17004: Cannot use JSX unless the '--jsx' flag is provided.
apps/desktop/src/components/diary/DiaryDetailModal.tsx(102,13): error TS17004: Cannot use JSX unless the '--jsx' flag is provided.
apps/desktop/src/components/diary/DiaryDetailModal.tsx(108,11): error TS17004: Cannot use JSX unless the '--jsx' flag is provided.
apps/desktop/src/components/diary/DiaryDetailModal.tsx(109,13): error TS17004: Cannot use JSX unless the '--jsx' flag is provided.
apps/desktop/src/components/diary/DiaryDetailModal.tsx(110,15): error TS17004: Cannot use JSX unless the '--jsx' flag is provided.
apps/desktop/src/components/diary/DiaryDetailModal.tsx(112,13): error TS17004: Cannot use JSX unless the '--jsx' flag is provided.
apps/desktop/src/components/diary/DiaryDetailModal.tsx(119,13): error TS17004: Cannot use JSX unless the '--jsx' flag is provided.
apps/desktop/src/components/diary/DiaryDetailModal.tsx(120,15): error TS17004: Cannot use JSX unless the '--jsx' flag is provided.
apps/desktop/src/components/diary/DiaryDetailModal.tsx(121,17): error TS17004: Cannot use JSX unless the '--jsx' flag is provided.
apps/desktop/src/components/diary/DiaryDetailModal.tsx(124,15): error TS17004: Cannot use JSX unless the '--jsx' flag is provided.
apps/desktop/src/components/diary/DiaryDetailModal.tsx(125,17): error TS17004: Cannot use JSX unless the '--jsx' flag is provided.
apps/desktop/src/components/diary/DiaryDetailModal.tsx(126,19): error TS17004: Cannot use JSX unless the '--jsx' flag is provided.
apps/desktop/src/components/diary/DiaryDetailModal.tsx(127,19): error TS17004: Cannot use JSX unless the '--jsx' flag is provided.
apps/desktop/src/components/diary/DiaryDetailModal.tsx(131,17): error TS17004: Cannot use JSX unless the '--jsx' flag is provided.
apps/desktop/src/components/diary/DiaryDetailModal.tsx(132,19): error TS17004: Cannot use JSX unless the '--jsx' flag is provided.
apps/desktop/src/components/diary/DiaryDetailModal.tsx(133,19): error TS17004: Cannot use JSX unless the '--jsx' flag is provided.
apps/desktop/src/components/diary/DiaryDetailModal.tsx(140,15): error TS17004: Cannot use JSX unless the '--jsx' flag is provided.
apps/desktop/src/components/diary/DiaryDetailModal.tsx(144,21): error TS17004: Cannot use JSX unless the '--jsx' flag is provided.
apps/desktop/src/components/diary/DiaryDetailModal.tsx(145,23): error TS17004: Cannot use JSX unless the '--jsx' flag is provided.
apps/desktop/src/components/diary/DiaryDetailModal.tsx(146,23): error TS17004: Cannot use JSX unless the '--jsx' flag is provided.
apps/desktop/src/components/diary/DiaryDetailModal.tsx(147,25): error TS17004: Cannot use JSX unless the '--jsx' flag is provided.
apps/desktop/src/components/diary/DiaryDetailModal.tsx(152,23): error TS17004: Cannot use JSX unless the '--jsx' flag is provided.
apps/desktop/src/components/diary/DiaryDetailModal.tsx(161,17): error TS17004: Cannot use JSX unless the '--jsx' flag is provided.
apps/desktop/src/components/diary/DiaryDetailModal.tsx(162,19): error TS17004: Cannot use JSX unless the '--jsx' flag is provided.
apps/desktop/src/components/diary/DiaryDetailModal.tsx(163,19): error TS17004: Cannot use JSX unless the '--jsx' flag is provided.
apps/desktop/src/components/diary/DiaryDetailModal.tsx(173,13): error TS17004: Cannot use JSX unless the '--jsx' flag is provided.
apps/desktop/src/components/diary/DiaryDetailModal.tsx(174,15): error TS17004: Cannot use JSX unless the '--jsx' flag is provided.
apps/desktop/src/components/diary/DiaryDetailModal.tsx(178,17): error TS17004: Cannot use JSX unless the '--jsx' flag is provided.
apps/desktop/src/components/diary/DiaryDetailModal.tsx(179,19): error TS17004: Cannot use JSX unless the '--jsx' flag is provided.
apps/desktop/src/components/diary/DiaryDetailModal.tsx(181,17): error TS17004: Cannot use JSX unless the '--jsx' flag is provided.
apps/desktop/src/components/diary/DiaryDetailModal.tsx(187,17): error TS17004: Cannot use JSX unless the '--jsx' flag is provided.
apps/desktop/src/components/diary/DiaryDetailModal.tsx(188,19): error TS17004: Cannot use JSX unless the '--jsx' flag is provided.
apps/desktop/src/components/diary/DiaryDetailModal.tsx(190,21): error TS17004: Cannot use JSX unless the '--jsx' flag is provided.
apps/desktop/src/components/diary/DiaryDetailModal.tsx(191,23): error TS17004: Cannot use JSX unless the '--jsx' flag is provided.
apps/desktop/src/components/diary/DiaryDetailModal.tsx(192,23): error TS17004: Cannot use JSX unless the '--jsx' flag is provided.
apps/desktop/src/components/diary/DiaryDetailModal.tsx(199,21): error TS17004: Cannot use JSX unless the '--jsx' flag is provided.
apps/desktop/src/components/diary/DiaryDetailModal.tsx(200,23): error TS17004: Cannot use JSX unless the '--jsx' flag is provided.
apps/desktop/src/components/diary/DiaryDetailModal.tsx(201,23): error TS17004: Cannot use JSX unless the '--jsx' flag is provided.
apps/desktop/src/components/diary/DiaryDetailModal.tsx(203,27): error TS17004: Cannot use JSX unless the '--jsx' flag is provided.
apps/desktop/src/components/diary/DiaryDetailModal.tsx(215,21): error TS17004: Cannot use JSX unless the '--jsx' flag is provided.
apps/desktop/src/components/diary/DiaryDetailModal.tsx(216,23): error TS17004: Cannot use JSX unless the '--jsx' flag is provided.
apps/desktop/src/components/diary/DiaryDetailModal.tsx(217,23): error TS17004: Cannot use JSX unless the '--jsx' flag is provided.
apps/desktop/src/components/diary/DiaryDetailModal.tsx(219,27): error TS17004: Cannot use JSX unless the '--jsx' flag is provided.
apps/desktop/src/components/diary/DiaryDetailModal.tsx(220,29): error TS17004: Cannot use JSX unless the '--jsx' flag is provided.
apps/desktop/src/components/diary/DiaryDetailModal.tsx(229,21): error TS17004: Cannot use JSX unless the '--jsx' flag is provided.
apps/desktop/src/components/diary/DiaryDetailModal.tsx(230,23): error TS17004: Cannot use JSX unless the '--jsx' flag is provided.
apps/desktop/src/components/diary/DiaryDetailModal.tsx(231,23): error TS17004: Cannot use JSX unless the '--jsx' flag is provided.
apps/desktop/src/components/diary/DiaryDetailModal.tsx(233,27): error TS17004: Cannot use JSX unless the '--jsx' flag is provided.
apps/desktop/src/components/diary/DiaryDetailModal.tsx(249,11): error TS17004: Cannot use JSX unless the '--jsx' flag is provided.
apps/desktop/src/components/diary/DiaryDetailModal.tsx(250,13): error TS17004: Cannot use JSX unless the '--jsx' flag is provided.
apps/desktop/src/components/diary/DiaryDetailModal.tsx(251,15): error TS17004: Cannot use JSX unless the '--jsx' flag is provided.
apps/desktop/src/components/diary/DiaryDetailModal.tsx(253,13): error TS17004: Cannot use JSX unless the '--jsx' flag is provided.
apps/desktop/src/components/diary/DiaryDetailModal.tsx(254,15): error TS17004: Cannot use JSX unless the '--jsx' flag is provided.
apps/desktop/src/components/diary/DiaryDetailModal.tsx(255,17): error TS17004: Cannot use JSX unless the '--jsx' flag is provided.
apps/desktop/src/components/diary/DiaryDetailModal.tsx(256,17): error TS17004: Cannot use JSX unless the '--jsx' flag is provided.
apps/desktop/src/components/diary/DiaryDetailModal.tsx(258,15): error TS17004: Cannot use JSX unless the '--jsx' flag is provided.
apps/desktop/src/components/diary/DiaryDetailModal.tsx(259,17): error TS17004: Cannot use JSX unless the '--jsx' flag is provided.
apps/desktop/src/components/diary/DiaryDetailModal.tsx(260,17): error TS17004: Cannot use JSX unless the '--jsx' flag is provided.
apps/desktop/src/components/diary/DiaryDetailModal.tsx(263,17): error TS17004: Cannot use JSX unless the '--jsx' flag is provided.
apps/desktop/src/components/diary/DiaryDetailModal.tsx(264,19): error TS17004: Cannot use JSX unless the '--jsx' flag is provided.
apps/desktop/src/components/diary/DiaryDetailModal.tsx(265,19): error TS17004: Cannot use JSX unless the '--jsx' flag is provided.
apps/desktop/src/components/diary/DiaryDetailModal.tsx(270,15): error TS17004: Cannot use JSX unless the '--jsx' flag is provided.
apps/desktop/src/components/diary/DiaryDetailModal.tsx(271,17): error TS17004: Cannot use JSX unless the '--jsx' flag is provided.
apps/desktop/src/components/diary/DiaryDetailModal.tsx(272,17): error TS17004: Cannot use JSX unless the '--jsx' flag is provided.
apps/desktop/src/components/diary/DiaryDetailModal.tsx(281,13): error TS17004: Cannot use JSX unless the '--jsx' flag is provided.
apps/desktop/src/components/diary/DiaryDetailModal.tsx(283,17): error TS17004: Cannot use JSX unless the '--jsx' flag is provided.
apps/desktop/src/components/diary/DiaryDetailModal.tsx(295,9): error TS17004: Cannot use JSX unless the '--jsx' flag is provided.
apps/desktop/src/components/diary/DiaryDetailModal.tsx(296,11): error TS17004: Cannot use JSX unless the '--jsx' flag is provided.
apps/desktop/src/components/EquipmentFoundModal.tsx(44,7): error TS17004: Cannot use JSX unless the '--jsx' flag is provided.
apps/desktop/src/components/EquipmentFoundModal.tsx(45,9): error TS17004: Cannot use JSX unless the '--jsx' flag is provided.
apps/desktop/src/components/EquipmentFoundModal.tsx(46,21): error TS17004: Cannot use JSX unless the '--jsx' flag is provided.
apps/desktop/src/components/EquipmentFoundModal.tsx(47,11): error TS17004: Cannot use JSX unless the '--jsx' flag is provided.
apps/desktop/src/components/EquipmentFoundModal.tsx(48,11): error TS17004: Cannot use JSX unless the '--jsx' flag is provided.
apps/desktop/src/components/EquipmentFoundModal.tsx(51,11): error TS17004: Cannot use JSX unless the '--jsx' flag is provided.
apps/desktop/src/components/EquipmentFoundModal.tsx(56,9): error TS17004: Cannot use JSX unless the '--jsx' flag is provided.
apps/desktop/src/components/EquipmentFoundModal.tsx(60,9): error TS17004: Cannot use JSX unless the '--jsx' flag is provided.
apps/desktop/src/components/EquipmentFoundModal.tsx(62,13): error TS17004: Cannot use JSX unless the '--jsx' flag is provided.
apps/desktop/src/components/EquipmentFoundModal.tsx(63,15): error TS17004: Cannot use JSX unless the '--jsx' flag is provided.
apps/desktop/src/components/EquipmentFoundModal.tsx(64,15): error TS17004: Cannot use JSX unless the '--jsx' flag is provided.
apps/desktop/src/components/EquipmentFoundModal.tsx(68,13): error TS17004: Cannot use JSX unless the '--jsx' flag is provided.
apps/desktop/src/components/EquipmentFoundModal.tsx(69,15): error TS17004: Cannot use JSX unless the '--jsx' flag is provided.
apps/desktop/src/components/EquipmentFoundModal.tsx(70,15): error TS17004: Cannot use JSX unless the '--jsx' flag is provided.
apps/desktop/src/components/EquipmentFoundModal.tsx(74,13): error TS17004: Cannot use JSX unless the '--jsx' flag is provided.
apps/desktop/src/components/EquipmentFoundModal.tsx(75,15): error TS17004: Cannot use JSX unless the '--jsx' flag is provided.
apps/desktop/src/components/EquipmentFoundModal.tsx(76,15): error TS17004: Cannot use JSX unless the '--jsx' flag is provided.
apps/desktop/src/components/EquipmentFoundModal.tsx(80,13): error TS17004: Cannot use JSX unless the '--jsx' flag is provided.
apps/desktop/src/components/EquipmentFoundModal.tsx(81,15): error TS17004: Cannot use JSX unless the '--jsx' flag is provided.
apps/desktop/src/components/EquipmentFoundModal.tsx(82,15): error TS17004: Cannot use JSX unless the '--jsx' flag is provided.
apps/desktop/src/components/EquipmentFoundModal.tsx(86,13): error TS17004: Cannot use JSX unless the '--jsx' flag is provided.
apps/desktop/src/components/EquipmentFoundModal.tsx(87,15): error TS17004: Cannot use JSX unless the '--jsx' flag is provided.
apps/desktop/src/components/EquipmentFoundModal.tsx(88,15): error TS17004: Cannot use JSX unless the '--jsx' flag is provided.
apps/desktop/src/components/EquipmentFoundModal.tsx(92,13): error TS17004: Cannot use JSX unless the '--jsx' flag is provided.
apps/desktop/src/components/EquipmentFoundModal.tsx(93,15): error TS17004: Cannot use JSX unless the '--jsx' flag is provided.
apps/desktop/src/components/EquipmentFoundModal.tsx(94,15): error TS17004: Cannot use JSX unless the '--jsx' flag is provided.
apps/desktop/src/components/EquipmentFoundModal.tsx(98,13): error TS17004: Cannot use JSX unless the '--jsx' flag is provided.
apps/desktop/src/components/EquipmentFoundModal.tsx(99,15): error TS17004: Cannot use JSX unless the '--jsx' flag is provided.
apps/desktop/src/components/EquipmentFoundModal.tsx(100,15): error TS17004: Cannot use JSX unless the '--jsx' flag is provided.
apps/desktop/src/components/EquipmentFoundModal.tsx(104,13): error TS17004: Cannot use JSX unless the '--jsx' flag is provided.
apps/desktop/src/components/EquipmentFoundModal.tsx(105,15): error TS17004: Cannot use JSX unless the '--jsx' flag is provided.
apps/desktop/src/components/EquipmentFoundModal.tsx(106,15): error TS17004: Cannot use JSX unless the '--jsx' flag is provided.
apps/desktop/src/components/EquipmentFoundModal.tsx(110,13): error TS17004: Cannot use JSX unless the '--jsx' flag is provided.
apps/desktop/src/components/EquipmentFoundModal.tsx(111,15): error TS17004: Cannot use JSX unless the '--jsx' flag is provided.
apps/desktop/src/components/EquipmentFoundModal.tsx(112,15): error TS17004: Cannot use JSX unless the '--jsx' flag is provided.
apps/desktop/src/components/EquipmentFoundModal.tsx(117,9): error TS17004: Cannot use JSX unless the '--jsx' flag is provided.
apps/desktop/src/components/EquipmentFoundModal.tsx(118,11): error TS17004: Cannot use JSX unless the '--jsx' flag is provided.
apps/desktop/src/components/EquipmentFoundModal.tsx(127,5): error TS17004: Cannot use JSX unless the '--jsx' flag is provided.
apps/desktop/src/components/EquipmentFoundModal.tsx(131,7): error TS17004: Cannot use JSX unless the '--jsx' flag is provided.
apps/desktop/src/components/EquipmentFoundModal.tsx(135,9): error TS17004: Cannot use JSX unless the '--jsx' flag is provided.
apps/desktop/src/components/EquipmentFoundModal.tsx(136,11): error TS17004: Cannot use JSX unless the '--jsx' flag is provided.
apps/desktop/src/components/EquipmentFoundModal.tsx(137,11): error TS17004: Cannot use JSX unless the '--jsx' flag is provided.
apps/desktop/src/components/EquipmentFoundModal.tsx(144,9): error TS17004: Cannot use JSX unless the '--jsx' flag is provided.
apps/desktop/src/components/EquipmentFoundModal.tsx(146,11): error TS17004: Cannot use JSX unless the '--jsx' flag is provided.
apps/desktop/src/components/EquipmentFoundModal.tsx(147,13): error TS17004: Cannot use JSX unless the '--jsx' flag is provided.
apps/desktop/src/components/EquipmentFoundModal.tsx(154,11): error TS17004: Cannot use JSX unless the '--jsx' flag is provided.
apps/desktop/src/components/EquipmentFoundModal.tsx(155,13): error TS17004: Cannot use JSX unless the '--jsx' flag is provided.
apps/desktop/src/components/EquipmentFoundModal.tsx(159,11): error TS17004: Cannot use JSX unless the '--jsx' flag is provided.
apps/desktop/src/components/EquipmentFoundModal.tsx(160,13): error TS17004: Cannot use JSX unless the '--jsx' flag is provided.
apps/desktop/src/components/EquipmentFoundModal.tsx(166,15): error TS17004: Cannot use JSX unless the '--jsx' flag is provided.
apps/desktop/src/components/EquipmentFoundModal.tsx(167,17): error TS17004: Cannot use JSX unless the '--jsx' flag is provided.
apps/desktop/src/components/EquipmentFoundModal.tsx(168,19): error TS17004: Cannot use JSX unless the '--jsx' flag is provided.
apps/desktop/src/components/EquipmentFoundModal.tsx(169,19): error TS17004: Cannot use JSX unless the '--jsx' flag is provided.
apps/desktop/src/components/EquipmentFoundModal.tsx(177,9): error TS17004: Cannot use JSX unless the '--jsx' flag is provided.
apps/desktop/src/components/EquipmentFoundModal.tsx(178,11): error TS17004: Cannot use JSX unless the '--jsx' flag is provided.
apps/desktop/src/components/EquipmentFoundModal.tsx(184,11): error TS17004: Cannot use JSX unless the '--jsx' flag is provided.
apps/desktop/src/components/ErrorBoundary.tsx(32,9): error TS2304: Cannot find name 'window'.
apps/desktop/src/components/ErrorBoundary.tsx(46,17): error TS17004: Cannot use JSX unless the '--jsx' flag is provided.
apps/desktop/src/components/ErrorBoundary.tsx(47,21): error TS17004: Cannot use JSX unless the '--jsx' flag is provided.
apps/desktop/src/components/ErrorBoundary.tsx(48,25): error TS17004: Cannot use JSX unless the '--jsx' flag is provided.
apps/desktop/src/components/ErrorBoundary.tsx(49,29): error TS17004: Cannot use JSX unless the '--jsx' flag is provided.
apps/desktop/src/components/ErrorBoundary.tsx(50,29): error TS17004: Cannot use JSX unless the '--jsx' flag is provided.
apps/desktop/src/components/ErrorBoundary.tsx(51,33): error TS17004: Cannot use JSX unless the '--jsx' flag is provided.
apps/desktop/src/components/ErrorBoundary.tsx(52,33): error TS17004: Cannot use JSX unless the '--jsx' flag is provided.
apps/desktop/src/components/ErrorBoundary.tsx(56,25): error TS17004: Cannot use JSX unless the '--jsx' flag is provided.
apps/desktop/src/components/ErrorBoundary.tsx(57,29): error TS17004: Cannot use JSX unless the '--jsx' flag is provided.
apps/desktop/src/components/ErrorBoundary.tsx(61,33): error TS17004: Cannot use JSX unless the '--jsx' flag is provided.
apps/desktop/src/components/ErrorBoundary.tsx(67,25): error TS17004: Cannot use JSX unless the '--jsx' flag is provided.
apps/desktop/src/components/ErrorBoundary.tsx(68,29): error TS17004: Cannot use JSX unless the '--jsx' flag is provided.
apps/desktop/src/components/ErrorBoundary.tsx(74,29): error TS17004: Cannot use JSX unless the '--jsx' flag is provided.
apps/desktop/src/components/help/HelpModal.tsx(2,29): error TS2307: Cannot find module '@/lib/helpContent' or its corresponding type declarations.
apps/desktop/src/components/help/HelpModal.tsx(14,9): error TS17004: Cannot use JSX unless the '--jsx' flag is provided.
apps/desktop/src/components/help/HelpModal.tsx(15,13): error TS17004: Cannot use JSX unless the '--jsx' flag is provided.
apps/desktop/src/components/help/HelpModal.tsx(19,17): error TS17004: Cannot use JSX unless the '--jsx' flag is provided.
apps/desktop/src/components/help/HelpModal.tsx(23,21): error TS17004: Cannot use JSX unless the '--jsx' flag is provided.
apps/desktop/src/components/help/HelpModal.tsx(26,17): error TS17004: Cannot use JSX unless the '--jsx' flag is provided.
apps/desktop/src/components/help/HelpModal.tsx(27,21): error TS17004: Cannot use JSX unless the '--jsx' flag is provided.
apps/desktop/src/components/help/HelpModal.tsx(30,21): error TS17004: Cannot use JSX unless the '--jsx' flag is provided.
apps/desktop/src/components/help/HelpModal.tsx(33,17): error TS17004: Cannot use JSX unless the '--jsx' flag is provided.
apps/desktop/src/components/help/HelpModal.tsx(37,17): error TS17004: Cannot use JSX unless the '--jsx' flag is provided.
apps/desktop/src/components/help/HelpModal.tsx(38,21): error TS17004: Cannot use JSX unless the '--jsx' flag is provided.
apps/desktop/src/components/layout/Header.tsx(2,35): error TS2307: Cannot find module '@/store/characterStore' or its corresponding type declarations.
apps/desktop/src/components/layout/Header.tsx(4,29): error TS2307: Cannot find module '@/lib/helpContent' or its corresponding type declarations.
apps/desktop/src/components/layout/Header.tsx(5,23): error TS2307: Cannot find module '@/components/help/HelpModal' or its corresponding type declarations.
apps/desktop/src/components/layout/Header.tsx(21,5): error TS17004: Cannot use JSX unless the '--jsx' flag is provided.
apps/desktop/src/components/layout/Header.tsx(22,7): error TS17004: Cannot use JSX unless the '--jsx' flag is provided.
apps/desktop/src/components/layout/Header.tsx(23,9): error TS17004: Cannot use JSX unless the '--jsx' flag is provided.
apps/desktop/src/components/layout/Header.tsx(24,11): error TS17004: Cannot use JSX unless the '--jsx' flag is provided.
apps/desktop/src/components/layout/Header.tsx(25,13): error TS17004: Cannot use JSX unless the '--jsx' flag is provided.
apps/desktop/src/components/layout/Header.tsx(26,13): error TS17004: Cannot use JSX unless the '--jsx' flag is provided.
apps/desktop/src/components/layout/Header.tsx(31,15): error TS17004: Cannot use JSX unless the '--jsx' flag is provided.
apps/desktop/src/components/layout/Header.tsx(34,11): error TS17004: Cannot use JSX unless the '--jsx' flag is provided.
apps/desktop/src/components/layout/Header.tsx(35,13): error TS17004: Cannot use JSX unless the '--jsx' flag is provided.
apps/desktop/src/components/layout/Header.tsx(36,15): error TS17004: Cannot use JSX unless the '--jsx' flag is provided.
apps/desktop/src/components/layout/Header.tsx(37,15): error TS17004: Cannot use JSX unless the '--jsx' flag is provided.
apps/desktop/src/components/layout/Header.tsx(41,13): error TS17004: Cannot use JSX unless the '--jsx' flag is provided.
apps/desktop/src/components/layout/Header.tsx(42,15): error TS17004: Cannot use JSX unless the '--jsx' flag is provided.
apps/desktop/src/components/layout/Header.tsx(43,15): error TS17004: Cannot use JSX unless the '--jsx' flag is provided.
apps/desktop/src/components/layout/Header.tsx(44,52): error TS17004: Cannot use JSX unless the '--jsx' flag is provided.
apps/desktop/src/components/layout/Header.tsx(47,13): error TS17004: Cannot use JSX unless the '--jsx' flag is provided.
apps/desktop/src/components/layout/Header.tsx(48,15): error TS17004: Cannot use JSX unless the '--jsx' flag is provided.
apps/desktop/src/components/layout/Header.tsx(49,15): error TS17004: Cannot use JSX unless the '--jsx' flag is provided.
apps/desktop/src/components/layout/Header.tsx(57,7): error TS17004: Cannot use JSX unless the '--jsx' flag is provided.
apps/desktop/src/components/layout/Layout.tsx(2,20): error TS6142: Module './Header' was resolved to 'C:/Users/meteo/Documents/GitHub/diary_quest/apps/desktop/src/components/layout/Header.tsx', but '--jsx' is not set.
apps/desktop/src/components/layout/Layout.tsx(3,21): error TS6142: Module './Sidebar' was resolved to 'C:/Users/meteo/Documents/GitHub/diary_quest/apps/desktop/src/components/layout/Sidebar.tsx', but '--jsx' is not set.
apps/desktop/src/components/layout/Layout.tsx(4,25): error TS2307: Cannot find module '@/components/ui/sonner' or its corresponding type declarations.
apps/desktop/src/components/layout/Layout.tsx(16,5): error TS17004: Cannot use JSX unless the '--jsx' flag is provided.
apps/desktop/src/components/layout/Layout.tsx(17,7): error TS17004: Cannot use JSX unless the '--jsx' flag is provided.
apps/desktop/src/components/layout/Layout.tsx(18,7): error TS17004: Cannot use JSX unless the '--jsx' flag is provided.
apps/desktop/src/components/layout/Layout.tsx(19,9): error TS17004: Cannot use JSX unless the '--jsx' flag is provided.
apps/desktop/src/components/layout/Layout.tsx(20,9): error TS17004: Cannot use JSX unless the '--jsx' flag is provided.
apps/desktop/src/components/layout/Layout.tsx(24,7): error TS17004: Cannot use JSX unless the '--jsx' flag is provided.
apps/desktop/src/components/layout/Sidebar.tsx(1,35): error TS2307: Cannot find module '@/store/characterStore' or its corresponding type declarations.
apps/desktop/src/components/layout/Sidebar.tsx(20,12): error TS17004: Cannot use JSX unless the '--jsx' flag is provided.
apps/desktop/src/components/layout/Sidebar.tsx(35,5): error TS17004: Cannot use JSX unless the '--jsx' flag is provided.
apps/desktop/src/components/layout/Sidebar.tsx(36,7): error TS17004: Cannot use JSX unless the '--jsx' flag is provided.
apps/desktop/src/components/layout/Sidebar.tsx(37,9): error TS17004: Cannot use JSX unless the '--jsx' flag is provided.
apps/desktop/src/components/layout/Sidebar.tsx(38,11): error TS17004: Cannot use JSX unless the '--jsx' flag is provided.
apps/desktop/src/components/layout/Sidebar.tsx(40,13): error TS17004: Cannot use JSX unless the '--jsx' flag is provided.
apps/desktop/src/components/layout/Sidebar.tsx(43,13): error TS17004: Cannot use JSX unless the '--jsx' flag is provided.
apps/desktop/src/components/layout/Sidebar.tsx(45,15): error TS17004: Cannot use JSX unless the '--jsx' flag is provided.
apps/desktop/src/components/layout/Sidebar.tsx(48,15): error TS17004: Cannot use JSX unless the '--jsx' flag is provided.
apps/desktop/src/components/layout/Sidebar.tsx(54,13): error TS17004: Cannot use JSX unless the '--jsx' flag is provided.
apps/desktop/src/components/layout/Sidebar.tsx(59,11): error TS17004: Cannot use JSX unless the '--jsx' flag is provided.
apps/desktop/src/components/layout/Sidebar.tsx(62,11): error TS17004: Cannot use JSX unless the '--jsx' flag is provided.
apps/desktop/src/components/layout/Sidebar.tsx(65,11): error TS17004: Cannot use JSX unless the '--jsx' flag is provided.
apps/desktop/src/components/layout/Sidebar.tsx(70,9): error TS17004: Cannot use JSX unless the '--jsx' flag is provided.
apps/desktop/src/components/layout/Sidebar.tsx(72,13): error TS17004: Cannot use JSX unless the '--jsx' flag is provided.
apps/desktop/src/components/layout/Sidebar.tsx(80,15): error TS17004: Cannot use JSX unless the '--jsx' flag is provided.
apps/desktop/src/components/layout/Sidebar.tsx(81,15): error TS17004: Cannot use JSX unless the '--jsx' flag is provided.
apps/desktop/src/components/layout/Sidebar.tsx(85,17): error TS17004: Cannot use JSX unless the '--jsx' flag is provided.
apps/desktop/src/components/SaveResultModal.tsx(46,9): error TS17004: Cannot use JSX unless the '--jsx' flag is provided.
apps/desktop/src/components/SaveResultModal.tsx(50,13): error TS17004: Cannot use JSX unless the '--jsx' flag is provided.
apps/desktop/src/components/SaveResultModal.tsx(56,17): error TS17004: Cannot use JSX unless the '--jsx' flag is provided.
apps/desktop/src/components/SaveResultModal.tsx(57,21): error TS17004: Cannot use JSX unless the '--jsx' flag is provided.
apps/desktop/src/components/SaveResultModal.tsx(60,25): error TS17004: Cannot use JSX unless the '--jsx' flag is provided.
apps/desktop/src/components/SaveResultModal.tsx(61,29): error TS17004: Cannot use JSX unless the '--jsx' flag is provided.
apps/desktop/src/components/SaveResultModal.tsx(64,29): error TS17004: Cannot use JSX unless the '--jsx' flag is provided.
apps/desktop/src/components/SaveResultModal.tsx(65,78): error TS17004: Cannot use JSX unless the '--jsx' flag is provided.
apps/desktop/src/components/SaveResultModal.tsx(69,25): error TS17004: Cannot use JSX unless the '--jsx' flag is provided.
apps/desktop/src/components/SaveResultModal.tsx(70,29): error TS17004: Cannot use JSX unless the '--jsx' flag is provided.
apps/desktop/src/components/SaveResultModal.tsx(73,29): error TS17004: Cannot use JSX unless the '--jsx' flag is provided.
apps/desktop/src/components/SaveResultModal.tsx(78,17): error TS17004: Cannot use JSX unless the '--jsx' flag is provided.
apps/desktop/src/components/SaveResultModal.tsx(80,21): error TS17004: Cannot use JSX unless the '--jsx' flag is provided.
apps/desktop/src/components/SaveResultModal.tsx(81,25): error TS17004: Cannot use JSX unless the '--jsx' flag is provided.
apps/desktop/src/components/SaveResultModal.tsx(82,29): error TS17004: Cannot use JSX unless the '--jsx' flag is provided.
apps/desktop/src/components/SaveResultModal.tsx(83,29): error TS17004: Cannot use JSX unless the '--jsx' flag is provided.
apps/desktop/src/components/SaveResultModal.tsx(84,33): error TS17004: Cannot use JSX unless the '--jsx' flag is provided.
apps/desktop/src/components/SaveResultModal.tsx(87,29): error TS17004: Cannot use JSX unless the '--jsx' flag is provided.
apps/desktop/src/components/SaveResultModal.tsx(88,33): error TS17004: Cannot use JSX unless the '--jsx' flag is provided.
apps/desktop/src/components/SaveResultModal.tsx(94,25): error TS17004: Cannot use JSX unless the '--jsx' flag is provided.
apps/desktop/src/components/SaveResultModal.tsx(95,29): error TS17004: Cannot use JSX unless the '--jsx' flag is provided.
apps/desktop/src/components/SaveResultModal.tsx(96,29): error TS17004: Cannot use JSX unless the '--jsx' flag is provided.
apps/desktop/src/components/SaveResultModal.tsx(97,33): error TS17004: Cannot use JSX unless the '--jsx' flag is provided.
apps/desktop/src/components/SaveResultModal.tsx(104,25): error TS17004: Cannot use JSX unless the '--jsx' flag is provided.
apps/desktop/src/components/SaveResultModal.tsx(105,29): error TS17004: Cannot use JSX unless the '--jsx' flag is provided.
apps/desktop/src/components/SaveResultModal.tsx(106,29): error TS17004: Cannot use JSX unless the '--jsx' flag is provided.
apps/desktop/src/components/SaveResultModal.tsx(107,33): error TS17004: Cannot use JSX unless the '--jsx' flag is provided.
apps/desktop/src/components/SaveResultModal.tsx(108,33): error TS17004: Cannot use JSX unless the '--jsx' flag is provided.
apps/desktop/src/components/SaveResultModal.tsx(115,25): error TS17004: Cannot use JSX unless the '--jsx' flag is provided.
apps/desktop/src/components/SaveResultModal.tsx(116,29): error TS17004: Cannot use JSX unless the '--jsx' flag is provided.
apps/desktop/src/components/SaveResultModal.tsx(117,33): error TS17004: Cannot use JSX unless the '--jsx' flag is provided.
apps/desktop/src/components/SaveResultModal.tsx(119,29): error TS17004: Cannot use JSX unless the '--jsx' flag is provided.
apps/desktop/src/components/SaveResultModal.tsx(120,33): error TS17004: Cannot use JSX unless the '--jsx' flag is provided.
apps/desktop/src/components/SaveResultModal.tsx(122,29): error TS17004: Cannot use JSX unless the '--jsx' flag is provided.
apps/desktop/src/components/SaveResultModal.tsx(123,29): error TS17004: Cannot use JSX unless the '--jsx' flag is provided.
apps/desktop/src/components/SaveResultModal.tsx(131,25): error TS17004: Cannot use JSX unless the '--jsx' flag is provided.
apps/desktop/src/components/SaveResultModal.tsx(132,29): error TS17004: Cannot use JSX unless the '--jsx' flag is provided.
apps/desktop/src/components/SaveResultModal.tsx(133,29): error TS17004: Cannot use JSX unless the '--jsx' flag is provided.
apps/desktop/src/components/SaveResultModal.tsx(140,21): error TS17004: Cannot use JSX unless the '--jsx' flag is provided.
apps/desktop/src/components/ui/alert-dialog.tsx(3,20): error TS2307: Cannot find module '@/lib/utils' or its corresponding type declarations.
apps/desktop/src/components/ui/alert-dialog.tsx(15,5): error TS17004: Cannot use JSX unless the '--jsx' flag is provided.
apps/desktop/src/components/ui/alert-dialog.tsx(30,5): error TS17004: Cannot use JSX unless the '--jsx' flag is provided.
apps/desktop/src/components/ui/alert-dialog.tsx(31,9): error TS17004: Cannot use JSX unless the '--jsx' flag is provided.
apps/desktop/src/components/ui/alert-dialog.tsx(32,9): error TS17004: Cannot use JSX unless the '--jsx' flag is provided.
apps/desktop/src/components/ui/alert-dialog.tsx(48,5): error TS17004: Cannot use JSX unless the '--jsx' flag is provided.
apps/desktop/src/components/ui/alert-dialog.tsx(62,5): error TS17004: Cannot use JSX unless the '--jsx' flag is provided.
apps/desktop/src/components/ui/alert-dialog.tsx(76,5): error TS17004: Cannot use JSX unless the '--jsx' flag is provided.
apps/desktop/src/components/ui/alert-dialog.tsx(88,5): error TS17004: Cannot use JSX unless the '--jsx' flag is provided.
apps/desktop/src/components/ui/alert-dialog.tsx(101,5): error TS17004: Cannot use JSX unless the '--jsx' flag is provided.
apps/desktop/src/components/ui/alert-dialog.tsx(116,5): error TS17004: Cannot use JSX unless the '--jsx' flag is provided.
apps/desktop/src/components/ui/button.tsx(5,20): error TS2307: Cannot find module '@/lib/utils' or its corresponding type declarations.
apps/desktop/src/components/ui/button.tsx(46,7): error TS17004: Cannot use JSX unless the '--jsx' flag is provided.
apps/desktop/src/components/ui/card.tsx(3,20): error TS2307: Cannot find module '@/lib/utils' or its corresponding type declarations.
apps/desktop/src/components/ui/card.tsx(9,3): error TS17004: Cannot use JSX unless the '--jsx' flag is provided.
apps/desktop/src/components/ui/card.tsx(24,3): error TS17004: Cannot use JSX unless the '--jsx' flag is provided.
apps/desktop/src/components/ui/card.tsx(36,3): error TS17004: Cannot use JSX unless the '--jsx' flag is provided.
apps/desktop/src/components/ui/card.tsx(51,3): error TS17004: Cannot use JSX unless the '--jsx' flag is provided.
apps/desktop/src/components/ui/card.tsx(63,3): error TS17004: Cannot use JSX unless the '--jsx' flag is provided.
apps/desktop/src/components/ui/card.tsx(71,3): error TS17004: Cannot use JSX unless the '--jsx' flag is provided.
apps/desktop/src/components/ui/input.tsx(3,20): error TS2307: Cannot find module '@/lib/utils' or its corresponding type declarations.
apps/desktop/src/components/ui/input.tsx(11,7): error TS17004: Cannot use JSX unless the '--jsx' flag is provided.
apps/desktop/src/components/ui/label.tsx(5,20): error TS2307: Cannot find module '@/lib/utils' or its corresponding type declarations.
apps/desktop/src/components/ui/label.tsx(16,3): error TS17004: Cannot use JSX unless the '--jsx' flag is provided.
apps/desktop/src/components/ui/progress.tsx(4,20): error TS2307: Cannot find module '@/lib/utils' or its corresponding type declarations.
apps/desktop/src/components/ui/progress.tsx(10,3): error TS17004: Cannot use JSX unless the '--jsx' flag is provided.
apps/desktop/src/components/ui/progress.tsx(18,5): error TS17004: Cannot use JSX unless the '--jsx' flag is provided.
apps/desktop/src/components/ui/separator.tsx(4,20): error TS2307: Cannot find module '@/lib/utils' or its corresponding type declarations.
apps/desktop/src/components/ui/separator.tsx(14,5): error TS17004: Cannot use JSX unless the '--jsx' flag is provided.
apps/desktop/src/components/ui/sonner.tsx(7,9): error TS17004: Cannot use JSX unless the '--jsx' flag is provided.
apps/desktop/src/components/ui/tabs.tsx(4,20): error TS2307: Cannot find module '@/lib/utils' or its corresponding type declarations.
apps/desktop/src/components/ui/tabs.tsx(12,3): error TS17004: Cannot use JSX unless the '--jsx' flag is provided.
apps/desktop/src/components/ui/tabs.tsx(27,3): error TS17004: Cannot use JSX unless the '--jsx' flag is provided.
apps/desktop/src/components/ui/tabs.tsx(42,3): error TS17004: Cannot use JSX unless the '--jsx' flag is provided.
apps/desktop/src/components/ui/textarea.tsx(3,20): error TS2307: Cannot find module '@/lib/utils' or its corresponding type declarations.
apps/desktop/src/components/ui/textarea.tsx(11,7): error TS17004: Cannot use JSX unless the '--jsx' flag is provided.
apps/desktop/src/hooks/useAppInitialize.ts(2,20): error TS2307: Cannot find module '@/services/database' or its corresponding type declarations.
apps/desktop/src/hooks/useAppInitialize.ts(53,52): error TS2307: Cannot find module '@/store/characterStore' or its corresponding type declarations.
apps/desktop/src/hooks/useAppInitialize.ts(54,48): error TS2307: Cannot find module '@/store/diaryStore' or its corresponding type declarations.
apps/desktop/src/hooks/useAppInitialize.ts(55,48): error TS2307: Cannot find module '@/store/questStore' or its corresponding type declarations.
apps/desktop/src/hooks/useAppInitialize.ts(56,49): error TS2307: Cannot find module '@/store/reportStore' or its corresponding type declarations.
apps/desktop/src/hooks/useAppInitialize.ts(57,48): error TS2307: Cannot find module '@/store/storyStore' or its corresponding type declarations.
apps/desktop/src/lib/tauri.ts(5,37): error TS2304: Cannot find name 'window'.
apps/desktop/src/lib/tauri.ts(5,82): error TS2304: Cannot find name 'window'.
apps/desktop/src/lib/tauri.ts(50,12): error TS2304: Cannot find name 'window'.
apps/desktop/src/lib/tauri.ts(60,12): error TS2304: Cannot find name 'alert'.
apps/desktop/src/main.tsx(3,17): error TS6142: Module './App' was resolved to 'C:/Users/meteo/Documents/GitHub/diary_quest/apps/desktop/src/App.tsx', but '--jsx' is not set.
apps/desktop/src/main.tsx(4,31): error TS6142: Module './components/ErrorBoundary' was resolved to 'C:/Users/meteo/Documents/GitHub/diary_quest/apps/desktop/src/components/ErrorBoundary.tsx', but '--jsx' is not set.
apps/desktop/src/main.tsx(7,21): error TS2584: Cannot find name 'document'. Do you need to change your target library? Try changing the 'lib' compiler option to include 'dom'.
apps/desktop/src/main.tsx(8,3): error TS17004: Cannot use JSX unless the '--jsx' flag is provided.
apps/desktop/src/main.tsx(9,5): error TS17004: Cannot use JSX unless the '--jsx' flag is provided.
apps/desktop/src/main.tsx(10,7): error TS17004: Cannot use JSX unless the '--jsx' flag is provided.
apps/desktop/src/pages/CharacterPage.tsx(2,35): error TS2307: Cannot find module '@/store/characterStore' or its corresponding type declarations.
apps/desktop/src/pages/CharacterPage.tsx(3,34): error TS2307: Cannot find module '@/store/settingsStore' or its corresponding type declarations.
apps/desktop/src/pages/CharacterPage.tsx(4,31): error TS2307: Cannot find module '@/store/worldStore' or its corresponding type declarations.
apps/desktop/src/pages/CharacterPage.tsx(20,8): error TS2307: Cannot find module '@/components/ui/alert-dialog' or its corresponding type declarations.
apps/desktop/src/pages/CharacterPage.tsx(93,19): error TS2304: Cannot find name 'localStorage'.
apps/desktop/src/pages/CharacterPage.tsx(131,13): error TS2339: Property 'name' does not exist on type 'EventTarget & (HTMLInputElement | HTMLSelectElement)'.
apps/desktop/src/pages/CharacterPage.tsx(131,19): error TS2339: Property 'value' does not exist on type 'EventTarget & (HTMLInputElement | HTMLSelectElement)'.
apps/desktop/src/pages/CharacterPage.tsx(144,13): error TS2339: Property 'name' does not exist on type 'EventTarget & (HTMLInputElement | HTMLTextAreaElement)'.
apps/desktop/src/pages/CharacterPage.tsx(144,19): error TS2339: Property 'value' does not exist on type 'EventTarget & (HTMLInputElement | HTMLTextAreaElement)'.
apps/desktop/src/pages/CharacterPage.tsx(257,5): error TS2304: Cannot find name 'localStorage'.
apps/desktop/src/pages/CharacterPage.tsx(294,7): error TS2304: Cannot find name 'localStorage'.
apps/desktop/src/pages/CharacterPage.tsx(312,7): error TS2304: Cannot find name 'localStorage'.
apps/desktop/src/pages/CharacterPage.tsx(374,57): error TS7006: Parameter 'm' implicitly has an 'any' type.
apps/desktop/src/pages/CharacterPage.tsx(386,57): error TS7006: Parameter 'm' implicitly has an 'any' type.
apps/desktop/src/pages/CharacterPage.tsx(407,57): error TS7006: Parameter 'm' implicitly has an 'any' type.
apps/desktop/src/pages/CharacterPage.tsx(428,67): error TS7006: Parameter 'm' implicitly has an 'any' type.
apps/desktop/src/pages/CharacterPage.tsx(496,58): error TS7006: Parameter 'm' implicitly has an 'any' type.
apps/desktop/src/pages/CharacterPage.tsx(499,35): error TS7006: Parameter 'm' implicitly has an 'any' type.
apps/desktop/src/pages/CharacterPage.tsx(501,35): error TS7006: Parameter 'm' implicitly has an 'any' type.
apps/desktop/src/pages/CharacterPage.tsx(505,27): error TS7006: Parameter 'a' implicitly has an 'any' type.
apps/desktop/src/pages/CharacterPage.tsx(505,30): error TS7006: Parameter 'b' implicitly has an 'any' type.
apps/desktop/src/pages/CharacterPage.tsx(517,58): error TS7006: Parameter 'm' implicitly has an 'any' type.
apps/desktop/src/pages/CharacterPage.tsx(520,31): error TS7006: Parameter 'm' implicitly has an 'any' type.
apps/desktop/src/pages/CharacterPage.tsx(521,33): error TS7006: Parameter 'm' implicitly has an 'any' type.
apps/desktop/src/pages/CharacterPage.tsx(527,7): error TS17004: Cannot use JSX unless the '--jsx' flag is provided.
apps/desktop/src/pages/CharacterPage.tsx(528,9): error TS17004: Cannot use JSX unless the '--jsx' flag is provided.
apps/desktop/src/pages/CharacterPage.tsx(529,9): error TS17004: Cannot use JSX unless the '--jsx' flag is provided.
apps/desktop/src/pages/CharacterPage.tsx(530,11): error TS17004: Cannot use JSX unless the '--jsx' flag is provided.
apps/desktop/src/pages/CharacterPage.tsx(531,11): error TS17004: Cannot use JSX unless the '--jsx' flag is provided.
apps/desktop/src/pages/CharacterPage.tsx(539,7): error TS17004: Cannot use JSX unless the '--jsx' flag is provided.
apps/desktop/src/pages/CharacterPage.tsx(540,9): error TS17004: Cannot use JSX unless the '--jsx' flag is provided.
apps/desktop/src/pages/CharacterPage.tsx(544,9): error TS17004: Cannot use JSX unless the '--jsx' flag is provided.
apps/desktop/src/pages/CharacterPage.tsx(545,11): error TS17004: Cannot use JSX unless the '--jsx' flag is provided.
apps/desktop/src/pages/CharacterPage.tsx(547,11): error TS17004: Cannot use JSX unless the '--jsx' flag is provided.
apps/desktop/src/pages/CharacterPage.tsx(548,23): error TS17004: Cannot use JSX unless the '--jsx' flag is provided.
apps/desktop/src/pages/CharacterPage.tsx(551,11): error TS17004: Cannot use JSX unless the '--jsx' flag is provided.
apps/desktop/src/pages/CharacterPage.tsx(552,13): error TS17004: Cannot use JSX unless the '--jsx' flag is provided.
apps/desktop/src/pages/CharacterPage.tsx(553,15): error TS17004: Cannot use JSX unless the '--jsx' flag is provided.
apps/desktop/src/pages/CharacterPage.tsx(556,15): error TS17004: Cannot use JSX unless the '--jsx' flag is provided.
apps/desktop/src/pages/CharacterPage.tsx(566,13): error TS17004: Cannot use JSX unless the '--jsx' flag is provided.
apps/desktop/src/pages/CharacterPage.tsx(567,15): error TS17004: Cannot use JSX unless the '--jsx' flag is provided.
apps/desktop/src/pages/CharacterPage.tsx(570,15): error TS17004: Cannot use JSX unless the '--jsx' flag is provided.
apps/desktop/src/pages/CharacterPage.tsx(572,19): error TS17004: Cannot use JSX unless the '--jsx' flag is provided.
apps/desktop/src/pages/CharacterPage.tsx(581,21): error TS17004: Cannot use JSX unless the '--jsx' flag is provided.
apps/desktop/src/pages/CharacterPage.tsx(582,23): error TS17004: Cannot use JSX unless the '--jsx' flag is provided.
apps/desktop/src/pages/CharacterPage.tsx(583,23): error TS17004: Cannot use JSX unless the '--jsx' flag is provided.
apps/desktop/src/pages/CharacterPage.tsx(584,25): error TS17004: Cannot use JSX unless the '--jsx' flag is provided.
apps/desktop/src/pages/CharacterPage.tsx(587,25): error TS17004: Cannot use JSX unless the '--jsx' flag is provided.
apps/desktop/src/pages/CharacterPage.tsx(591,27): error TS17004: Cannot use JSX unless the '--jsx' flag is provided.
apps/desktop/src/pages/CharacterPage.tsx(593,31): error TS17004: Cannot use JSX unless the '--jsx' flag is provided.
apps/desktop/src/pages/CharacterPage.tsx(609,19): error TS17004: Cannot use JSX unless the '--jsx' flag is provided.
apps/desktop/src/pages/CharacterPage.tsx(616,21): error TS17004: Cannot use JSX unless the '--jsx' flag is provided.
apps/desktop/src/pages/CharacterPage.tsx(621,23): error TS17004: Cannot use JSX unless the '--jsx' flag is provided.
apps/desktop/src/pages/CharacterPage.tsx(622,25): error TS17004: Cannot use JSX unless the '--jsx' flag is provided.
apps/desktop/src/pages/CharacterPage.tsx(623,25): error TS17004: Cannot use JSX unless the '--jsx' flag is provided.
apps/desktop/src/pages/CharacterPage.tsx(624,27): error TS17004: Cannot use JSX unless the '--jsx' flag is provided.
apps/desktop/src/pages/CharacterPage.tsx(626,29): error TS17004: Cannot use JSX unless the '--jsx' flag is provided.
apps/desktop/src/pages/CharacterPage.tsx(628,27): error TS17004: Cannot use JSX unless the '--jsx' flag is provided.
apps/desktop/src/pages/CharacterPage.tsx(632,29): error TS17004: Cannot use JSX unless the '--jsx' flag is provided.
apps/desktop/src/pages/CharacterPage.tsx(634,33): error TS17004: Cannot use JSX unless the '--jsx' flag is provided.
apps/desktop/src/pages/CharacterPage.tsx(647,21): error TS17004: Cannot use JSX unless the '--jsx' flag is provided.
apps/desktop/src/pages/CharacterPage.tsx(648,23): error TS17004: Cannot use JSX unless the '--jsx' flag is provided.
apps/desktop/src/pages/CharacterPage.tsx(658,23): error TS17004: Cannot use JSX unless the '--jsx' flag is provided.
apps/desktop/src/pages/CharacterPage.tsx(671,19): error TS17004: Cannot use JSX unless the '--jsx' flag is provided.
apps/desktop/src/pages/CharacterPage.tsx(679,21): error TS17004: Cannot use JSX unless the '--jsx' flag is provided.
apps/desktop/src/pages/CharacterPage.tsx(680,23): error TS17004: Cannot use JSX unless the '--jsx' flag is provided.
apps/desktop/src/pages/CharacterPage.tsx(681,25): error TS17004: Cannot use JSX unless the '--jsx' flag is provided.
apps/desktop/src/pages/CharacterPage.tsx(683,23): error TS17004: Cannot use JSX unless the '--jsx' flag is provided.
apps/desktop/src/pages/CharacterPage.tsx(684,25): error TS17004: Cannot use JSX unless the '--jsx' flag is provided.
apps/desktop/src/pages/CharacterPage.tsx(685,25): error TS17004: Cannot use JSX unless the '--jsx' flag is provided.
apps/desktop/src/pages/CharacterPage.tsx(693,13): error TS17004: Cannot use JSX unless the '--jsx' flag is provided.
apps/desktop/src/pages/CharacterPage.tsx(697,15): error TS17004: Cannot use JSX unless the '--jsx' flag is provided.
apps/desktop/src/pages/CharacterPage.tsx(698,15): error TS17004: Cannot use JSX unless the '--jsx' flag is provided.
apps/desktop/src/pages/CharacterPage.tsx(699,17): error TS17004: Cannot use JSX unless the '--jsx' flag is provided.
apps/desktop/src/pages/CharacterPage.tsx(707,11): error TS17004: Cannot use JSX unless the '--jsx' flag is provided.
apps/desktop/src/pages/CharacterPage.tsx(711,13): error TS17004: Cannot use JSX unless the '--jsx' flag is provided.
apps/desktop/src/pages/CharacterPage.tsx(712,15): error TS17004: Cannot use JSX unless the '--jsx' flag is provided.
apps/desktop/src/pages/CharacterPage.tsx(713,17): error TS17004: Cannot use JSX unless the '--jsx' flag is provided.
apps/desktop/src/pages/CharacterPage.tsx(717,15): error TS17004: Cannot use JSX unless the '--jsx' flag is provided.
apps/desktop/src/pages/CharacterPage.tsx(718,17): error TS17004: Cannot use JSX unless the '--jsx' flag is provided.
apps/desktop/src/pages/CharacterPage.tsx(719,19): error TS17004: Cannot use JSX unless the '--jsx' flag is provided.
apps/desktop/src/pages/CharacterPage.tsx(722,19): error TS17004: Cannot use JSX unless the '--jsx' flag is provided.
apps/desktop/src/pages/CharacterPage.tsx(734,19): error TS17004: Cannot use JSX unless the '--jsx' flag is provided.
apps/desktop/src/pages/CharacterPage.tsx(741,23): error TS17004: Cannot use JSX unless the '--jsx' flag is provided.
apps/desktop/src/pages/CharacterPage.tsx(742,25): error TS17004: Cannot use JSX unless the '--jsx' flag is provided.
apps/desktop/src/pages/CharacterPage.tsx(743,25): error TS17004: Cannot use JSX unless the '--jsx' flag is provided.
apps/desktop/src/pages/CharacterPage.tsx(746,23): error TS17004: Cannot use JSX unless the '--jsx' flag is provided.
apps/desktop/src/pages/CharacterPage.tsx(747,25): error TS17004: Cannot use JSX unless the '--jsx' flag is provided.
apps/desktop/src/pages/CharacterPage.tsx(753,19): error TS17004: Cannot use JSX unless the '--jsx' flag is provided.
apps/desktop/src/pages/CharacterPage.tsx(754,21): error TS17004: Cannot use JSX unless the '--jsx' flag is provided.
apps/desktop/src/pages/CharacterPage.tsx(755,23): error TS17004: Cannot use JSX unless the '--jsx' flag is provided.
apps/desktop/src/pages/CharacterPage.tsx(757,21): error TS17004: Cannot use JSX unless the '--jsx' flag is provided.
apps/desktop/src/pages/CharacterPage.tsx(759,25): error TS17004: Cannot use JSX unless the '--jsx' flag is provided.
apps/desktop/src/pages/CharacterPage.tsx(760,27): error TS17004: Cannot use JSX unless the '--jsx' flag is provided.
apps/desktop/src/pages/CharacterPage.tsx(762,29): error TS17004: Cannot use JSX unless the '--jsx' flag is provided.
apps/desktop/src/pages/CharacterPage.tsx(770,29): error TS17004: Cannot use JSX unless the '--jsx' flag is provided.
apps/desktop/src/pages/CharacterPage.tsx(775,25): error TS17004: Cannot use JSX unless the '--jsx' flag is provided.
apps/desktop/src/pages/CharacterPage.tsx(776,27): error TS17004: Cannot use JSX unless the '--jsx' flag is provided.
apps/desktop/src/pages/CharacterPage.tsx(778,29): error TS17004: Cannot use JSX unless the '--jsx' flag is provided.
apps/desktop/src/pages/CharacterPage.tsx(786,29): error TS17004: Cannot use JSX unless the '--jsx' flag is provided.
apps/desktop/src/pages/CharacterPage.tsx(794,17): error TS17004: Cannot use JSX unless the '--jsx' flag is provided.
apps/desktop/src/pages/CharacterPage.tsx(795,19): error TS17004: Cannot use JSX unless the '--jsx' flag is provided.
apps/desktop/src/pages/CharacterPage.tsx(798,19): error TS17004: Cannot use JSX unless the '--jsx' flag is provided.
apps/desktop/src/pages/CharacterPage.tsx(808,17): error TS17004: Cannot use JSX unless the '--jsx' flag is provided.
apps/desktop/src/pages/CharacterPage.tsx(809,19): error TS17004: Cannot use JSX unless the '--jsx' flag is provided.
apps/desktop/src/pages/CharacterPage.tsx(810,21): error TS17004: Cannot use JSX unless the '--jsx' flag is provided.
apps/desktop/src/pages/CharacterPage.tsx(813,21): error TS17004: Cannot use JSX unless the '--jsx' flag is provided.
apps/desktop/src/pages/CharacterPage.tsx(823,19): error TS17004: Cannot use JSX unless the '--jsx' flag is provided.
apps/desktop/src/pages/CharacterPage.tsx(824,21): error TS17004: Cannot use JSX unless the '--jsx' flag is provided.
apps/desktop/src/pages/CharacterPage.tsx(827,21): error TS17004: Cannot use JSX unless the '--jsx' flag is provided.
apps/desktop/src/pages/CharacterPage.tsx(829,25): error TS17004: Cannot use JSX unless the '--jsx' flag is provided.
apps/desktop/src/pages/CharacterPage.tsx(833,80): error TS2339: Property 'value' does not exist on type 'EventTarget & HTMLInputElement'.
apps/desktop/src/pages/CharacterPage.tsx(842,17): error TS17004: Cannot use JSX unless the '--jsx' flag is provided.
apps/desktop/src/pages/CharacterPage.tsx(843,19): error TS17004: Cannot use JSX unless the '--jsx' flag is provided.
apps/desktop/src/pages/CharacterPage.tsx(852,19): error TS17004: Cannot use JSX unless the '--jsx' flag is provided.
apps/desktop/src/pages/CharacterPage.tsx(874,5): error TS17004: Cannot use JSX unless the '--jsx' flag is provided.
apps/desktop/src/pages/CharacterPage.tsx(875,7): error TS17004: Cannot use JSX unless the '--jsx' flag is provided.
apps/desktop/src/pages/CharacterPage.tsx(877,7): error TS17004: Cannot use JSX unless the '--jsx' flag is provided.
apps/desktop/src/pages/CharacterPage.tsx(879,9): error TS17004: Cannot use JSX unless the '--jsx' flag is provided.
apps/desktop/src/pages/CharacterPage.tsx(880,11): error TS17004: Cannot use JSX unless the '--jsx' flag is provided.
apps/desktop/src/pages/CharacterPage.tsx(881,13): error TS17004: Cannot use JSX unless the '--jsx' flag is provided.
apps/desktop/src/pages/CharacterPage.tsx(883,11): error TS17004: Cannot use JSX unless the '--jsx' flag is provided.
apps/desktop/src/pages/CharacterPage.tsx(884,13): error TS17004: Cannot use JSX unless the '--jsx' flag is provided.
apps/desktop/src/pages/CharacterPage.tsx(885,15): error TS17004: Cannot use JSX unless the '--jsx' flag is provided.
apps/desktop/src/pages/CharacterPage.tsx(886,15): error TS17004: Cannot use JSX unless the '--jsx' flag is provided.
apps/desktop/src/pages/CharacterPage.tsx(888,13): error TS17004: Cannot use JSX unless the '--jsx' flag is provided.
apps/desktop/src/pages/CharacterPage.tsx(889,15): error TS17004: Cannot use JSX unless the '--jsx' flag is provided.
apps/desktop/src/pages/CharacterPage.tsx(890,15): error TS17004: Cannot use JSX unless the '--jsx' flag is provided.
apps/desktop/src/pages/CharacterPage.tsx(892,13): error TS17004: Cannot use JSX unless the '--jsx' flag is provided.
apps/desktop/src/pages/CharacterPage.tsx(893,15): error TS17004: Cannot use JSX unless the '--jsx' flag is provided.
apps/desktop/src/pages/CharacterPage.tsx(894,15): error TS17004: Cannot use JSX unless the '--jsx' flag is provided.
apps/desktop/src/pages/CharacterPage.tsx(896,13): error TS17004: Cannot use JSX unless the '--jsx' flag is provided.
apps/desktop/src/pages/CharacterPage.tsx(897,15): error TS17004: Cannot use JSX unless the '--jsx' flag is provided.
apps/desktop/src/pages/CharacterPage.tsx(898,15): error TS17004: Cannot use JSX unless the '--jsx' flag is provided.
apps/desktop/src/pages/CharacterPage.tsx(904,9): error TS17004: Cannot use JSX unless the '--jsx' flag is provided.
apps/desktop/src/pages/CharacterPage.tsx(905,11): error TS17004: Cannot use JSX unless the '--jsx' flag is provided.
apps/desktop/src/pages/CharacterPage.tsx(906,13): error TS17004: Cannot use JSX unless the '--jsx' flag is provided.
apps/desktop/src/pages/CharacterPage.tsx(908,11): error TS17004: Cannot use JSX unless the '--jsx' flag is provided.
apps/desktop/src/pages/CharacterPage.tsx(909,13): error TS17004: Cannot use JSX unless the '--jsx' flag is provided.
apps/desktop/src/pages/CharacterPage.tsx(910,15): error TS17004: Cannot use JSX unless the '--jsx' flag is provided.
apps/desktop/src/pages/CharacterPage.tsx(911,15): error TS17004: Cannot use JSX unless the '--jsx' flag is provided.
apps/desktop/src/pages/CharacterPage.tsx(913,13): error TS17004: Cannot use JSX unless the '--jsx' flag is provided.
apps/desktop/src/pages/CharacterPage.tsx(914,15): error TS17004: Cannot use JSX unless the '--jsx' flag is provided.
apps/desktop/src/pages/CharacterPage.tsx(915,17): error TS17004: Cannot use JSX unless the '--jsx' flag is provided.
apps/desktop/src/pages/CharacterPage.tsx(916,17): error TS17004: Cannot use JSX unless the '--jsx' flag is provided.
apps/desktop/src/pages/CharacterPage.tsx(917,41): error TS17004: Cannot use JSX unless the '--jsx' flag is provided.
apps/desktop/src/pages/CharacterPage.tsx(920,15): error TS17004: Cannot use JSX unless the '--jsx' flag is provided.
apps/desktop/src/pages/CharacterPage.tsx(921,17): error TS17004: Cannot use JSX unless the '--jsx' flag is provided.
apps/desktop/src/pages/CharacterPage.tsx(931,9): error TS17004: Cannot use JSX unless the '--jsx' flag is provided.
apps/desktop/src/pages/CharacterPage.tsx(932,11): error TS17004: Cannot use JSX unless the '--jsx' flag is provided.
apps/desktop/src/pages/CharacterPage.tsx(933,13): error TS17004: Cannot use JSX unless the '--jsx' flag is provided.
apps/desktop/src/pages/CharacterPage.tsx(935,11): error TS17004: Cannot use JSX unless the '--jsx' flag is provided.
apps/desktop/src/pages/CharacterPage.tsx(936,13): error TS17004: Cannot use JSX unless the '--jsx' flag is provided.
apps/desktop/src/pages/CharacterPage.tsx(937,15): error TS17004: Cannot use JSX unless the '--jsx' flag is provided.
apps/desktop/src/pages/CharacterPage.tsx(938,17): error TS17004: Cannot use JSX unless the '--jsx' flag is provided.
apps/desktop/src/pages/CharacterPage.tsx(939,17): error TS17004: Cannot use JSX unless the '--jsx' flag is provided.
apps/desktop/src/pages/CharacterPage.tsx(943,15): error TS17004: Cannot use JSX unless the '--jsx' flag is provided.
apps/desktop/src/pages/CharacterPage.tsx(944,17): error TS17004: Cannot use JSX unless the '--jsx' flag is provided.
apps/desktop/src/pages/CharacterPage.tsx(950,13): error TS17004: Cannot use JSX unless the '--jsx' flag is provided.
apps/desktop/src/pages/CharacterPage.tsx(951,15): error TS17004: Cannot use JSX unless the '--jsx' flag is provided.
apps/desktop/src/pages/CharacterPage.tsx(952,17): error TS17004: Cannot use JSX unless the '--jsx' flag is provided.
apps/desktop/src/pages/CharacterPage.tsx(953,17): error TS17004: Cannot use JSX unless the '--jsx' flag is provided.
apps/desktop/src/pages/CharacterPage.tsx(957,15): error TS17004: Cannot use JSX unless the '--jsx' flag is provided.
apps/desktop/src/pages/CharacterPage.tsx(958,17): error TS17004: Cannot use JSX unless the '--jsx' flag is provided.
apps/desktop/src/pages/CharacterPage.tsx(964,13): error TS17004: Cannot use JSX unless the '--jsx' flag is provided.
apps/desktop/src/pages/CharacterPage.tsx(965,15): error TS17004: Cannot use JSX unless the '--jsx' flag is provided.
apps/desktop/src/pages/CharacterPage.tsx(966,17): error TS17004: Cannot use JSX unless the '--jsx' flag is provided.
apps/desktop/src/pages/CharacterPage.tsx(967,17): error TS17004: Cannot use JSX unless the '--jsx' flag is provided.
apps/desktop/src/pages/CharacterPage.tsx(971,15): error TS17004: Cannot use JSX unless the '--jsx' flag is provided.
apps/desktop/src/pages/CharacterPage.tsx(972,17): error TS17004: Cannot use JSX unless the '--jsx' flag is provided.
apps/desktop/src/pages/CharacterPage.tsx(978,13): error TS17004: Cannot use JSX unless the '--jsx' flag is provided.
apps/desktop/src/pages/CharacterPage.tsx(987,17): error TS17004: Cannot use JSX unless the '--jsx' flag is provided.
apps/desktop/src/pages/CharacterPage.tsx(988,19): error TS17004: Cannot use JSX unless the '--jsx' flag is provided.
apps/desktop/src/pages/CharacterPage.tsx(989,19): error TS17004: Cannot use JSX unless the '--jsx' flag is provided.
apps/desktop/src/pages/CharacterPage.tsx(997,9): error TS17004: Cannot use JSX unless the '--jsx' flag is provided.
apps/desktop/src/pages/CharacterPage.tsx(998,11): error TS17004: Cannot use JSX unless the '--jsx' flag is provided.
apps/desktop/src/pages/CharacterPage.tsx(999,13): error TS17004: Cannot use JSX unless the '--jsx' flag is provided.
apps/desktop/src/pages/CharacterPage.tsx(1001,11): error TS17004: Cannot use JSX unless the '--jsx' flag is provided.
apps/desktop/src/pages/CharacterPage.tsx(1002,13): error TS17004: Cannot use JSX unless the '--jsx' flag is provided.
apps/desktop/src/pages/CharacterPage.tsx(1003,15): error TS17004: Cannot use JSX unless the '--jsx' flag is provided.
apps/desktop/src/pages/CharacterPage.tsx(1004,15): error TS17004: Cannot use JSX unless the '--jsx' flag is provided.
apps/desktop/src/pages/CharacterPage.tsx(1005,17): error TS17004: Cannot use JSX unless the '--jsx' flag is provided.
apps/desktop/src/pages/CharacterPage.tsx(1006,17): error TS17004: Cannot use JSX unless the '--jsx' flag is provided.
apps/desktop/src/pages/CharacterPage.tsx(1009,13): error TS17004: Cannot use JSX unless the '--jsx' flag is provided.
apps/desktop/src/pages/CharacterPage.tsx(1010,15): error TS17004: Cannot use JSX unless the '--jsx' flag is provided.
apps/desktop/src/pages/CharacterPage.tsx(1011,15): error TS17004: Cannot use JSX unless the '--jsx' flag is provided.
apps/desktop/src/pages/CharacterPage.tsx(1012,17): error TS17004: Cannot use JSX unless the '--jsx' flag is provided.
apps/desktop/src/pages/CharacterPage.tsx(1013,17): error TS17004: Cannot use JSX unless the '--jsx' flag is provided.
apps/desktop/src/pages/CharacterPage.tsx(1020,9): error TS17004: Cannot use JSX unless the '--jsx' flag is provided.
apps/desktop/src/pages/CharacterPage.tsx(1021,11): error TS17004: Cannot use JSX unless the '--jsx' flag is provided.
apps/desktop/src/pages/CharacterPage.tsx(1022,13): error TS17004: Cannot use JSX unless the '--jsx' flag is provided.
apps/desktop/src/pages/CharacterPage.tsx(1024,11): error TS17004: Cannot use JSX unless the '--jsx' flag is provided.
apps/desktop/src/pages/CharacterPage.tsx(1031,15): error TS17004: Cannot use JSX unless the '--jsx' flag is provided.
apps/desktop/src/pages/CharacterPage.tsx(1032,17): error TS17004: Cannot use JSX unless the '--jsx' flag is provided.
apps/desktop/src/pages/CharacterPage.tsx(1033,19): error TS17004: Cannot use JSX unless the '--jsx' flag is provided.
apps/desktop/src/pages/CharacterPage.tsx(1034,19): error TS17004: Cannot use JSX unless the '--jsx' flag is provided.
apps/desktop/src/pages/CharacterPage.tsx(1035,21): error TS17004: Cannot use JSX unless the '--jsx' flag is provided.
apps/desktop/src/pages/CharacterPage.tsx(1036,23): error TS17004: Cannot use JSX unless the '--jsx' flag is provided.
apps/desktop/src/pages/CharacterPage.tsx(1040,25): error TS17004: Cannot use JSX unless the '--jsx' flag is provided.
apps/desktop/src/pages/CharacterPage.tsx(1053,21): error TS17004: Cannot use JSX unless the '--jsx' flag is provided.
apps/desktop/src/pages/CharacterPage.tsx(1055,23): error TS17004: Cannot use JSX unless the '--jsx' flag is provided.
apps/desktop/src/pages/CharacterPage.tsx(1056,25): error TS17004: Cannot use JSX unless the '--jsx' flag is provided.
apps/desktop/src/pages/CharacterPage.tsx(1057,25): error TS17004: Cannot use JSX unless the '--jsx' flag is provided.
apps/desktop/src/pages/CharacterPage.tsx(1059,29): error TS17004: Cannot use JSX unless the '--jsx' flag is provided.
apps/desktop/src/pages/CharacterPage.tsx(1060,115): error TS2322: Type '{}' is not assignable to type 'ReactNode'.
apps/desktop/src/pages/CharacterPage.tsx(1074,9): error TS17004: Cannot use JSX unless the '--jsx' flag is provided.
apps/desktop/src/pages/CharacterPage.tsx(1075,11): error TS17004: Cannot use JSX unless the '--jsx' flag is provided.
apps/desktop/src/pages/CharacterPage.tsx(1076,13): error TS17004: Cannot use JSX unless the '--jsx' flag is provided.
apps/desktop/src/pages/CharacterPage.tsx(1078,11): error TS17004: Cannot use JSX unless the '--jsx' flag is provided.
apps/desktop/src/pages/CharacterPage.tsx(1085,15): error TS17004: Cannot use JSX unless the '--jsx' flag is provided.
apps/desktop/src/pages/CharacterPage.tsx(1086,17): error TS17004: Cannot use JSX unless the '--jsx' flag is provided.
apps/desktop/src/pages/CharacterPage.tsx(1089,17): error TS17004: Cannot use JSX unless the '--jsx' flag is provided.
apps/desktop/src/pages/CharacterPage.tsx(1096,9): error TS17004: Cannot use JSX unless the '--jsx' flag is provided.
apps/desktop/src/pages/CharacterPage.tsx(1097,11): error TS17004: Cannot use JSX unless the '--jsx' flag is provided.
apps/desktop/src/pages/CharacterPage.tsx(1098,13): error TS17004: Cannot use JSX unless the '--jsx' flag is provided.
apps/desktop/src/pages/CharacterPage.tsx(1100,11): error TS17004: Cannot use JSX unless the '--jsx' flag is provided.
apps/desktop/src/pages/CharacterPage.tsx(1101,13): error TS17004: Cannot use JSX unless the '--jsx' flag is provided.
apps/desktop/src/pages/CharacterPage.tsx(1102,15): error TS17004: Cannot use JSX unless the '--jsx' flag is provided.
apps/desktop/src/pages/CharacterPage.tsx(1103,17): error TS17004: Cannot use JSX unless the '--jsx' flag is provided.
apps/desktop/src/pages/CharacterPage.tsx(1104,17): error TS17004: Cannot use JSX unless the '--jsx' flag is provided.
apps/desktop/src/pages/CharacterPage.tsx(1111,17): error TS17004: Cannot use JSX unless the '--jsx' flag is provided.
apps/desktop/src/pages/CharacterPage.tsx(1118,17): error TS17004: Cannot use JSX unless the '--jsx' flag is provided.
apps/desktop/src/pages/CharacterPage.tsx(1128,17): error TS17004: Cannot use JSX unless the '--jsx' flag is provided.
apps/desktop/src/pages/CharacterPage.tsx(1130,21): error TS17004: Cannot use JSX unless the '--jsx' flag is provided.
apps/desktop/src/pages/CharacterPage.tsx(1143,9): error TS17004: Cannot use JSX unless the '--jsx' flag is provided.
apps/desktop/src/pages/CharacterPage.tsx(1144,11): error TS17004: Cannot use JSX unless the '--jsx' flag is provided.
apps/desktop/src/pages/CharacterPage.tsx(1145,13): error TS17004: Cannot use JSX unless the '--jsx' flag is provided.
apps/desktop/src/pages/CharacterPage.tsx(1146,15): error TS17004: Cannot use JSX unless the '--jsx' flag is provided.
apps/desktop/src/pages/CharacterPage.tsx(1148,13): error TS17004: Cannot use JSX unless the '--jsx' flag is provided.
apps/desktop/src/pages/CharacterPage.tsx(1149,15): error TS17004: Cannot use JSX unless the '--jsx' flag is provided.
apps/desktop/src/pages/CharacterPage.tsx(1150,21): error TS17004: Cannot use JSX unless the '--jsx' flag is provided.
apps/desktop/src/pages/CharacterPage.tsx(1151,17): error TS17004: Cannot use JSX unless the '--jsx' flag is provided.
apps/desktop/src/pages/CharacterPage.tsx(1152,20): error TS17004: Cannot use JSX unless the '--jsx' flag is provided.
apps/desktop/src/pages/CharacterPage.tsx(1153,17): error TS17004: Cannot use JSX unless the '--jsx' flag is provided.
apps/desktop/src/pages/CharacterPage.tsx(1154,21): error TS17004: Cannot use JSX unless the '--jsx' flag is provided.
apps/desktop/src/pages/CharacterPage.tsx(1159,11): error TS17004: Cannot use JSX unless the '--jsx' flag is provided.
apps/desktop/src/pages/CharacterPage.tsx(1164,11): error TS17004: Cannot use JSX unless the '--jsx' flag is provided.
apps/desktop/src/pages/CharacterPage.tsx(1165,13): error TS17004: Cannot use JSX unless the '--jsx' flag is provided.
apps/desktop/src/pages/CharacterPage.tsx(1174,13): error TS17004: Cannot use JSX unless the '--jsx' flag is provided.
apps/desktop/src/pages/CharacterPage.tsx(1183,13): error TS17004: Cannot use JSX unless the '--jsx' flag is provided.
apps/desktop/src/pages/CharacterPage.tsx(1192,13): error TS17004: Cannot use JSX unless the '--jsx' flag is provided.
apps/desktop/src/pages/CharacterPage.tsx(1202,13): error TS17004: Cannot use JSX unless the '--jsx' flag is provided.
apps/desktop/src/pages/CharacterPage.tsx(1203,15): error TS17004: Cannot use JSX unless the '--jsx' flag is provided.
apps/desktop/src/pages/CharacterPage.tsx(1204,17): error TS17004: Cannot use JSX unless the '--jsx' flag is provided.
apps/desktop/src/pages/CharacterPage.tsx(1206,15): error TS17004: Cannot use JSX unless the '--jsx' flag is provided.
apps/desktop/src/pages/CharacterPage.tsx(1207,17): error TS17004: Cannot use JSX unless the '--jsx' flag is provided.
apps/desktop/src/pages/CharacterPage.tsx(1208,19): error TS17004: Cannot use JSX unless the '--jsx' flag is provided.
apps/desktop/src/pages/CharacterPage.tsx(1209,19): error TS17004: Cannot use JSX unless the '--jsx' flag is provided.
apps/desktop/src/pages/CharacterPage.tsx(1213,87): error TS2339: Property 'value' does not exist on type 'EventTarget & HTMLInputElement'.
apps/desktop/src/pages/CharacterPage.tsx(1219,17): error TS17004: Cannot use JSX unless the '--jsx' flag is provided.
apps/desktop/src/pages/CharacterPage.tsx(1220,19): error TS17004: Cannot use JSX unless the '--jsx' flag is provided.
apps/desktop/src/pages/CharacterPage.tsx(1221,19): error TS17004: Cannot use JSX unless the '--jsx' flag is provided.
apps/desktop/src/pages/CharacterPage.tsx(1225,90): error TS2339: Property 'value' does not exist on type 'EventTarget & HTMLInputElement'.
apps/desktop/src/pages/CharacterPage.tsx(1231,17): error TS17004: Cannot use JSX unless the '--jsx' flag is provided.
apps/desktop/src/pages/CharacterPage.tsx(1232,19): error TS17004: Cannot use JSX unless the '--jsx' flag is provided.
apps/desktop/src/pages/CharacterPage.tsx(1233,19): error TS17004: Cannot use JSX unless the '--jsx' flag is provided.
apps/desktop/src/pages/CharacterPage.tsx(1238,44): error TS2339: Property 'value' does not exist on type 'EventTarget & HTMLSelectElement'.
apps/desktop/src/pages/CharacterPage.tsx(1243,21): error TS17004: Cannot use JSX unless the '--jsx' flag is provided.
apps/desktop/src/pages/CharacterPage.tsx(1244,21): error TS17004: Cannot use JSX unless the '--jsx' flag is provided.
apps/desktop/src/pages/CharacterPage.tsx(1245,21): error TS17004: Cannot use JSX unless the '--jsx' flag is provided.
apps/desktop/src/pages/CharacterPage.tsx(1246,21): error TS17004: Cannot use JSX unless the '--jsx' flag is provided.
apps/desktop/src/pages/CharacterPage.tsx(1250,15): error TS17004: Cannot use JSX unless the '--jsx' flag is provided.
apps/desktop/src/pages/CharacterPage.tsx(1251,17): error TS17004: Cannot use JSX unless the '--jsx' flag is provided.
apps/desktop/src/pages/CharacterPage.tsx(1257,17): error TS17004: Cannot use JSX unless the '--jsx' flag is provided.
apps/desktop/src/pages/CharacterPage.tsx(1275,11): error TS17004: Cannot use JSX unless the '--jsx' flag is provided.
apps/desktop/src/pages/CharacterPage.tsx(1277,15): error TS17004: Cannot use JSX unless the '--jsx' flag is provided.
apps/desktop/src/pages/CharacterPage.tsx(1278,17): error TS17004: Cannot use JSX unless the '--jsx' flag is provided.
apps/desktop/src/pages/CharacterPage.tsx(1279,17): error TS17004: Cannot use JSX unless the '--jsx' flag is provided.
apps/desktop/src/pages/CharacterPage.tsx(1288,37): error TS7006: Parameter 'mapping' implicitly has an 'any' type.
apps/desktop/src/pages/CharacterPage.tsx(1304,19): error TS17004: Cannot use JSX unless the '--jsx' flag is provided.
apps/desktop/src/pages/CharacterPage.tsx(1312,23): error TS17004: Cannot use JSX unless the '--jsx' flag is provided.
apps/desktop/src/pages/CharacterPage.tsx(1313,25): error TS17004: Cannot use JSX unless the '--jsx' flag is provided.
apps/desktop/src/pages/CharacterPage.tsx(1314,27): error TS17004: Cannot use JSX unless the '--jsx' flag is provided.
apps/desktop/src/pages/CharacterPage.tsx(1320,53): error TS2339: Property 'value' does not exist on type 'EventTarget & HTMLInputElement'.
apps/desktop/src/pages/CharacterPage.tsx(1325,27): error TS17004: Cannot use JSX unless the '--jsx' flag is provided.
apps/desktop/src/pages/CharacterPage.tsx(1331,56): error TS2339: Property 'value' does not exist on type 'EventTarget & HTMLInputElement'.
apps/desktop/src/pages/CharacterPage.tsx(1336,27): error TS17004: Cannot use JSX unless the '--jsx' flag is provided.
apps/desktop/src/pages/CharacterPage.tsx(1341,52): error TS2339: Property 'value' does not exist on type 'EventTarget & HTMLSelectElement'.
apps/desktop/src/pages/CharacterPage.tsx(1346,29): error TS17004: Cannot use JSX unless the '--jsx' flag is provided.
apps/desktop/src/pages/CharacterPage.tsx(1347,29): error TS17004: Cannot use JSX unless the '--jsx' flag is provided.
apps/desktop/src/pages/CharacterPage.tsx(1348,29): error TS17004: Cannot use JSX unless the '--jsx' flag is provided.
apps/desktop/src/pages/CharacterPage.tsx(1349,29): error TS17004: Cannot use JSX unless the '--jsx' flag is provided.
apps/desktop/src/pages/CharacterPage.tsx(1352,25): error TS17004: Cannot use JSX unless the '--jsx' flag is provided.
apps/desktop/src/pages/CharacterPage.tsx(1353,27): error TS17004: Cannot use JSX unless the '--jsx' flag is provided.
apps/desktop/src/pages/CharacterPage.tsx(1359,27): error TS17004: Cannot use JSX unless the '--jsx' flag is provided.
apps/desktop/src/pages/CharacterPage.tsx(1375,23): error TS17004: Cannot use JSX unless the '--jsx' flag is provided.
apps/desktop/src/pages/CharacterPage.tsx(1376,25): error TS17004: Cannot use JSX unless the '--jsx' flag is provided.
apps/desktop/src/pages/CharacterPage.tsx(1377,27): error TS17004: Cannot use JSX unless the '--jsx' flag is provided.
apps/desktop/src/pages/CharacterPage.tsx(1378,29): error TS17004: Cannot use JSX unless the '--jsx' flag is provided.
apps/desktop/src/pages/CharacterPage.tsx(1379,29): error TS17004: Cannot use JSX unless the '--jsx' flag is provided.
apps/desktop/src/pages/CharacterPage.tsx(1381,27): error TS17004: Cannot use JSX unless the '--jsx' flag is provided.
apps/desktop/src/pages/CharacterPage.tsx(1382,29): error TS17004: Cannot use JSX unless the '--jsx' flag is provided.
apps/desktop/src/pages/CharacterPage.tsx(1383,29): error TS17004: Cannot use JSX unless the '--jsx' flag is provided.
apps/desktop/src/pages/CharacterPage.tsx(1385,27): error TS17004: Cannot use JSX unless the '--jsx' flag is provided.
apps/desktop/src/pages/CharacterPage.tsx(1386,29): error TS17004: Cannot use JSX unless the '--jsx' flag is provided.
apps/desktop/src/pages/CharacterPage.tsx(1387,29): error TS17004: Cannot use JSX unless the '--jsx' flag is provided.
apps/desktop/src/pages/CharacterPage.tsx(1388,32): error TS7053: Element implicitly has an 'any' type because expression of type 'any' can't be used to index type '{ location: string; person: string; organization: string; item: string; }'.
apps/desktop/src/pages/CharacterPage.tsx(1388,66): error TS7053: Element implicitly has an 'any' type because expression of type 'any' can't be used to index type '{ location: string; person: string; organization: string; item: string; }'.
apps/desktop/src/pages/CharacterPage.tsx(1392,25): error TS17004: Cannot use JSX unless the '--jsx' flag is provided.
apps/desktop/src/pages/CharacterPage.tsx(1393,27): error TS17004: Cannot use JSX unless the '--jsx' flag is provided.
apps/desktop/src/pages/CharacterPage.tsx(1394,33): error TS17004: Cannot use JSX unless the '--jsx' flag is provided.
apps/desktop/src/pages/CharacterPage.tsx(1396,27): error TS17004: Cannot use JSX unless the '--jsx' flag is provided.
apps/desktop/src/pages/CharacterPage.tsx(1398,31): error TS17004: Cannot use JSX unless the '--jsx' flag is provided.
apps/desktop/src/pages/CharacterPage.tsx(1399,33): error TS17004: Cannot use JSX unless the '--jsx' flag is provided.
apps/desktop/src/pages/CharacterPage.tsx(1406,33): error TS17004: Cannot use JSX unless the '--jsx' flag is provided.
apps/desktop/src/pages/CharacterPage.tsx(1413,33): error TS17004: Cannot use JSX unless the '--jsx' flag is provided.
apps/desktop/src/pages/CharacterPage.tsx(1422,31): error TS17004: Cannot use JSX unless the '--jsx' flag is provided.
apps/desktop/src/pages/CharacterPage.tsx(1423,33): error TS17004: Cannot use JSX unless the '--jsx' flag is provided.
apps/desktop/src/pages/CharacterPage.tsx(1430,33): error TS17004: Cannot use JSX unless the '--jsx' flag is provided.
apps/desktop/src/pages/CharacterPage.tsx(1450,11): error TS17004: Cannot use JSX unless the '--jsx' flag is provided.
apps/desktop/src/pages/CharacterPage.tsx(1451,13): error TS17004: Cannot use JSX unless the '--jsx' flag is provided.
apps/desktop/src/pages/CharacterPage.tsx(1452,15): error TS17004: Cannot use JSX unless the '--jsx' flag is provided.
apps/desktop/src/pages/CharacterPage.tsx(1453,17): error TS17004: Cannot use JSX unless the '--jsx' flag is provided.
apps/desktop/src/pages/CharacterPage.tsx(1454,17): error TS17004: Cannot use JSX unless the '--jsx' flag is provided.
apps/desktop/src/pages/CharacterPage.tsx(1455,38): error TS17004: Cannot use JSX unless the '--jsx' flag is provided.
apps/desktop/src/pages/CharacterPage.tsx(1459,15): error TS17004: Cannot use JSX unless the '--jsx' flag is provided.
apps/desktop/src/pages/CharacterPage.tsx(1460,17): error TS17004: Cannot use JSX unless the '--jsx' flag is provided.
apps/desktop/src/pages/CharacterPage.tsx(1461,17): error TS17004: Cannot use JSX unless the '--jsx' flag is provided.
apps/desktop/src/pages/CharacterPage.tsx(1468,11): error TS17004: Cannot use JSX unless the '--jsx' flag is provided.
apps/desktop/src/pages/CharacterPage.tsx(1468,66): error TS7006: Parameter 'open' implicitly has an 'any' type.
apps/desktop/src/pages/CharacterPage.tsx(1469,13): error TS17004: Cannot use JSX unless the '--jsx' flag is provided.
apps/desktop/src/pages/CharacterPage.tsx(1470,15): error TS17004: Cannot use JSX unless the '--jsx' flag is provided.
apps/desktop/src/pages/CharacterPage.tsx(1471,17): error TS17004: Cannot use JSX unless the '--jsx' flag is provided.
apps/desktop/src/pages/CharacterPage.tsx(1472,17): error TS17004: Cannot use JSX unless the '--jsx' flag is provided.
apps/desktop/src/pages/CharacterPage.tsx(1476,15): error TS17004: Cannot use JSX unless the '--jsx' flag is provided.
apps/desktop/src/pages/CharacterPage.tsx(1477,17): error TS17004: Cannot use JSX unless the '--jsx' flag is provided.
apps/desktop/src/pages/CharacterPage.tsx(1478,17): error TS17004: Cannot use JSX unless the '--jsx' flag is provided.
apps/desktop/src/pages/DiaryPage.tsx(5,53): error TS2307: Cannot find module '@/schemas/diarySchema' or its corresponding type declarations.
apps/desktop/src/pages/DiaryPage.tsx(6,31): error TS2307: Cannot find module '@/store' or its corresponding type declarations.
apps/desktop/src/pages/DiaryPage.tsx(7,34): error TS2307: Cannot find module '@/store/settingsStore' or its corresponding type declarations.
apps/desktop/src/pages/DiaryPage.tsx(8,35): error TS2307: Cannot find module '@/store/characterStore' or its corresponding type declarations.
apps/desktop/src/pages/DiaryPage.tsx(9,31): error TS2307: Cannot find module '@/store/questStore' or its corresponding type declarations.
apps/desktop/src/pages/DiaryPage.tsx(10,68): error TS2307: Cannot find module '@/services/llm' or its corresponding type declarations.
apps/desktop/src/pages/DiaryPage.tsx(18,33): error TS2307: Cannot find module '@/repositories/diaryRepository' or its corresponding type declarations.
apps/desktop/src/pages/DiaryPage.tsx(19,33): error TS2307: Cannot find module '@/components/EquipmentFoundModal' or its corresponding type declarations.
apps/desktop/src/pages/DiaryPage.tsx(22,29): error TS2307: Cannot find module '@/components/SaveResultModal' or its corresponding type declarations.
apps/desktop/src/pages/DiaryPage.tsx(81,6): error TS7006: Parameter 'quest' implicitly has an 'any' type.
apps/desktop/src/pages/DiaryPage.tsx(110,16): error TS7006: Parameter 'a' implicitly has an 'any' type.
apps/desktop/src/pages/DiaryPage.tsx(110,19): error TS7006: Parameter 'b' implicitly has an 'any' type.
apps/desktop/src/pages/DiaryPage.tsx(117,18): error TS7006: Parameter 'm' implicitly has an 'any' type.
apps/desktop/src/pages/DiaryPage.tsx(118,15): error TS7006: Parameter 'm' implicitly has an 'any' type.
apps/desktop/src/pages/DiaryPage.tsx(131,47): error TS7006: Parameter 'd' implicitly has an 'any' type.
apps/desktop/src/pages/DiaryPage.tsx(147,14): error TS7006: Parameter 'm' implicitly has an 'any' type.
apps/desktop/src/pages/DiaryPage.tsx(283,44): error TS7006: Parameter 'q' implicitly has an 'any' type.
apps/desktop/src/pages/DiaryPage.tsx(382,5): error TS17004: Cannot use JSX unless the '--jsx' flag is provided.
apps/desktop/src/pages/DiaryPage.tsx(383,7): error TS17004: Cannot use JSX unless the '--jsx' flag is provided.
apps/desktop/src/pages/DiaryPage.tsx(385,7): error TS17004: Cannot use JSX unless the '--jsx' flag is provided.
apps/desktop/src/pages/DiaryPage.tsx(387,9): error TS17004: Cannot use JSX unless the '--jsx' flag is provided.
apps/desktop/src/pages/DiaryPage.tsx(388,11): error TS17004: Cannot use JSX unless the '--jsx' flag is provided.
apps/desktop/src/pages/DiaryPage.tsx(389,11): error TS17004: Cannot use JSX unless the '--jsx' flag is provided.
apps/desktop/src/pages/DiaryPage.tsx(390,13): error TS17004: Cannot use JSX unless the '--jsx' flag is provided.
apps/desktop/src/pages/DiaryPage.tsx(391,15): error TS17004: Cannot use JSX unless the '--jsx' flag is provided.
apps/desktop/src/pages/DiaryPage.tsx(394,13): error TS17004: Cannot use JSX unless the '--jsx' flag is provided.
apps/desktop/src/pages/DiaryPage.tsx(395,15): error TS17004: Cannot use JSX unless the '--jsx' flag is provided.
apps/desktop/src/pages/DiaryPage.tsx(396,17): error TS17004: Cannot use JSX unless the '--jsx' flag is provided.
apps/desktop/src/pages/DiaryPage.tsx(399,17): error TS17004: Cannot use JSX unless the '--jsx' flag is provided.
apps/desktop/src/pages/DiaryPage.tsx(405,19): error TS17004: Cannot use JSX unless the '--jsx' flag is provided.
apps/desktop/src/pages/DiaryPage.tsx(409,15): error TS17004: Cannot use JSX unless the '--jsx' flag is provided.
apps/desktop/src/pages/DiaryPage.tsx(410,17): error TS17004: Cannot use JSX unless the '--jsx' flag is provided.
apps/desktop/src/pages/DiaryPage.tsx(413,17): error TS17004: Cannot use JSX unless the '--jsx' flag is provided.
apps/desktop/src/pages/DiaryPage.tsx(420,19): error TS17004: Cannot use JSX unless the '--jsx' flag is provided.
apps/desktop/src/pages/DiaryPage.tsx(424,15): error TS17004: Cannot use JSX unless the '--jsx' flag is provided.
apps/desktop/src/pages/DiaryPage.tsx(425,17): error TS17004: Cannot use JSX unless the '--jsx' flag is provided.
apps/desktop/src/pages/DiaryPage.tsx(428,17): error TS17004: Cannot use JSX unless the '--jsx' flag is provided.
apps/desktop/src/pages/DiaryPage.tsx(435,19): error TS17004: Cannot use JSX unless the '--jsx' flag is provided.
apps/desktop/src/pages/DiaryPage.tsx(440,17): error TS17004: Cannot use JSX unless the '--jsx' flag is provided.
apps/desktop/src/pages/DiaryPage.tsx(441,19): error TS17004: Cannot use JSX unless the '--jsx' flag is provided.
apps/desktop/src/pages/DiaryPage.tsx(442,21): error TS17004: Cannot use JSX unless the '--jsx' flag is provided.
apps/desktop/src/pages/DiaryPage.tsx(447,15): error TS17004: Cannot use JSX unless the '--jsx' flag is provided.
apps/desktop/src/pages/DiaryPage.tsx(459,9): error TS17004: Cannot use JSX unless the '--jsx' flag is provided.
apps/desktop/src/pages/DiaryPage.tsx(460,11): error TS17004: Cannot use JSX unless the '--jsx' flag is provided.
apps/desktop/src/pages/DiaryPage.tsx(461,13): error TS17004: Cannot use JSX unless the '--jsx' flag is provided.
apps/desktop/src/pages/DiaryPage.tsx(465,13): error TS17004: Cannot use JSX unless the '--jsx' flag is provided.
apps/desktop/src/pages/DiaryPage.tsx(466,15): error TS17004: Cannot use JSX unless the '--jsx' flag is provided.
apps/desktop/src/pages/DiaryPage.tsx(467,17): error TS17004: Cannot use JSX unless the '--jsx' flag is provided.
apps/desktop/src/pages/DiaryPage.tsx(474,17): error TS17004: Cannot use JSX unless the '--jsx' flag is provided.
apps/desktop/src/pages/DiaryPage.tsx(475,19): error TS17004: Cannot use JSX unless the '--jsx' flag is provided.
apps/desktop/src/pages/DiaryPage.tsx(476,21): error TS17004: Cannot use JSX unless the '--jsx' flag is provided.
apps/desktop/src/pages/DiaryPage.tsx(479,19): error TS17004: Cannot use JSX unless the '--jsx' flag is provided.
apps/desktop/src/pages/DiaryPage.tsx(480,21): error TS17004: Cannot use JSX unless the '--jsx' flag is provided.
apps/desktop/src/pages/DiaryPage.tsx(481,23): error TS17004: Cannot use JSX unless the '--jsx' flag is provided.
apps/desktop/src/pages/DiaryPage.tsx(482,23): error TS17004: Cannot use JSX unless the '--jsx' flag is provided.
apps/desktop/src/pages/DiaryPage.tsx(497,21): error TS17004: Cannot use JSX unless the '--jsx' flag is provided.
apps/desktop/src/pages/DiaryPage.tsx(498,23): error TS17004: Cannot use JSX unless the '--jsx' flag is provided.
apps/desktop/src/pages/DiaryPage.tsx(499,23): error TS17004: Cannot use JSX unless the '--jsx' flag is provided.
apps/desktop/src/pages/DiaryPage.tsx(512,19): error TS17004: Cannot use JSX unless the '--jsx' flag is provided.
apps/desktop/src/pages/DiaryPage.tsx(526,25): error TS17004: Cannot use JSX unless the '--jsx' flag is provided.
apps/desktop/src/pages/DiaryPage.tsx(527,27): error TS17004: Cannot use JSX unless the '--jsx' flag is provided.
apps/desktop/src/pages/DiaryPage.tsx(528,27): error TS17004: Cannot use JSX unless the '--jsx' flag is provided.
apps/desktop/src/pages/DiaryPage.tsx(529,29): error TS17004: Cannot use JSX unless the '--jsx' flag is provided.
apps/desktop/src/pages/DiaryPage.tsx(534,27): error TS17004: Cannot use JSX unless the '--jsx' flag is provided.
apps/desktop/src/pages/DiaryPage.tsx(543,21): error TS17004: Cannot use JSX unless the '--jsx' flag is provided.
apps/desktop/src/pages/DiaryPage.tsx(544,23): error TS17004: Cannot use JSX unless the '--jsx' flag is provided.
apps/desktop/src/pages/DiaryPage.tsx(554,17): error TS17004: Cannot use JSX unless the '--jsx' flag is provided.
apps/desktop/src/pages/DiaryPage.tsx(555,19): error TS17004: Cannot use JSX unless the '--jsx' flag is provided.
apps/desktop/src/pages/DiaryPage.tsx(558,19): error TS17004: Cannot use JSX unless the '--jsx' flag is provided.
apps/desktop/src/pages/DiaryPage.tsx(560,66): error TS2339: Property 'value' does not exist on type 'EventTarget & HTMLSelectElement'.
apps/desktop/src/pages/DiaryPage.tsx(563,21): error TS17004: Cannot use JSX unless the '--jsx' flag is provided.
apps/desktop/src/pages/DiaryPage.tsx(564,40): error TS7006: Parameter 'quest' implicitly has an 'any' type.
apps/desktop/src/pages/DiaryPage.tsx(565,23): error TS17004: Cannot use JSX unless the '--jsx' flag is provided.
apps/desktop/src/pages/DiaryPage.tsx(571,21): error TS17004: Cannot use JSX unless the '--jsx' flag is provided.
apps/desktop/src/pages/DiaryPage.tsx(572,23): error TS17004: Cannot use JSX unless the '--jsx' flag is provided.
apps/desktop/src/pages/DiaryPage.tsx(578,15): error TS17004: Cannot use JSX unless the '--jsx' flag is provided.
apps/desktop/src/pages/DiaryPage.tsx(579,17): error TS17004: Cannot use JSX unless the '--jsx' flag is provided.
apps/desktop/src/pages/DiaryPage.tsx(586,17): error TS17004: Cannot use JSX unless the '--jsx' flag is provided.
apps/desktop/src/pages/DiaryPage.tsx(596,13): error TS17004: Cannot use JSX unless the '--jsx' flag is provided.
apps/desktop/src/pages/DiaryPage.tsx(597,15): error TS17004: Cannot use JSX unless the '--jsx' flag is provided.
apps/desktop/src/pages/DiaryPage.tsx(598,17): error TS17004: Cannot use JSX unless the '--jsx' flag is provided.
apps/desktop/src/pages/DiaryPage.tsx(599,17): error TS17004: Cannot use JSX unless the '--jsx' flag is provided.
apps/desktop/src/pages/DiaryPage.tsx(600,38): error TS17004: Cannot use JSX unless the '--jsx' flag is provided.
apps/desktop/src/pages/DiaryPage.tsx(611,9): error TS17004: Cannot use JSX unless the '--jsx' flag is provided.
apps/desktop/src/pages/DiaryPage.tsx(622,9): error TS17004: Cannot use JSX unless the '--jsx' flag is provided.
apps/desktop/src/pages/HomePage.tsx(2,35): error TS2307: Cannot find module '@/store/characterStore' or its corresponding type declarations.
apps/desktop/src/pages/HomePage.tsx(3,31): error TS2307: Cannot find module '@/store/diaryStore' or its corresponding type declarations.
apps/desktop/src/pages/HomePage.tsx(4,31): error TS2307: Cannot find module '@/store/questStore' or its corresponding type declarations.
apps/desktop/src/pages/HomePage.tsx(44,9): error TS17004: Cannot use JSX unless the '--jsx' flag is provided.
apps/desktop/src/pages/HomePage.tsx(46,13): error TS17004: Cannot use JSX unless the '--jsx' flag is provided.
apps/desktop/src/pages/HomePage.tsx(47,17): error TS17004: Cannot use JSX unless the '--jsx' flag is provided.
apps/desktop/src/pages/HomePage.tsx(48,21): error TS17004: Cannot use JSX unless the '--jsx' flag is provided.
apps/desktop/src/pages/HomePage.tsx(55,17): error TS17004: Cannot use JSX unless the '--jsx' flag is provided.
apps/desktop/src/pages/HomePage.tsx(56,21): error TS17004: Cannot use JSX unless the '--jsx' flag is provided.
apps/desktop/src/pages/HomePage.tsx(57,25): error TS17004: Cannot use JSX unless the '--jsx' flag is provided.
apps/desktop/src/pages/HomePage.tsx(58,29): error TS17004: Cannot use JSX unless the '--jsx' flag is provided.
apps/desktop/src/pages/HomePage.tsx(59,29): error TS17004: Cannot use JSX unless the '--jsx' flag is provided.
apps/desktop/src/pages/HomePage.tsx(61,25): error TS17004: Cannot use JSX unless the '--jsx' flag is provided.
apps/desktop/src/pages/HomePage.tsx(62,29): error TS17004: Cannot use JSX unless the '--jsx' flag is provided.
apps/desktop/src/pages/HomePage.tsx(63,33): error TS17004: Cannot use JSX unless the '--jsx' flag is provided.
apps/desktop/src/pages/HomePage.tsx(66,33): error TS17004: Cannot use JSX unless the '--jsx' flag is provided.
apps/desktop/src/pages/HomePage.tsx(68,29): error TS17004: Cannot use JSX unless the '--jsx' flag is provided.
apps/desktop/src/pages/HomePage.tsx(69,29): error TS17004: Cannot use JSX unless the '--jsx' flag is provided.
apps/desktop/src/pages/HomePage.tsx(70,33): error TS17004: Cannot use JSX unless the '--jsx' flag is provided.
apps/desktop/src/pages/HomePage.tsx(71,37): error TS17004: Cannot use JSX unless the '--jsx' flag is provided.
apps/desktop/src/pages/HomePage.tsx(72,37): error TS17004: Cannot use JSX unless the '--jsx' flag is provided.
apps/desktop/src/pages/HomePage.tsx(72,139): error TS17004: Cannot use JSX unless the '--jsx' flag is provided.
apps/desktop/src/pages/HomePage.tsx(74,33): error TS17004: Cannot use JSX unless the '--jsx' flag is provided.
apps/desktop/src/pages/HomePage.tsx(75,37): error TS17004: Cannot use JSX unless the '--jsx' flag is provided.
apps/desktop/src/pages/HomePage.tsx(76,37): error TS17004: Cannot use JSX unless the '--jsx' flag is provided.
apps/desktop/src/pages/HomePage.tsx(76,118): error TS17004: Cannot use JSX unless the '--jsx' flag is provided.
apps/desktop/src/pages/HomePage.tsx(76,184): error TS17004: Cannot use JSX unless the '--jsx' flag is provided.
apps/desktop/src/pages/HomePage.tsx(82,21): error TS17004: Cannot use JSX unless the '--jsx' flag is provided.
apps/desktop/src/pages/HomePage.tsx(86,25): error TS17004: Cannot use JSX unless the '--jsx' flag is provided.
apps/desktop/src/pages/HomePage.tsx(87,29): error TS17004: Cannot use JSX unless the '--jsx' flag is provided.
apps/desktop/src/pages/HomePage.tsx(88,29): error TS17004: Cannot use JSX unless the '--jsx' flag is provided.
apps/desktop/src/pages/HomePage.tsx(96,17): error TS17004: Cannot use JSX unless the '--jsx' flag is provided.
apps/desktop/src/pages/HomePage.tsx(97,21): error TS17004: Cannot use JSX unless the '--jsx' flag is provided.
apps/desktop/src/pages/HomePage.tsx(98,25): error TS17004: Cannot use JSX unless the '--jsx' flag is provided.
apps/desktop/src/pages/HomePage.tsx(99,25): error TS17004: Cannot use JSX unless the '--jsx' flag is provided.
apps/desktop/src/pages/HomePage.tsx(101,21): error TS17004: Cannot use JSX unless the '--jsx' flag is provided.
apps/desktop/src/pages/HomePage.tsx(102,25): error TS17004: Cannot use JSX unless the '--jsx' flag is provided.
apps/desktop/src/pages/HomePage.tsx(106,29): error TS17004: Cannot use JSX unless the '--jsx' flag is provided.
apps/desktop/src/pages/HomePage.tsx(112,13): error TS17004: Cannot use JSX unless the '--jsx' flag is provided.
apps/desktop/src/pages/HomePage.tsx(114,17): error TS17004: Cannot use JSX unless the '--jsx' flag is provided.
apps/desktop/src/pages/HomePage.tsx(115,21): error TS17004: Cannot use JSX unless the '--jsx' flag is provided.
apps/desktop/src/pages/HomePage.tsx(116,25): error TS17004: Cannot use JSX unless the '--jsx' flag is provided.
apps/desktop/src/pages/HomePage.tsx(117,29): error TS17004: Cannot use JSX unless the '--jsx' flag is provided.
apps/desktop/src/pages/HomePage.tsx(119,25): error TS17004: Cannot use JSX unless the '--jsx' flag is provided.
apps/desktop/src/pages/HomePage.tsx(127,21): error TS17004: Cannot use JSX unless the '--jsx' flag is provided.
apps/desktop/src/pages/HomePage.tsx(130,33): error TS17004: Cannot use JSX unless the '--jsx' flag is provided.
apps/desktop/src/pages/HomePage.tsx(131,37): error TS17004: Cannot use JSX unless the '--jsx' flag is provided.
apps/desktop/src/pages/HomePage.tsx(132,41): error TS17004: Cannot use JSX unless the '--jsx' flag is provided.
apps/desktop/src/pages/HomePage.tsx(133,41): error TS17004: Cannot use JSX unless the '--jsx' flag is provided.
apps/desktop/src/pages/HomePage.tsx(137,37): error TS17004: Cannot use JSX unless the '--jsx' flag is provided.
apps/desktop/src/pages/HomePage.tsx(138,41): error TS17004: Cannot use JSX unless the '--jsx' flag is provided.
apps/desktop/src/pages/HomePage.tsx(146,29): error TS17004: Cannot use JSX unless the '--jsx' flag is provided.
apps/desktop/src/pages/HomePage.tsx(147,33): error TS17004: Cannot use JSX unless the '--jsx' flag is provided.
apps/desktop/src/pages/HomePage.tsx(148,33): error TS17004: Cannot use JSX unless the '--jsx' flag is provided.
apps/desktop/src/pages/HomePage.tsx(160,17): error TS17004: Cannot use JSX unless the '--jsx' flag is provided.
apps/desktop/src/pages/HomePage.tsx(161,21): error TS17004: Cannot use JSX unless the '--jsx' flag is provided.
apps/desktop/src/pages/HomePage.tsx(162,25): error TS17004: Cannot use JSX unless the '--jsx' flag is provided.
apps/desktop/src/pages/HomePage.tsx(163,29): error TS17004: Cannot use JSX unless the '--jsx' flag is provided.
apps/desktop/src/pages/HomePage.tsx(165,25): error TS17004: Cannot use JSX unless the '--jsx' flag is provided.
apps/desktop/src/pages/HomePage.tsx(173,21): error TS17004: Cannot use JSX unless the '--jsx' flag is provided.
apps/desktop/src/pages/HomePage.tsx(177,37): error TS17004: Cannot use JSX unless the '--jsx' flag is provided.
apps/desktop/src/pages/HomePage.tsx(178,41): error TS17004: Cannot use JSX unless the '--jsx' flag is provided.
apps/desktop/src/pages/HomePage.tsx(182,41): error TS17004: Cannot use JSX unless the '--jsx' flag is provided.
apps/desktop/src/pages/HomePage.tsx(183,45): error TS17004: Cannot use JSX unless the '--jsx' flag is provided.
apps/desktop/src/pages/HomePage.tsx(184,45): error TS17004: Cannot use JSX unless the '--jsx' flag is provided.
apps/desktop/src/pages/HomePage.tsx(186,41): error TS17004: Cannot use JSX unless the '--jsx' flag is provided.
apps/desktop/src/pages/HomePage.tsx(193,29): error TS17004: Cannot use JSX unless the '--jsx' flag is provided.
apps/desktop/src/pages/HomePage.tsx(194,33): error TS17004: Cannot use JSX unless the '--jsx' flag is provided.
apps/desktop/src/pages/PastDiariesPage.tsx(2,31): error TS2307: Cannot find module '@/store' or its corresponding type declarations.
apps/desktop/src/pages/PastDiariesPage.tsx(3,35): error TS2307: Cannot find module '@/store/characterStore' or its corresponding type declarations.
apps/desktop/src/pages/PastDiariesPage.tsx(5,30): error TS2307: Cannot find module '@/components/diary/DiaryDetailModal' or its corresponding type declarations.
apps/desktop/src/pages/PastDiariesPage.tsx(27,33): error TS7006: Parameter 'd' implicitly has an 'any' type.
apps/desktop/src/pages/PastDiariesPage.tsx(45,5): error TS17004: Cannot use JSX unless the '--jsx' flag is provided.
apps/desktop/src/pages/PastDiariesPage.tsx(46,7): error TS17004: Cannot use JSX unless the '--jsx' flag is provided.
apps/desktop/src/pages/PastDiariesPage.tsx(47,9): error TS17004: Cannot use JSX unless the '--jsx' flag is provided.
apps/desktop/src/pages/PastDiariesPage.tsx(48,11): error TS17004: Cannot use JSX unless the '--jsx' flag is provided.
apps/desktop/src/pages/PastDiariesPage.tsx(49,13): error TS17004: Cannot use JSX unless the '--jsx' flag is provided.
apps/desktop/src/pages/PastDiariesPage.tsx(51,11): error TS17004: Cannot use JSX unless the '--jsx' flag is provided.
apps/desktop/src/pages/PastDiariesPage.tsx(57,11): error TS17004: Cannot use JSX unless the '--jsx' flag is provided.
apps/desktop/src/pages/PastDiariesPage.tsx(58,13): error TS17004: Cannot use JSX unless the '--jsx' flag is provided.
apps/desktop/src/pages/PastDiariesPage.tsx(59,13): error TS17004: Cannot use JSX unless the '--jsx' flag is provided.
apps/desktop/src/pages/PastDiariesPage.tsx(62,11): error TS17004: Cannot use JSX unless the '--jsx' flag is provided.
apps/desktop/src/pages/PastDiariesPage.tsx(63,27): error TS7006: Parameter 'diary' implicitly has an 'any' type.
apps/desktop/src/pages/PastDiariesPage.tsx(64,15): error TS17004: Cannot use JSX unless the '--jsx' flag is provided.
apps/desktop/src/pages/PastDiariesPage.tsx(69,17): error TS17004: Cannot use JSX unless the '--jsx' flag is provided.
apps/desktop/src/pages/PastDiariesPage.tsx(71,17): error TS17004: Cannot use JSX unless the '--jsx' flag is provided.
apps/desktop/src/pages/PastDiariesPage.tsx(72,19): error TS17004: Cannot use JSX unless the '--jsx' flag is provided.
apps/desktop/src/pages/PastDiariesPage.tsx(73,21): error TS17004: Cannot use JSX unless the '--jsx' flag is provided.
apps/desktop/src/pages/PastDiariesPage.tsx(76,21): error TS17004: Cannot use JSX unless the '--jsx' flag is provided.
apps/desktop/src/pages/PastDiariesPage.tsx(80,19): error TS17004: Cannot use JSX unless the '--jsx' flag is provided.
apps/desktop/src/pages/PastDiariesPage.tsx(94,17): error TS17004: Cannot use JSX unless the '--jsx' flag is provided.
apps/desktop/src/pages/PastDiariesPage.tsx(95,19): error TS17004: Cannot use JSX unless the '--jsx' flag is provided.
apps/desktop/src/pages/PastDiariesPage.tsx(99,19): error TS17004: Cannot use JSX unless the '--jsx' flag is provided.
apps/desktop/src/pages/PastDiariesPage.tsx(100,21): error TS17004: Cannot use JSX unless the '--jsx' flag is provided.
apps/desktop/src/pages/PastDiariesPage.tsx(104,21): error TS17004: Cannot use JSX unless the '--jsx' flag is provided.
apps/desktop/src/pages/PastDiariesPage.tsx(105,23): error TS17004: Cannot use JSX unless the '--jsx' flag is provided.
apps/desktop/src/pages/PastDiariesPage.tsx(115,11): error TS17004: Cannot use JSX unless the '--jsx' flag is provided.
apps/desktop/src/pages/PastDiariesPage.tsx(116,13): error TS17004: Cannot use JSX unless the '--jsx' flag is provided.
apps/desktop/src/pages/PastDiariesPage.tsx(117,13): error TS17004: Cannot use JSX unless the '--jsx' flag is provided.
apps/desktop/src/pages/PastDiariesPage.tsx(118,13): error TS17004: Cannot use JSX unless the '--jsx' flag is provided.
apps/desktop/src/pages/PastDiariesPage.tsx(125,9): error TS17004: Cannot use JSX unless the '--jsx' flag is provided.
apps/desktop/src/pages/QuestsPage.tsx(3,31): error TS2307: Cannot find module '@/store/questStore' or its corresponding type declarations.
apps/desktop/src/pages/QuestsPage.tsx(4,35): error TS2307: Cannot find module '@/store/characterStore' or its corresponding type declarations.
apps/desktop/src/pages/QuestsPage.tsx(34,13): error TS2339: Property 'name' does not exist on type 'EventTarget & (HTMLInputElement | HTMLSelectElement | HTMLTextAreaElement)'.
apps/desktop/src/pages/QuestsPage.tsx(34,19): error TS2339: Property 'value' does not exist on type 'EventTarget & (HTMLInputElement | HTMLSelectElement | HTMLTextAreaElement)'.
apps/desktop/src/pages/QuestsPage.tsx(207,40): error TS7006: Parameter 'quest' implicitly has an 'any' type.
apps/desktop/src/pages/QuestsPage.tsx(215,7): error TS17004: Cannot use JSX unless the '--jsx' flag is provided.
apps/desktop/src/pages/QuestsPage.tsx(216,9): error TS17004: Cannot use JSX unless the '--jsx' flag is provided.
apps/desktop/src/pages/QuestsPage.tsx(217,9): error TS17004: Cannot use JSX unless the '--jsx' flag is provided.
apps/desktop/src/pages/QuestsPage.tsx(218,11): error TS17004: Cannot use JSX unless the '--jsx' flag is provided.
apps/desktop/src/pages/QuestsPage.tsx(219,11): error TS17004: Cannot use JSX unless the '--jsx' flag is provided.
apps/desktop/src/pages/QuestsPage.tsx(226,5): error TS17004: Cannot use JSX unless the '--jsx' flag is provided.
apps/desktop/src/pages/QuestsPage.tsx(227,7): error TS17004: Cannot use JSX unless the '--jsx' flag is provided.
apps/desktop/src/pages/QuestsPage.tsx(228,9): error TS17004: Cannot use JSX unless the '--jsx' flag is provided.
apps/desktop/src/pages/QuestsPage.tsx(229,11): error TS17004: Cannot use JSX unless the '--jsx' flag is provided.
apps/desktop/src/pages/QuestsPage.tsx(230,13): error TS17004: Cannot use JSX unless the '--jsx' flag is provided.
apps/desktop/src/pages/QuestsPage.tsx(232,11): error TS17004: Cannot use JSX unless the '--jsx' flag is provided.
apps/desktop/src/pages/QuestsPage.tsx(236,13): error TS17004: Cannot use JSX unless the '--jsx' flag is provided.
apps/desktop/src/pages/QuestsPage.tsx(237,13): error TS17004: Cannot use JSX unless the '--jsx' flag is provided.
apps/desktop/src/pages/QuestsPage.tsx(238,15): error TS17004: Cannot use JSX unless the '--jsx' flag is provided.
apps/desktop/src/pages/QuestsPage.tsx(244,9): error TS17004: Cannot use JSX unless the '--jsx' flag is provided.
apps/desktop/src/pages/QuestsPage.tsx(245,11): error TS17004: Cannot use JSX unless the '--jsx' flag is provided.
apps/desktop/src/pages/QuestsPage.tsx(254,11): error TS17004: Cannot use JSX unless the '--jsx' flag is provided.
apps/desktop/src/pages/QuestsPage.tsx(263,11): error TS17004: Cannot use JSX unless the '--jsx' flag is provided.
apps/desktop/src/pages/QuestsPage.tsx(276,11): error TS17004: Cannot use JSX unless the '--jsx' flag is provided.
apps/desktop/src/pages/QuestsPage.tsx(277,13): error TS17004: Cannot use JSX unless the '--jsx' flag is provided.
apps/desktop/src/pages/QuestsPage.tsx(278,15): error TS17004: Cannot use JSX unless the '--jsx' flag is provided.
apps/desktop/src/pages/QuestsPage.tsx(280,13): error TS17004: Cannot use JSX unless the '--jsx' flag is provided.
apps/desktop/src/pages/QuestsPage.tsx(281,15): error TS17004: Cannot use JSX unless the '--jsx' flag is provided.
apps/desktop/src/pages/QuestsPage.tsx(282,17): error TS17004: Cannot use JSX unless the '--jsx' flag is provided.
apps/desktop/src/pages/QuestsPage.tsx(283,17): error TS17004: Cannot use JSX unless the '--jsx' flag is provided.
apps/desktop/src/pages/QuestsPage.tsx(293,15): error TS17004: Cannot use JSX unless the '--jsx' flag is provided.
apps/desktop/src/pages/QuestsPage.tsx(294,17): error TS17004: Cannot use JSX unless the '--jsx' flag is provided.
apps/desktop/src/pages/QuestsPage.tsx(295,17): error TS17004: Cannot use JSX unless the '--jsx' flag is provided.
apps/desktop/src/pages/QuestsPage.tsx(305,15): error TS17004: Cannot use JSX unless the '--jsx' flag is provided.
apps/desktop/src/pages/QuestsPage.tsx(306,17): error TS17004: Cannot use JSX unless the '--jsx' flag is provided.
apps/desktop/src/pages/QuestsPage.tsx(307,19): error TS17004: Cannot use JSX unless the '--jsx' flag is provided.
apps/desktop/src/pages/QuestsPage.tsx(308,19): error TS17004: Cannot use JSX unless the '--jsx' flag is provided.
apps/desktop/src/pages/QuestsPage.tsx(314,21): error TS17004: Cannot use JSX unless the '--jsx' flag is provided.
apps/desktop/src/pages/QuestsPage.tsx(315,21): error TS17004: Cannot use JSX unless the '--jsx' flag is provided.
apps/desktop/src/pages/QuestsPage.tsx(316,21): error TS17004: Cannot use JSX unless the '--jsx' flag is provided.
apps/desktop/src/pages/QuestsPage.tsx(317,21): error TS17004: Cannot use JSX unless the '--jsx' flag is provided.
apps/desktop/src/pages/QuestsPage.tsx(318,21): error TS17004: Cannot use JSX unless the '--jsx' flag is provided.
apps/desktop/src/pages/QuestsPage.tsx(321,17): error TS17004: Cannot use JSX unless the '--jsx' flag is provided.
apps/desktop/src/pages/QuestsPage.tsx(322,19): error TS17004: Cannot use JSX unless the '--jsx' flag is provided.
apps/desktop/src/pages/QuestsPage.tsx(323,19): error TS17004: Cannot use JSX unless the '--jsx' flag is provided.
apps/desktop/src/pages/QuestsPage.tsx(329,21): error TS17004: Cannot use JSX unless the '--jsx' flag is provided.
apps/desktop/src/pages/QuestsPage.tsx(330,21): error TS17004: Cannot use JSX unless the '--jsx' flag is provided.
apps/desktop/src/pages/QuestsPage.tsx(331,21): error TS17004: Cannot use JSX unless the '--jsx' flag is provided.
apps/desktop/src/pages/QuestsPage.tsx(332,21): error TS17004: Cannot use JSX unless the '--jsx' flag is provided.
apps/desktop/src/pages/QuestsPage.tsx(333,21): error TS17004: Cannot use JSX unless the '--jsx' flag is provided.
apps/desktop/src/pages/QuestsPage.tsx(338,15): error TS17004: Cannot use JSX unless the '--jsx' flag is provided.
apps/desktop/src/pages/QuestsPage.tsx(339,17): error TS17004: Cannot use JSX unless the '--jsx' flag is provided.
apps/desktop/src/pages/QuestsPage.tsx(340,19): error TS17004: Cannot use JSX unless the '--jsx' flag is provided.
apps/desktop/src/pages/QuestsPage.tsx(341,19): error TS17004: Cannot use JSX unless the '--jsx' flag is provided.
apps/desktop/src/pages/QuestsPage.tsx(350,17): error TS17004: Cannot use JSX unless the '--jsx' flag is provided.
apps/desktop/src/pages/QuestsPage.tsx(351,19): error TS17004: Cannot use JSX unless the '--jsx' flag is provided.
apps/desktop/src/pages/QuestsPage.tsx(352,19): error TS17004: Cannot use JSX unless the '--jsx' flag is provided.
apps/desktop/src/pages/QuestsPage.tsx(361,17): error TS17004: Cannot use JSX unless the '--jsx' flag is provided.
apps/desktop/src/pages/QuestsPage.tsx(362,19): error TS17004: Cannot use JSX unless the '--jsx' flag is provided.
apps/desktop/src/pages/QuestsPage.tsx(363,19): error TS17004: Cannot use JSX unless the '--jsx' flag is provided.
apps/desktop/src/pages/QuestsPage.tsx(373,15): error TS17004: Cannot use JSX unless the '--jsx' flag is provided.
apps/desktop/src/pages/QuestsPage.tsx(374,17): error TS17004: Cannot use JSX unless the '--jsx' flag is provided.
apps/desktop/src/pages/QuestsPage.tsx(380,17): error TS17004: Cannot use JSX unless the '--jsx' flag is provided.
apps/desktop/src/pages/QuestsPage.tsx(393,11): error TS17004: Cannot use JSX unless the '--jsx' flag is provided.
apps/desktop/src/pages/QuestsPage.tsx(394,13): error TS17004: Cannot use JSX unless the '--jsx' flag is provided.
apps/desktop/src/pages/QuestsPage.tsx(395,13): error TS17004: Cannot use JSX unless the '--jsx' flag is provided.
apps/desktop/src/pages/QuestsPage.tsx(398,13): error TS17004: Cannot use JSX unless the '--jsx' flag is provided.
apps/desktop/src/pages/QuestsPage.tsx(406,11): error TS17004: Cannot use JSX unless the '--jsx' flag is provided.
apps/desktop/src/pages/QuestsPage.tsx(407,34): error TS7006: Parameter 'quest' implicitly has an 'any' type.
apps/desktop/src/pages/QuestsPage.tsx(412,17): error TS17004: Cannot use JSX unless the '--jsx' flag is provided.
apps/desktop/src/pages/QuestsPage.tsx(416,19): error TS17004: Cannot use JSX unless the '--jsx' flag is provided.
apps/desktop/src/pages/QuestsPage.tsx(417,21): error TS17004: Cannot use JSX unless the '--jsx' flag is provided.
apps/desktop/src/pages/QuestsPage.tsx(418,23): error TS17004: Cannot use JSX unless the '--jsx' flag is provided.
apps/desktop/src/pages/QuestsPage.tsx(419,25): error TS17004: Cannot use JSX unless the '--jsx' flag is provided.
apps/desktop/src/pages/QuestsPage.tsx(422,25): error TS17004: Cannot use JSX unless the '--jsx' flag is provided.
apps/desktop/src/pages/QuestsPage.tsx(426,27): error TS17004: Cannot use JSX unless the '--jsx' flag is provided.
apps/desktop/src/pages/QuestsPage.tsx(427,29): error TS17004: Cannot use JSX unless the '--jsx' flag is provided.
apps/desktop/src/pages/QuestsPage.tsx(431,23): error TS17004: Cannot use JSX unless the '--jsx' flag is provided.
apps/desktop/src/pages/QuestsPage.tsx(432,23): error TS17004: Cannot use JSX unless the '--jsx' flag is provided.
apps/desktop/src/pages/QuestsPage.tsx(436,21): error TS17004: Cannot use JSX unless the '--jsx' flag is provided.
apps/desktop/src/pages/QuestsPage.tsx(437,23): error TS17004: Cannot use JSX unless the '--jsx' flag is provided.
apps/desktop/src/pages/QuestsPage.tsx(438,25): error TS17004: Cannot use JSX unless the '--jsx' flag is provided.
apps/desktop/src/pages/QuestsPage.tsx(439,25): error TS17004: Cannot use JSX unless the '--jsx' flag is provided.
apps/desktop/src/pages/QuestsPage.tsx(441,23): error TS17004: Cannot use JSX unless the '--jsx' flag is provided.
apps/desktop/src/pages/QuestsPage.tsx(442,25): error TS17004: Cannot use JSX unless the '--jsx' flag is provided.
apps/desktop/src/pages/QuestsPage.tsx(443,25): error TS17004: Cannot use JSX unless the '--jsx' flag is provided.
apps/desktop/src/pages/QuestsPage.tsx(448,19): error TS17004: Cannot use JSX unless the '--jsx' flag is provided.
apps/desktop/src/pages/QuestsPage.tsx(449,21): error TS17004: Cannot use JSX unless the '--jsx' flag is provided.
apps/desktop/src/pages/QuestsPage.tsx(450,23): error TS17004: Cannot use JSX unless the '--jsx' flag is provided.
apps/desktop/src/pages/QuestsPage.tsx(451,23): error TS17004: Cannot use JSX unless the '--jsx' flag is provided.
apps/desktop/src/pages/QuestsPage.tsx(452,50): error TS17004: Cannot use JSX unless the '--jsx' flag is provided.
apps/desktop/src/pages/QuestsPage.tsx(455,21): error TS17004: Cannot use JSX unless the '--jsx' flag is provided.
apps/desktop/src/pages/QuestsPage.tsx(456,23): error TS17004: Cannot use JSX unless the '--jsx' flag is provided.
apps/desktop/src/pages/QuestsPage.tsx(463,21): error TS17004: Cannot use JSX unless the '--jsx' flag is provided.
apps/desktop/src/pages/QuestsPage.tsx(465,25): error TS17004: Cannot use JSX unless the '--jsx' flag is provided.
apps/desktop/src/pages/QuestsPage.tsx(473,25): error TS17004: Cannot use JSX unless the '--jsx' flag is provided.
apps/desktop/src/pages/QuestsPage.tsx(474,27): error TS17004: Cannot use JSX unless the '--jsx' flag is provided.
apps/desktop/src/pages/QuestsPage.tsx(481,27): error TS17004: Cannot use JSX unless the '--jsx' flag is provided.
apps/desktop/src/pages/QuestsPage.tsx(489,29): error TS17004: Cannot use JSX unless the '--jsx' flag is provided.
apps/desktop/src/pages/ReportsPage.tsx(2,35): error TS2307: Cannot find module '@/store/characterStore' or its corresponding type declarations.
apps/desktop/src/pages/ReportsPage.tsx(3,31): error TS2307: Cannot find module '@/store/diaryStore' or its corresponding type declarations.
apps/desktop/src/pages/ReportsPage.tsx(4,31): error TS2307: Cannot find module '@/store/questStore' or its corresponding type declarations.
apps/desktop/src/pages/ReportsPage.tsx(5,32): error TS2307: Cannot find module '@/store/reportStore' or its corresponding type declarations.
apps/desktop/src/pages/ReportsPage.tsx(7,49): error TS2307: Cannot find module '@/services/llm' or its corresponding type declarations.
apps/desktop/src/pages/ReportsPage.tsx(8,34): error TS2307: Cannot find module '@/store/settingsStore' or its corresponding type declarations.
apps/desktop/src/pages/ReportsPage.tsx(48,42): error TS7006: Parameter 'q' implicitly has an 'any' type.
apps/desktop/src/pages/ReportsPage.tsx(80,13): error TS2339: Property 'name' does not exist on type 'EventTarget & (HTMLInputElement | HTMLSelectElement)'.
apps/desktop/src/pages/ReportsPage.tsx(80,19): error TS2339: Property 'value' does not exist on type 'EventTarget & (HTMLInputElement | HTMLSelectElement)'.
apps/desktop/src/pages/ReportsPage.tsx(127,47): error TS7006: Parameter 'diary' implicitly has an 'any' type.
apps/desktop/src/pages/ReportsPage.tsx(135,45): error TS7006: Parameter 'quest' implicitly has an 'any' type.
apps/desktop/src/pages/ReportsPage.tsx(232,5): error TS17004: Cannot use JSX unless the '--jsx' flag is provided.
apps/desktop/src/pages/ReportsPage.tsx(233,7): error TS17004: Cannot use JSX unless the '--jsx' flag is provided.
apps/desktop/src/pages/ReportsPage.tsx(234,9): error TS17004: Cannot use JSX unless the '--jsx' flag is provided.
apps/desktop/src/pages/ReportsPage.tsx(235,11): error TS17004: Cannot use JSX unless the '--jsx' flag is provided.
apps/desktop/src/pages/ReportsPage.tsx(239,11): error TS17004: Cannot use JSX unless the '--jsx' flag is provided.
apps/desktop/src/pages/ReportsPage.tsx(240,13): error TS17004: Cannot use JSX unless the '--jsx' flag is provided.
apps/desktop/src/pages/ReportsPage.tsx(245,9): error TS17004: Cannot use JSX unless the '--jsx' flag is provided.
apps/desktop/src/pages/ReportsPage.tsx(246,11): error TS17004: Cannot use JSX unless the '--jsx' flag is provided.
apps/desktop/src/pages/ReportsPage.tsx(247,13): error TS17004: Cannot use JSX unless the '--jsx' flag is provided.
apps/desktop/src/pages/ReportsPage.tsx(248,15): error TS17004: Cannot use JSX unless the '--jsx' flag is provided.
apps/desktop/src/pages/ReportsPage.tsx(250,13): error TS17004: Cannot use JSX unless the '--jsx' flag is provided.
apps/desktop/src/pages/ReportsPage.tsx(251,15): error TS17004: Cannot use JSX unless the '--jsx' flag is provided.
apps/desktop/src/pages/ReportsPage.tsx(252,15): error TS17004: Cannot use JSX unless the '--jsx' flag is provided.
apps/desktop/src/pages/ReportsPage.tsx(255,11): error TS17004: Cannot use JSX unless the '--jsx' flag is provided.
apps/desktop/src/pages/ReportsPage.tsx(256,13): error TS17004: Cannot use JSX unless the '--jsx' flag is provided.
apps/desktop/src/pages/ReportsPage.tsx(257,15): error TS17004: Cannot use JSX unless the '--jsx' flag is provided.
apps/desktop/src/pages/ReportsPage.tsx(259,13): error TS17004: Cannot use JSX unless the '--jsx' flag is provided.
apps/desktop/src/pages/ReportsPage.tsx(260,15): error TS17004: Cannot use JSX unless the '--jsx' flag is provided.
apps/desktop/src/pages/ReportsPage.tsx(261,15): error TS17004: Cannot use JSX unless the '--jsx' flag is provided.
apps/desktop/src/pages/ReportsPage.tsx(264,11): error TS17004: Cannot use JSX unless the '--jsx' flag is provided.
apps/desktop/src/pages/ReportsPage.tsx(265,13): error TS17004: Cannot use JSX unless the '--jsx' flag is provided.
apps/desktop/src/pages/ReportsPage.tsx(266,15): error TS17004: Cannot use JSX unless the '--jsx' flag is provided.
apps/desktop/src/pages/ReportsPage.tsx(268,13): error TS17004: Cannot use JSX unless the '--jsx' flag is provided.
apps/desktop/src/pages/ReportsPage.tsx(269,15): error TS17004: Cannot use JSX unless the '--jsx' flag is provided.
apps/desktop/src/pages/ReportsPage.tsx(270,15): error TS17004: Cannot use JSX unless the '--jsx' flag is provided.
apps/desktop/src/pages/ReportsPage.tsx(276,9): error TS17004: Cannot use JSX unless the '--jsx' flag is provided.
apps/desktop/src/pages/ReportsPage.tsx(277,11): error TS17004: Cannot use JSX unless the '--jsx' flag is provided.
apps/desktop/src/pages/ReportsPage.tsx(278,13): error TS17004: Cannot use JSX unless the '--jsx' flag is provided.
apps/desktop/src/pages/ReportsPage.tsx(281,11): error TS17004: Cannot use JSX unless the '--jsx' flag is provided.
apps/desktop/src/pages/ReportsPage.tsx(283,13): error TS17004: Cannot use JSX unless the '--jsx' flag is provided.
apps/desktop/src/pages/ReportsPage.tsx(284,15): error TS17004: Cannot use JSX unless the '--jsx' flag is provided.
apps/desktop/src/pages/ReportsPage.tsx(285,15): error TS17004: Cannot use JSX unless the '--jsx' flag is provided.
apps/desktop/src/pages/ReportsPage.tsx(287,19): error TS17004: Cannot use JSX unless the '--jsx' flag is provided.
apps/desktop/src/pages/ReportsPage.tsx(302,13): error TS17004: Cannot use JSX unless the '--jsx' flag is provided.
apps/desktop/src/pages/ReportsPage.tsx(303,15): error TS17004: Cannot use JSX unless the '--jsx' flag is provided.
apps/desktop/src/pages/ReportsPage.tsx(304,17): error TS17004: Cannot use JSX unless the '--jsx' flag is provided.
apps/desktop/src/pages/ReportsPage.tsx(305,17): error TS17004: Cannot use JSX unless the '--jsx' flag is provided.
apps/desktop/src/pages/ReportsPage.tsx(313,15): error TS17004: Cannot use JSX unless the '--jsx' flag is provided.
apps/desktop/src/pages/ReportsPage.tsx(314,17): error TS17004: Cannot use JSX unless the '--jsx' flag is provided.
apps/desktop/src/pages/ReportsPage.tsx(315,17): error TS17004: Cannot use JSX unless the '--jsx' flag is provided.
apps/desktop/src/pages/ReportsPage.tsx(325,13): error TS17004: Cannot use JSX unless the '--jsx' flag is provided.
apps/desktop/src/pages/ReportsPage.tsx(331,17): error TS17004: Cannot use JSX unless the '--jsx' flag is provided.
apps/desktop/src/pages/ReportsPage.tsx(332,19): error TS17004: Cannot use JSX unless the '--jsx' flag is provided.
apps/desktop/src/pages/ReportsPage.tsx(333,19): error TS17004: Cannot use JSX unless the '--jsx' flag is provided.
apps/desktop/src/pages/ReportsPage.tsx(336,17): error TS17004: Cannot use JSX unless the '--jsx' flag is provided.
apps/desktop/src/pages/ReportsPage.tsx(337,19): error TS17004: Cannot use JSX unless the '--jsx' flag is provided.
apps/desktop/src/pages/ReportsPage.tsx(338,19): error TS17004: Cannot use JSX unless the '--jsx' flag is provided.
apps/desktop/src/pages/ReportsPage.tsx(347,11): error TS17004: Cannot use JSX unless the '--jsx' flag is provided.
apps/desktop/src/pages/ReportsPage.tsx(348,13): error TS17004: Cannot use JSX unless the '--jsx' flag is provided.
apps/desktop/src/pages/ReportsPage.tsx(350,13): error TS17004: Cannot use JSX unless the '--jsx' flag is provided.
apps/desktop/src/pages/ReportsPage.tsx(351,15): error TS17004: Cannot use JSX unless the '--jsx' flag is provided.
apps/desktop/src/pages/ReportsPage.tsx(352,17): error TS17004: Cannot use JSX unless the '--jsx' flag is provided.
apps/desktop/src/pages/ReportsPage.tsx(353,17): error TS17004: Cannot use JSX unless the '--jsx' flag is provided.
apps/desktop/src/pages/ReportsPage.tsx(357,15): error TS17004: Cannot use JSX unless the '--jsx' flag is provided.
apps/desktop/src/pages/ReportsPage.tsx(361,17): error TS17004: Cannot use JSX unless the '--jsx' flag is provided.
apps/desktop/src/pages/ReportsPage.tsx(366,13): error TS17004: Cannot use JSX unless the '--jsx' flag is provided.
apps/desktop/src/pages/ReportsPage.tsx(367,15): error TS17004: Cannot use JSX unless the '--jsx' flag is provided.
apps/desktop/src/pages/ReportsPage.tsx(368,17): error TS17004: Cannot use JSX unless the '--jsx' flag is provided.
apps/desktop/src/pages/ReportsPage.tsx(370,15): error TS17004: Cannot use JSX unless the '--jsx' flag is provided.
apps/desktop/src/pages/ReportsPage.tsx(376,13): error TS17004: Cannot use JSX unless the '--jsx' flag is provided.
apps/desktop/src/pages/ReportsPage.tsx(378,15): error TS17004: Cannot use JSX unless the '--jsx' flag is provided.
apps/desktop/src/pages/ReportsPage.tsx(379,17): error TS17004: Cannot use JSX unless the '--jsx' flag is provided.
apps/desktop/src/pages/ReportsPage.tsx(380,19): error TS17004: Cannot use JSX unless the '--jsx' flag is provided.
apps/desktop/src/pages/ReportsPage.tsx(382,17): error TS17004: Cannot use JSX unless the '--jsx' flag is provided.
apps/desktop/src/pages/ReportsPage.tsx(383,19): error TS17004: Cannot use JSX unless the '--jsx' flag is provided.
apps/desktop/src/pages/ReportsPage.tsx(384,21): error TS17004: Cannot use JSX unless the '--jsx' flag is provided.
apps/desktop/src/pages/ReportsPage.tsx(385,21): error TS17004: Cannot use JSX unless the '--jsx' flag is provided.
apps/desktop/src/pages/ReportsPage.tsx(387,19): error TS17004: Cannot use JSX unless the '--jsx' flag is provided.
apps/desktop/src/pages/ReportsPage.tsx(388,21): error TS17004: Cannot use JSX unless the '--jsx' flag is provided.
apps/desktop/src/pages/ReportsPage.tsx(389,21): error TS17004: Cannot use JSX unless the '--jsx' flag is provided.
apps/desktop/src/pages/ReportsPage.tsx(391,19): error TS17004: Cannot use JSX unless the '--jsx' flag is provided.
apps/desktop/src/pages/ReportsPage.tsx(392,21): error TS17004: Cannot use JSX unless the '--jsx' flag is provided.
apps/desktop/src/pages/ReportsPage.tsx(393,21): error TS17004: Cannot use JSX unless the '--jsx' flag is provided.
apps/desktop/src/pages/ReportsPage.tsx(395,19): error TS17004: Cannot use JSX unless the '--jsx' flag is provided.
apps/desktop/src/pages/ReportsPage.tsx(396,21): error TS17004: Cannot use JSX unless the '--jsx' flag is provided.
apps/desktop/src/pages/ReportsPage.tsx(397,21): error TS17004: Cannot use JSX unless the '--jsx' flag is provided.
apps/desktop/src/pages/ReportsPage.tsx(399,19): error TS17004: Cannot use JSX unless the '--jsx' flag is provided.
apps/desktop/src/pages/ReportsPage.tsx(400,21): error TS17004: Cannot use JSX unless the '--jsx' flag is provided.
apps/desktop/src/pages/ReportsPage.tsx(401,21): error TS17004: Cannot use JSX unless the '--jsx' flag is provided.
apps/desktop/src/pages/ReportsPage.tsx(407,15): error TS17004: Cannot use JSX unless the '--jsx' flag is provided.
apps/desktop/src/pages/ReportsPage.tsx(408,17): error TS17004: Cannot use JSX unless the '--jsx' flag is provided.
apps/desktop/src/pages/ReportsPage.tsx(409,19): error TS17004: Cannot use JSX unless the '--jsx' flag is provided.
apps/desktop/src/pages/ReportsPage.tsx(411,17): error TS17004: Cannot use JSX unless the '--jsx' flag is provided.
apps/desktop/src/pages/ReportsPage.tsx(412,19): error TS17004: Cannot use JSX unless the '--jsx' flag is provided.
apps/desktop/src/pages/ReportsPage.tsx(413,21): error TS17004: Cannot use JSX unless the '--jsx' flag is provided.
apps/desktop/src/pages/ReportsPage.tsx(414,21): error TS17004: Cannot use JSX unless the '--jsx' flag is provided.
apps/desktop/src/pages/ReportsPage.tsx(416,19): error TS17004: Cannot use JSX unless the '--jsx' flag is provided.
apps/desktop/src/pages/ReportsPage.tsx(417,21): error TS17004: Cannot use JSX unless the '--jsx' flag is provided.
apps/desktop/src/pages/ReportsPage.tsx(418,21): error TS17004: Cannot use JSX unless the '--jsx' flag is provided.
apps/desktop/src/pages/ReportsPage.tsx(419,23): error TS17004: Cannot use JSX unless the '--jsx' flag is provided.
apps/desktop/src/pages/ReportsPage.tsx(420,25): error TS17004: Cannot use JSX unless the '--jsx' flag is provided.
apps/desktop/src/pages/ReportsPage.tsx(422,23): error TS17004: Cannot use JSX unless the '--jsx' flag is provided.
apps/desktop/src/pages/ReportsPage.tsx(425,19): error TS17004: Cannot use JSX unless the '--jsx' flag is provided.
apps/desktop/src/pages/ReportsPage.tsx(426,21): error TS17004: Cannot use JSX unless the '--jsx' flag is provided.
apps/desktop/src/pages/ReportsPage.tsx(427,21): error TS17004: Cannot use JSX unless the '--jsx' flag is provided.
apps/desktop/src/pages/ReportsPage.tsx(428,23): error TS17004: Cannot use JSX unless the '--jsx' flag is provided.
apps/desktop/src/pages/ReportsPage.tsx(429,25): error TS17004: Cannot use JSX unless the '--jsx' flag is provided.
apps/desktop/src/pages/ReportsPage.tsx(431,23): error TS17004: Cannot use JSX unless the '--jsx' flag is provided.
apps/desktop/src/pages/ReportsPage.tsx(434,19): error TS17004: Cannot use JSX unless the '--jsx' flag is provided.
apps/desktop/src/pages/ReportsPage.tsx(435,21): error TS17004: Cannot use JSX unless the '--jsx' flag is provided.
apps/desktop/src/pages/ReportsPage.tsx(436,21): error TS17004: Cannot use JSX unless the '--jsx' flag is provided.
apps/desktop/src/pages/ReportsPage.tsx(442,15): error TS17004: Cannot use JSX unless the '--jsx' flag is provided.
apps/desktop/src/pages/ReportsPage.tsx(443,17): error TS17004: Cannot use JSX unless the '--jsx' flag is provided.
apps/desktop/src/pages/ReportsPage.tsx(444,19): error TS17004: Cannot use JSX unless the '--jsx' flag is provided.
apps/desktop/src/pages/ReportsPage.tsx(446,17): error TS17004: Cannot use JSX unless the '--jsx' flag is provided.
apps/desktop/src/pages/ReportsPage.tsx(447,19): error TS17004: Cannot use JSX unless the '--jsx' flag is provided.
apps/desktop/src/pages/ReportsPage.tsx(448,21): error TS17004: Cannot use JSX unless the '--jsx' flag is provided.
apps/desktop/src/pages/ReportsPage.tsx(449,21): error TS17004: Cannot use JSX unless the '--jsx' flag is provided.
apps/desktop/src/pages/ReportsPage.tsx(451,19): error TS17004: Cannot use JSX unless the '--jsx' flag is provided.
apps/desktop/src/pages/ReportsPage.tsx(452,21): error TS17004: Cannot use JSX unless the '--jsx' flag is provided.
apps/desktop/src/pages/ReportsPage.tsx(453,21): error TS17004: Cannot use JSX unless the '--jsx' flag is provided.
apps/desktop/src/pages/ReportsPage.tsx(455,19): error TS17004: Cannot use JSX unless the '--jsx' flag is provided.
apps/desktop/src/pages/ReportsPage.tsx(456,21): error TS17004: Cannot use JSX unless the '--jsx' flag is provided.
apps/desktop/src/pages/ReportsPage.tsx(457,21): error TS17004: Cannot use JSX unless the '--jsx' flag is provided.
apps/desktop/src/pages/ReportsPage.tsx(463,15): error TS17004: Cannot use JSX unless the '--jsx' flag is provided.
apps/desktop/src/pages/ReportsPage.tsx(464,17): error TS17004: Cannot use JSX unless the '--jsx' flag is provided.
apps/desktop/src/pages/ReportsPage.tsx(465,19): error TS17004: Cannot use JSX unless the '--jsx' flag is provided.
apps/desktop/src/pages/ReportsPage.tsx(467,17): error TS17004: Cannot use JSX unless the '--jsx' flag is provided.
apps/desktop/src/pages/ReportsPage.tsx(468,19): error TS17004: Cannot use JSX unless the '--jsx' flag is provided.
apps/desktop/src/pages/ReportsPage.tsx(469,21): error TS17004: Cannot use JSX unless the '--jsx' flag is provided.
apps/desktop/src/pages/ReportsPage.tsx(470,21): error TS17004: Cannot use JSX unless the '--jsx' flag is provided.
apps/desktop/src/pages/ReportsPage.tsx(472,19): error TS17004: Cannot use JSX unless the '--jsx' flag is provided.
apps/desktop/src/pages/ReportsPage.tsx(473,21): error TS17004: Cannot use JSX unless the '--jsx' flag is provided.
apps/desktop/src/pages/ReportsPage.tsx(474,21): error TS17004: Cannot use JSX unless the '--jsx' flag is provided.
apps/desktop/src/pages/ReportsPage.tsx(476,19): error TS17004: Cannot use JSX unless the '--jsx' flag is provided.
apps/desktop/src/pages/ReportsPage.tsx(477,21): error TS17004: Cannot use JSX unless the '--jsx' flag is provided.
apps/desktop/src/pages/ReportsPage.tsx(478,21): error TS17004: Cannot use JSX unless the '--jsx' flag is provided.
apps/desktop/src/pages/ReportsPage.tsx(480,19): error TS17004: Cannot use JSX unless the '--jsx' flag is provided.
apps/desktop/src/pages/ReportsPage.tsx(481,21): error TS17004: Cannot use JSX unless the '--jsx' flag is provided.
apps/desktop/src/pages/ReportsPage.tsx(482,21): error TS17004: Cannot use JSX unless the '--jsx' flag is provided.
apps/desktop/src/pages/ReportsPage.tsx(489,13): error TS17004: Cannot use JSX unless the '--jsx' flag is provided.
apps/desktop/src/pages/ReportsPage.tsx(491,15): error TS17004: Cannot use JSX unless the '--jsx' flag is provided.
apps/desktop/src/pages/ReportsPage.tsx(492,17): error TS17004: Cannot use JSX unless the '--jsx' flag is provided.
apps/desktop/src/pages/ReportsPage.tsx(493,19): error TS17004: Cannot use JSX unless the '--jsx' flag is provided.
apps/desktop/src/pages/ReportsPage.tsx(495,17): error TS17004: Cannot use JSX unless the '--jsx' flag is provided.
apps/desktop/src/pages/ReportsPage.tsx(496,19): error TS17004: Cannot use JSX unless the '--jsx' flag is provided.
apps/desktop/src/pages/ReportsPage.tsx(497,21): error TS17004: Cannot use JSX unless the '--jsx' flag is provided.
apps/desktop/src/pages/ReportsPage.tsx(504,23): error TS17004: Cannot use JSX unless the '--jsx' flag is provided.
apps/desktop/src/pages/ReportsPage.tsx(505,23): error TS17004: Cannot use JSX unless the '--jsx' flag is provided.
apps/desktop/src/pages/ReportsPage.tsx(513,23): error TS17004: Cannot use JSX unless the '--jsx' flag is provided.
apps/desktop/src/pages/ReportsPage.tsx(520,23): error TS17004: Cannot use JSX unless the '--jsx' flag is provided.
apps/desktop/src/pages/ReportsPage.tsx(529,23): error TS17004: Cannot use JSX unless the '--jsx' flag is provided.
apps/desktop/src/pages/ReportsPage.tsx(544,15): error TS17004: Cannot use JSX unless the '--jsx' flag is provided.
apps/desktop/src/pages/ReportsPage.tsx(545,17): error TS17004: Cannot use JSX unless the '--jsx' flag is provided.
apps/desktop/src/pages/ReportsPage.tsx(546,19): error TS17004: Cannot use JSX unless the '--jsx' flag is provided.
apps/desktop/src/pages/ReportsPage.tsx(548,17): error TS17004: Cannot use JSX unless the '--jsx' flag is provided.
apps/desktop/src/pages/ReportsPage.tsx(549,19): error TS17004: Cannot use JSX unless the '--jsx' flag is provided.
apps/desktop/src/pages/ReportsPage.tsx(550,21): error TS17004: Cannot use JSX unless the '--jsx' flag is provided.
apps/desktop/src/pages/ReportsPage.tsx(557,23): error TS17004: Cannot use JSX unless the '--jsx' flag is provided.
apps/desktop/src/pages/ReportsPage.tsx(558,23): error TS17004: Cannot use JSX unless the '--jsx' flag is provided.
apps/desktop/src/pages/ReportsPage.tsx(566,23): error TS17004: Cannot use JSX unless the '--jsx' flag is provided.
apps/desktop/src/pages/ReportsPage.tsx(573,23): error TS17004: Cannot use JSX unless the '--jsx' flag is provided.
apps/desktop/src/pages/ReportsPage.tsx(583,23): error TS17004: Cannot use JSX unless the '--jsx' flag is provided.
apps/desktop/src/pages/ReportsPage.tsx(598,9): error TS17004: Cannot use JSX unless the '--jsx' flag is provided.
apps/desktop/src/pages/ReportsPage.tsx(599,11): error TS17004: Cannot use JSX unless the '--jsx' flag is provided.
apps/desktop/src/pages/ReportsPage.tsx(600,13): error TS17004: Cannot use JSX unless the '--jsx' flag is provided.
apps/desktop/src/pages/ReportsPage.tsx(604,13): error TS17004: Cannot use JSX unless the '--jsx' flag is provided.
apps/desktop/src/pages/ReportsPage.tsx(605,15): error TS17004: Cannot use JSX unless the '--jsx' flag is provided.
apps/desktop/src/pages/ReportsPage.tsx(608,13): error TS17004: Cannot use JSX unless the '--jsx' flag is provided.
apps/desktop/src/pages/ReportsPage.tsx(609,29): error TS7006: Parameter 'report' implicitly has an 'any' type.
apps/desktop/src/pages/ReportsPage.tsx(610,17): error TS17004: Cannot use JSX unless the '--jsx' flag is provided.
apps/desktop/src/pages/ReportsPage.tsx(614,19): error TS17004: Cannot use JSX unless the '--jsx' flag is provided.
apps/desktop/src/pages/ReportsPage.tsx(615,21): error TS17004: Cannot use JSX unless the '--jsx' flag is provided.
apps/desktop/src/pages/ReportsPage.tsx(616,23): error TS17004: Cannot use JSX unless the '--jsx' flag is provided.
apps/desktop/src/pages/ReportsPage.tsx(617,23): error TS17004: Cannot use JSX unless the '--jsx' flag is provided.
apps/desktop/src/pages/ReportsPage.tsx(621,21): error TS17004: Cannot use JSX unless the '--jsx' flag is provided.
apps/desktop/src/pages/ReportsPage.tsx(622,23): error TS17004: Cannot use JSX unless the '--jsx' flag is provided.
apps/desktop/src/pages/ReportsPage.tsx(626,19): error TS17004: Cannot use JSX unless the '--jsx' flag is provided.
apps/desktop/src/pages/ReportsPage.tsx(627,21): error TS17004: Cannot use JSX unless the '--jsx' flag is provided.
apps/desktop/src/pages/ReportsPage.tsx(633,21): error TS17004: Cannot use JSX unless the '--jsx' flag is provided.
apps/desktop/src/pages/SettingsPage.tsx(2,34): error TS2307: Cannot find module '@/store/settingsStore' or its corresponding type declarations.
apps/desktop/src/pages/SettingsPage.tsx(17,8): error TS2307: Cannot find module '@/components/ui/alert-dialog' or its corresponding type declarations.
apps/desktop/src/pages/SettingsPage.tsx(88,13): error TS2339: Property 'name' does not exist on type 'EventTarget & (HTMLInputElement | HTMLSelectElement)'.
apps/desktop/src/pages/SettingsPage.tsx(88,19): error TS2339: Property 'value' does not exist on type 'EventTarget & (HTMLInputElement | HTMLSelectElement)'.
apps/desktop/src/pages/SettingsPage.tsx(206,52): error TS2307: Cannot find module '@/lib/tauri' or its corresponding type declarations.
apps/desktop/src/pages/SettingsPage.tsx(322,5): error TS17004: Cannot use JSX unless the '--jsx' flag is provided.
apps/desktop/src/pages/SettingsPage.tsx(323,7): error TS17004: Cannot use JSX unless the '--jsx' flag is provided.
apps/desktop/src/pages/SettingsPage.tsx(325,7): error TS17004: Cannot use JSX unless the '--jsx' flag is provided.
apps/desktop/src/pages/SettingsPage.tsx(326,9): error TS17004: Cannot use JSX unless the '--jsx' flag is provided.
apps/desktop/src/pages/SettingsPage.tsx(327,11): error TS17004: Cannot use JSX unless the '--jsx' flag is provided.
apps/desktop/src/pages/SettingsPage.tsx(328,11): error TS17004: Cannot use JSX unless the '--jsx' flag is provided.
apps/desktop/src/pages/SettingsPage.tsx(329,13): error TS17004: Cannot use JSX unless the '--jsx' flag is provided.
apps/desktop/src/pages/SettingsPage.tsx(330,15): error TS17004: Cannot use JSX unless the '--jsx' flag is provided.
apps/desktop/src/pages/SettingsPage.tsx(333,15): error TS17004: Cannot use JSX unless the '--jsx' flag is provided.
apps/desktop/src/pages/SettingsPage.tsx(334,17): error TS17004: Cannot use JSX unless the '--jsx' flag is provided.
apps/desktop/src/pages/SettingsPage.tsx(341,17): error TS17004: Cannot use JSX unless the '--jsx' flag is provided.
apps/desktop/src/pages/SettingsPage.tsx(348,15): error TS17004: Cannot use JSX unless the '--jsx' flag is provided.
apps/desktop/src/pages/SettingsPage.tsx(354,15): error TS17004: Cannot use JSX unless the '--jsx' flag is provided.
apps/desktop/src/pages/SettingsPage.tsx(355,17): error TS17004: Cannot use JSX unless the '--jsx' flag is provided.
apps/desktop/src/pages/SettingsPage.tsx(358,17): error TS17004: Cannot use JSX unless the '--jsx' flag is provided.
apps/desktop/src/pages/SettingsPage.tsx(369,9): error TS17004: Cannot use JSX unless the '--jsx' flag is provided.
apps/desktop/src/pages/SettingsPage.tsx(370,11): error TS17004: Cannot use JSX unless the '--jsx' flag is provided.
apps/desktop/src/pages/SettingsPage.tsx(371,11): error TS17004: Cannot use JSX unless the '--jsx' flag is provided.
apps/desktop/src/pages/SettingsPage.tsx(372,13): error TS17004: Cannot use JSX unless the '--jsx' flag is provided.
apps/desktop/src/pages/SettingsPage.tsx(373,15): error TS17004: Cannot use JSX unless the '--jsx' flag is provided.
apps/desktop/src/pages/SettingsPage.tsx(374,17): error TS17004: Cannot use JSX unless the '--jsx' flag is provided.
apps/desktop/src/pages/SettingsPage.tsx(375,17): error TS17004: Cannot use JSX unless the '--jsx' flag is provided.
apps/desktop/src/pages/SettingsPage.tsx(377,15): error TS17004: Cannot use JSX unless the '--jsx' flag is provided.
apps/desktop/src/pages/SettingsPage.tsx(383,19): error TS17004: Cannot use JSX unless the '--jsx' flag is provided.
apps/desktop/src/pages/SettingsPage.tsx(384,21): error TS17004: Cannot use JSX unless the '--jsx' flag is provided.
apps/desktop/src/pages/SettingsPage.tsx(387,19): error TS17004: Cannot use JSX unless the '--jsx' flag is provided.
apps/desktop/src/pages/SettingsPage.tsx(388,21): error TS17004: Cannot use JSX unless the '--jsx' flag is provided.
apps/desktop/src/pages/SettingsPage.tsx(393,13): error TS17004: Cannot use JSX unless the '--jsx' flag is provided.
apps/desktop/src/pages/SettingsPage.tsx(399,9): error TS17004: Cannot use JSX unless the '--jsx' flag is provided.
apps/desktop/src/pages/SettingsPage.tsx(400,11): error TS17004: Cannot use JSX unless the '--jsx' flag is provided.
apps/desktop/src/pages/SettingsPage.tsx(401,11): error TS17004: Cannot use JSX unless the '--jsx' flag is provided.
apps/desktop/src/pages/SettingsPage.tsx(402,13): error TS17004: Cannot use JSX unless the '--jsx' flag is provided.
apps/desktop/src/pages/SettingsPage.tsx(403,15): error TS17004: Cannot use JSX unless the '--jsx' flag is provided.
apps/desktop/src/pages/SettingsPage.tsx(406,15): error TS17004: Cannot use JSX unless the '--jsx' flag is provided.
apps/desktop/src/pages/SettingsPage.tsx(407,17): error TS17004: Cannot use JSX unless the '--jsx' flag is provided.
apps/desktop/src/pages/SettingsPage.tsx(413,48): error TS2339: Property 'checked' does not exist on type 'EventTarget & HTMLInputElement'.
apps/desktop/src/pages/SettingsPage.tsx(422,17): error TS17004: Cannot use JSX unless the '--jsx' flag is provided.
apps/desktop/src/pages/SettingsPage.tsx(430,15): error TS17004: Cannot use JSX unless the '--jsx' flag is provided.
apps/desktop/src/pages/SettingsPage.tsx(431,17): error TS17004: Cannot use JSX unless the '--jsx' flag is provided.
apps/desktop/src/pages/SettingsPage.tsx(434,17): error TS17004: Cannot use JSX unless the '--jsx' flag is provided.
apps/desktop/src/pages/SettingsPage.tsx(437,65): error TS2339: Property 'value' does not exist on type 'EventTarget & HTMLInputElement'.
apps/desktop/src/pages/SettingsPage.tsx(440,17): error TS17004: Cannot use JSX unless the '--jsx' flag is provided.
apps/desktop/src/pages/SettingsPage.tsx(448,9): error TS17004: Cannot use JSX unless the '--jsx' flag is provided.
apps/desktop/src/pages/SettingsPage.tsx(449,11): error TS17004: Cannot use JSX unless the '--jsx' flag is provided.
apps/desktop/src/pages/SettingsPage.tsx(450,11): error TS17004: Cannot use JSX unless the '--jsx' flag is provided.
apps/desktop/src/pages/SettingsPage.tsx(451,13): error TS17004: Cannot use JSX unless the '--jsx' flag is provided.
apps/desktop/src/pages/SettingsPage.tsx(452,15): error TS17004: Cannot use JSX unless the '--jsx' flag is provided.
apps/desktop/src/pages/SettingsPage.tsx(455,15): error TS17004: Cannot use JSX unless the '--jsx' flag is provided.
apps/desktop/src/pages/SettingsPage.tsx(461,17): error TS17004: Cannot use JSX unless the '--jsx' flag is provided.
apps/desktop/src/pages/SettingsPage.tsx(462,17): error TS17004: Cannot use JSX unless the '--jsx' flag is provided.
apps/desktop/src/pages/SettingsPage.tsx(463,17): error TS17004: Cannot use JSX unless the '--jsx' flag is provided.
apps/desktop/src/pages/SettingsPage.tsx(467,13): error TS17004: Cannot use JSX unless the '--jsx' flag is provided.
apps/desktop/src/pages/SettingsPage.tsx(468,15): error TS17004: Cannot use JSX unless the '--jsx' flag is provided.
apps/desktop/src/pages/SettingsPage.tsx(471,15): error TS17004: Cannot use JSX unless the '--jsx' flag is provided.
apps/desktop/src/pages/SettingsPage.tsx(481,13): error TS17004: Cannot use JSX unless the '--jsx' flag is provided.
apps/desktop/src/pages/SettingsPage.tsx(482,15): error TS17004: Cannot use JSX unless the '--jsx' flag is provided.
apps/desktop/src/pages/SettingsPage.tsx(485,15): error TS17004: Cannot use JSX unless the '--jsx' flag is provided.
apps/desktop/src/pages/SettingsPage.tsx(492,19): error TS17004: Cannot use JSX unless the '--jsx' flag is provided.
apps/desktop/src/pages/SettingsPage.tsx(496,17): error TS17004: Cannot use JSX unless the '--jsx' flag is provided.
apps/desktop/src/pages/SettingsPage.tsx(500,17): error TS17004: Cannot use JSX unless the '--jsx' flag is provided.
apps/desktop/src/pages/SettingsPage.tsx(509,15): error TS17004: Cannot use JSX unless the '--jsx' flag is provided.
apps/desktop/src/pages/SettingsPage.tsx(515,13): error TS17004: Cannot use JSX unless the '--jsx' flag is provided.
apps/desktop/src/pages/SettingsPage.tsx(516,15): error TS17004: Cannot use JSX unless the '--jsx' flag is provided.
apps/desktop/src/pages/SettingsPage.tsx(517,17): error TS17004: Cannot use JSX unless the '--jsx' flag is provided.
apps/desktop/src/pages/SettingsPage.tsx(526,19): error TS17004: Cannot use JSX unless the '--jsx' flag is provided.
apps/desktop/src/pages/SettingsPage.tsx(538,9): error TS17004: Cannot use JSX unless the '--jsx' flag is provided.
apps/desktop/src/pages/SettingsPage.tsx(542,7): error TS17004: Cannot use JSX unless the '--jsx' flag is provided.
apps/desktop/src/pages/SettingsPage.tsx(543,9): error TS17004: Cannot use JSX unless the '--jsx' flag is provided.
apps/desktop/src/pages/SettingsPage.tsx(544,11): error TS17004: Cannot use JSX unless the '--jsx' flag is provided.
apps/desktop/src/pages/SettingsPage.tsx(555,7): error TS17004: Cannot use JSX unless the '--jsx' flag is provided.
apps/desktop/src/pages/SettingsPage.tsx(556,9): error TS17004: Cannot use JSX unless the '--jsx' flag is provided.
apps/desktop/src/pages/SettingsPage.tsx(557,11): error TS17004: Cannot use JSX unless the '--jsx' flag is provided.
apps/desktop/src/pages/SettingsPage.tsx(558,13): error TS17004: Cannot use JSX unless the '--jsx' flag is provided.
apps/desktop/src/pages/SettingsPage.tsx(559,13): error TS17004: Cannot use JSX unless the '--jsx' flag is provided.
apps/desktop/src/pages/SettingsPage.tsx(560,58): error TS17004: Cannot use JSX unless the '--jsx' flag is provided.
apps/desktop/src/pages/SettingsPage.tsx(561,15): error TS17004: Cannot use JSX unless the '--jsx' flag is provided.
apps/desktop/src/pages/SettingsPage.tsx(562,15): error TS17004: Cannot use JSX unless the '--jsx' flag is provided.
apps/desktop/src/pages/SettingsPage.tsx(565,15): error TS17004: Cannot use JSX unless the '--jsx' flag is provided.
apps/desktop/src/pages/SettingsPage.tsx(569,11): error TS17004: Cannot use JSX unless the '--jsx' flag is provided.
apps/desktop/src/pages/SettingsPage.tsx(570,13): error TS17004: Cannot use JSX unless the '--jsx' flag is provided.
apps/desktop/src/pages/SettingsPage.tsx(571,13): error TS17004: Cannot use JSX unless the '--jsx' flag is provided.
apps/desktop/src/pages/StoryPage.tsx(2,31): error TS2307: Cannot find module '@/store/storyStore' or its corresponding type declarations.
apps/desktop/src/pages/StoryPage.tsx(3,35): error TS2307: Cannot find module '@/store/characterStore' or its corresponding type declarations.
apps/desktop/src/pages/StoryPage.tsx(4,31): error TS2307: Cannot find module '@/store' or its corresponding type declarations.
apps/desktop/src/pages/StoryPage.tsx(5,34): error TS2307: Cannot find module '@/store/settingsStore' or its corresponding type declarations.
apps/desktop/src/pages/StoryPage.tsx(6,31): error TS2307: Cannot find module '@/store/questStore' or its corresponding type declarations.
apps/desktop/src/pages/StoryPage.tsx(17,8): error TS2307: Cannot find module '@/components/ui/alert-dialog' or its corresponding type declarations.
apps/desktop/src/pages/StoryPage.tsx(20,49): error TS2307: Cannot find module '@/services/llm' or its corresponding type declarations.
apps/desktop/src/pages/StoryPage.tsx(52,13): error TS2339: Property 'name' does not exist on type 'EventTarget & (HTMLInputElement | HTMLSelectElement)'.
apps/desktop/src/pages/StoryPage.tsx(52,19): error TS2339: Property 'value' does not exist on type 'EventTarget & (HTMLInputElement | HTMLSelectElement)'.
apps/desktop/src/pages/StoryPage.tsx(52,26): error TS2339: Property 'type' does not exist on type 'EventTarget & (HTMLInputElement | HTMLSelectElement)'.
apps/desktop/src/pages/StoryPage.tsx(55,54): error TS2812: Property 'checked' does not exist on type 'HTMLInputElement'. Try changing the 'lib' compiler option to include 'dom'.
apps/desktop/src/pages/StoryPage.tsx(140,10): error TS7006: Parameter 'quest' implicitly has an 'any' type.
apps/desktop/src/pages/StoryPage.tsx(220,7): error TS17004: Cannot use JSX unless the '--jsx' flag is provided.
apps/desktop/src/pages/StoryPage.tsx(221,9): error TS17004: Cannot use JSX unless the '--jsx' flag is provided.
apps/desktop/src/pages/StoryPage.tsx(222,9): error TS17004: Cannot use JSX unless the '--jsx' flag is provided.
apps/desktop/src/pages/StoryPage.tsx(223,11): error TS17004: Cannot use JSX unless the '--jsx' flag is provided.
apps/desktop/src/pages/StoryPage.tsx(224,11): error TS17004: Cannot use JSX unless the '--jsx' flag is provided.
apps/desktop/src/pages/StoryPage.tsx(231,5): error TS17004: Cannot use JSX unless the '--jsx' flag is provided.
apps/desktop/src/pages/StoryPage.tsx(232,7): error TS17004: Cannot use JSX unless the '--jsx' flag is provided.
apps/desktop/src/pages/StoryPage.tsx(233,9): error TS17004: Cannot use JSX unless the '--jsx' flag is provided.
apps/desktop/src/pages/StoryPage.tsx(234,11): error TS17004: Cannot use JSX unless the '--jsx' flag is provided.
apps/desktop/src/pages/StoryPage.tsx(238,9): error TS17004: Cannot use JSX unless the '--jsx' flag is provided.
apps/desktop/src/pages/StoryPage.tsx(239,11): error TS17004: Cannot use JSX unless the '--jsx' flag is provided.
apps/desktop/src/pages/StoryPage.tsx(241,11): error TS17004: Cannot use JSX unless the '--jsx' flag is provided.
apps/desktop/src/pages/StoryPage.tsx(242,13): error TS17004: Cannot use JSX unless the '--jsx' flag is provided.
apps/desktop/src/pages/StoryPage.tsx(243,15): error TS17004: Cannot use JSX unless the '--jsx' flag is provided.
apps/desktop/src/pages/StoryPage.tsx(244,17): error TS17004: Cannot use JSX unless the '--jsx' flag is provided.
apps/desktop/src/pages/StoryPage.tsx(245,19): error TS17004: Cannot use JSX unless the '--jsx' flag is provided.
apps/desktop/src/pages/StoryPage.tsx(247,17): error TS17004: Cannot use JSX unless the '--jsx' flag is provided.
apps/desktop/src/pages/StoryPage.tsx(251,15): error TS17004: Cannot use JSX unless the '--jsx' flag is provided.
apps/desktop/src/pages/StoryPage.tsx(257,19): error TS17004: Cannot use JSX unless the '--jsx' flag is provided.
apps/desktop/src/pages/StoryPage.tsx(258,21): error TS17004: Cannot use JSX unless the '--jsx' flag is provided.
apps/desktop/src/pages/StoryPage.tsx(259,21): error TS17004: Cannot use JSX unless the '--jsx' flag is provided.
apps/desktop/src/pages/StoryPage.tsx(262,19): error TS17004: Cannot use JSX unless the '--jsx' flag is provided.
apps/desktop/src/pages/StoryPage.tsx(263,21): error TS17004: Cannot use JSX unless the '--jsx' flag is provided.
apps/desktop/src/pages/StoryPage.tsx(271,15): error TS17004: Cannot use JSX unless the '--jsx' flag is provided.
apps/desktop/src/pages/StoryPage.tsx(272,17): error TS17004: Cannot use JSX unless the '--jsx' flag is provided.
apps/desktop/src/pages/StoryPage.tsx(273,19): error TS17004: Cannot use JSX unless the '--jsx' flag is provided.
apps/desktop/src/pages/StoryPage.tsx(274,21): error TS17004: Cannot use JSX unless the '--jsx' flag is provided.
apps/desktop/src/pages/StoryPage.tsx(275,23): error TS17004: Cannot use JSX unless the '--jsx' flag is provided.
apps/desktop/src/pages/StoryPage.tsx(276,23): error TS17004: Cannot use JSX unless the '--jsx' flag is provided.
apps/desktop/src/pages/StoryPage.tsx(284,21): error TS17004: Cannot use JSX unless the '--jsx' flag is provided.
apps/desktop/src/pages/StoryPage.tsx(285,23): error TS17004: Cannot use JSX unless the '--jsx' flag is provided.
apps/desktop/src/pages/StoryPage.tsx(286,23): error TS17004: Cannot use JSX unless the '--jsx' flag is provided.
apps/desktop/src/pages/StoryPage.tsx(296,19): error TS17004: Cannot use JSX unless the '--jsx' flag is provided.
apps/desktop/src/pages/StoryPage.tsx(297,21): error TS17004: Cannot use JSX unless the '--jsx' flag is provided.
apps/desktop/src/pages/StoryPage.tsx(298,21): error TS17004: Cannot use JSX unless the '--jsx' flag is provided.
apps/desktop/src/pages/StoryPage.tsx(308,19): error TS17004: Cannot use JSX unless the '--jsx' flag is provided.
apps/desktop/src/pages/StoryPage.tsx(309,21): error TS17004: Cannot use JSX unless the '--jsx' flag is provided.
apps/desktop/src/pages/StoryPage.tsx(310,21): error TS17004: Cannot use JSX unless the '--jsx' flag is provided.
apps/desktop/src/pages/StoryPage.tsx(316,23): error TS17004: Cannot use JSX unless the '--jsx' flag is provided.
apps/desktop/src/pages/StoryPage.tsx(317,23): error TS17004: Cannot use JSX unless the '--jsx' flag is provided.
apps/desktop/src/pages/StoryPage.tsx(318,23): error TS17004: Cannot use JSX unless the '--jsx' flag is provided.
apps/desktop/src/pages/StoryPage.tsx(322,19): error TS17004: Cannot use JSX unless the '--jsx' flag is provided.
apps/desktop/src/pages/StoryPage.tsx(323,21): error TS17004: Cannot use JSX unless the '--jsx' flag is provided.
apps/desktop/src/pages/StoryPage.tsx(324,23): error TS17004: Cannot use JSX unless the '--jsx' flag is provided.
apps/desktop/src/pages/StoryPage.tsx(325,25): error TS17004: Cannot use JSX unless the '--jsx' flag is provided.
apps/desktop/src/pages/StoryPage.tsx(332,25): error TS17004: Cannot use JSX unless the '--jsx' flag is provided.
apps/desktop/src/pages/StoryPage.tsx(333,25): error TS17004: Cannot use JSX unless the '--jsx' flag is provided.
apps/desktop/src/pages/StoryPage.tsx(335,23): error TS17004: Cannot use JSX unless the '--jsx' flag is provided.
apps/desktop/src/pages/StoryPage.tsx(337,21): error TS17004: Cannot use JSX unless the '--jsx' flag is provided.
apps/desktop/src/pages/StoryPage.tsx(338,23): error TS17004: Cannot use JSX unless the '--jsx' flag is provided.
apps/desktop/src/pages/StoryPage.tsx(339,25): error TS17004: Cannot use JSX unless the '--jsx' flag is provided.
apps/desktop/src/pages/StoryPage.tsx(346,25): error TS17004: Cannot use JSX unless the '--jsx' flag is provided.
apps/desktop/src/pages/StoryPage.tsx(347,25): error TS17004: Cannot use JSX unless the '--jsx' flag is provided.
apps/desktop/src/pages/StoryPage.tsx(349,23): error TS17004: Cannot use JSX unless the '--jsx' flag is provided.
apps/desktop/src/pages/StoryPage.tsx(354,21): error TS17004: Cannot use JSX unless the '--jsx' flag is provided.
apps/desktop/src/pages/StoryPage.tsx(355,23): error TS17004: Cannot use JSX unless the '--jsx' flag is provided.
apps/desktop/src/pages/StoryPage.tsx(360,19): error TS17004: Cannot use JSX unless the '--jsx' flag is provided.
apps/desktop/src/pages/StoryPage.tsx(361,21): error TS17004: Cannot use JSX unless the '--jsx' flag is provided.
apps/desktop/src/pages/StoryPage.tsx(368,21): error TS17004: Cannot use JSX unless the '--jsx' flag is provided.
apps/desktop/src/pages/StoryPage.tsx(374,25): error TS17004: Cannot use JSX unless the '--jsx' flag is provided.
apps/desktop/src/pages/StoryPage.tsx(376,25): error TS17004: Cannot use JSX unless the '--jsx' flag is provided.
apps/desktop/src/pages/StoryPage.tsx(377,27): error TS17004: Cannot use JSX unless the '--jsx' flag is provided.
apps/desktop/src/pages/StoryPage.tsx(390,11): error TS17004: Cannot use JSX unless the '--jsx' flag is provided.
apps/desktop/src/pages/StoryPage.tsx(392,13): error TS17004: Cannot use JSX unless the '--jsx' flag is provided.
apps/desktop/src/pages/StoryPage.tsx(393,13): error TS17004: Cannot use JSX unless the '--jsx' flag is provided.
apps/desktop/src/pages/StoryPage.tsx(394,13): error TS17004: Cannot use JSX unless the '--jsx' flag is provided.
apps/desktop/src/pages/StoryPage.tsx(395,13): error TS17004: Cannot use JSX unless the '--jsx' flag is provided.
apps/desktop/src/pages/StoryPage.tsx(397,13): error TS17004: Cannot use JSX unless the '--jsx' flag is provided.
apps/desktop/src/pages/StoryPage.tsx(398,15): error TS17004: Cannot use JSX unless the '--jsx' flag is provided.
apps/desktop/src/pages/StoryPage.tsx(399,17): error TS17004: Cannot use JSX unless the '--jsx' flag is provided.
apps/desktop/src/pages/StoryPage.tsx(400,17): error TS17004: Cannot use JSX unless the '--jsx' flag is provided.
apps/desktop/src/pages/StoryPage.tsx(401,19): error TS17004: Cannot use JSX unless the '--jsx' flag is provided.
apps/desktop/src/pages/StoryPage.tsx(403,17): error TS17004: Cannot use JSX unless the '--jsx' flag is provided.
apps/desktop/src/pages/StoryPage.tsx(404,19): error TS17004: Cannot use JSX unless the '--jsx' flag is provided.
apps/desktop/src/pages/StoryPage.tsx(405,19): error TS17004: Cannot use JSX unless the '--jsx' flag is provided.
apps/desktop/src/pages/StoryPage.tsx(408,15): error TS17004: Cannot use JSX unless the '--jsx' flag is provided.
apps/desktop/src/pages/StoryPage.tsx(413,17): error TS17004: Cannot use JSX unless the '--jsx' flag is provided.
apps/desktop/src/pages/StoryPage.tsx(419,15): error TS17004: Cannot use JSX unless the '--jsx' flag is provided.
apps/desktop/src/pages/StoryPage.tsx(420,17): error TS17004: Cannot use JSX unless the '--jsx' flag is provided.
apps/desktop/src/pages/StoryPage.tsx(421,19): error TS17004: Cannot use JSX unless the '--jsx' flag is provided.
apps/desktop/src/pages/StoryPage.tsx(423,17): error TS17004: Cannot use JSX unless the '--jsx' flag is provided.
apps/desktop/src/pages/StoryPage.tsx(425,21): error TS17004: Cannot use JSX unless the '--jsx' flag is provided.
apps/desktop/src/pages/StoryPage.tsx(426,23): error TS17004: Cannot use JSX unless the '--jsx' flag is provided.
apps/desktop/src/pages/StoryPage.tsx(434,13): error TS17004: Cannot use JSX unless the '--jsx' flag is provided.
apps/desktop/src/pages/StoryPage.tsx(435,15): error TS17004: Cannot use JSX unless the '--jsx' flag is provided.
apps/desktop/src/pages/StoryPage.tsx(436,15): error TS17004: Cannot use JSX unless the '--jsx' flag is provided.
apps/desktop/src/pages/StoryPage.tsx(437,17): error TS17004: Cannot use JSX unless the '--jsx' flag is provided.
apps/desktop/src/pages/StoryPage.tsx(439,15): error TS17004: Cannot use JSX unless the '--jsx' flag is provided.
apps/desktop/src/pages/StoryPage.tsx(440,17): error TS17004: Cannot use JSX unless the '--jsx' flag is provided.
apps/desktop/src/pages/StoryPage.tsx(441,19): error TS17004: Cannot use JSX unless the '--jsx' flag is provided.
apps/desktop/src/pages/StoryPage.tsx(442,19): error TS17004: Cannot use JSX unless the '--jsx' flag is provided.
apps/desktop/src/pages/StoryPage.tsx(444,17): error TS17004: Cannot use JSX unless the '--jsx' flag is provided.
apps/desktop/src/pages/StoryPage.tsx(445,19): error TS17004: Cannot use JSX unless the '--jsx' flag is provided.
apps/desktop/src/pages/StoryPage.tsx(446,19): error TS17004: Cannot use JSX unless the '--jsx' flag is provided.
apps/desktop/src/pages/StoryPage.tsx(448,17): error TS17004: Cannot use JSX unless the '--jsx' flag is provided.
apps/desktop/src/pages/StoryPage.tsx(449,19): error TS17004: Cannot use JSX unless the '--jsx' flag is provided.
apps/desktop/src/pages/StoryPage.tsx(450,19): error TS17004: Cannot use JSX unless the '--jsx' flag is provided.
apps/desktop/src/pages/StoryPage.tsx(456,13): error TS17004: Cannot use JSX unless the '--jsx' flag is provided.
apps/desktop/src/pages/StoryPage.tsx(458,17): error TS17004: Cannot use JSX unless the '--jsx' flag is provided.
apps/desktop/src/pages/StoryPage.tsx(459,19): error TS17004: Cannot use JSX unless the '--jsx' flag is provided.
apps/desktop/src/pages/StoryPage.tsx(460,19): error TS17004: Cannot use JSX unless the '--jsx' flag is provided.
apps/desktop/src/pages/StoryPage.tsx(461,21): error TS17004: Cannot use JSX unless the '--jsx' flag is provided.
apps/desktop/src/pages/StoryPage.tsx(464,19): error TS17004: Cannot use JSX unless the '--jsx' flag is provided.
apps/desktop/src/pages/StoryPage.tsx(467,19): error TS17004: Cannot use JSX unless the '--jsx' flag is provided.
apps/desktop/src/pages/StoryPage.tsx(477,9): error TS17004: Cannot use JSX unless the '--jsx' flag is provided.
apps/desktop/src/pages/StoryPage.tsx(478,11): error TS17004: Cannot use JSX unless the '--jsx' flag is provided.
apps/desktop/src/pages/StoryPage.tsx(479,13): error TS17004: Cannot use JSX unless the '--jsx' flag is provided.
apps/desktop/src/pages/StoryPage.tsx(483,13): error TS17004: Cannot use JSX unless the '--jsx' flag is provided.
apps/desktop/src/pages/StoryPage.tsx(484,15): error TS17004: Cannot use JSX unless the '--jsx' flag is provided.
apps/desktop/src/pages/StoryPage.tsx(487,13): error TS17004: Cannot use JSX unless the '--jsx' flag is provided.
apps/desktop/src/pages/StoryPage.tsx(488,29): error TS7006: Parameter 'story' implicitly has an 'any' type.
apps/desktop/src/pages/StoryPage.tsx(489,17): error TS17004: Cannot use JSX unless the '--jsx' flag is provided.
apps/desktop/src/pages/StoryPage.tsx(494,19): error TS17004: Cannot use JSX unless the '--jsx' flag is provided.
apps/desktop/src/pages/StoryPage.tsx(496,19): error TS17004: Cannot use JSX unless the '--jsx' flag is provided.
apps/desktop/src/pages/StoryPage.tsx(497,21): error TS17004: Cannot use JSX unless the '--jsx' flag is provided.
apps/desktop/src/pages/StoryPage.tsx(498,23): error TS17004: Cannot use JSX unless the '--jsx' flag is provided.
apps/desktop/src/pages/StoryPage.tsx(499,23): error TS17004: Cannot use JSX unless the '--jsx' flag is provided.
apps/desktop/src/pages/StoryPage.tsx(502,23): error TS17004: Cannot use JSX unless the '--jsx' flag is provided.
apps/desktop/src/pages/StoryPage.tsx(503,25): error TS17004: Cannot use JSX unless the '--jsx' flag is provided.
apps/desktop/src/pages/StoryPage.tsx(504,25): error TS17004: Cannot use JSX unless the '--jsx' flag is provided.
apps/desktop/src/pages/StoryPage.tsx(505,25): error TS17004: Cannot use JSX unless the '--jsx' flag is provided.
apps/desktop/src/pages/StoryPage.tsx(508,21): error TS17004: Cannot use JSX unless the '--jsx' flag is provided.
apps/desktop/src/pages/StoryPage.tsx(509,23): error TS17004: Cannot use JSX unless the '--jsx' flag is provided.
apps/desktop/src/pages/StoryPage.tsx(527,7): error TS17004: Cannot use JSX unless the '--jsx' flag is provided.
apps/desktop/src/pages/StoryPage.tsx(527,60): error TS7006: Parameter 'open' implicitly has an 'any' type.
apps/desktop/src/pages/StoryPage.tsx(528,9): error TS17004: Cannot use JSX unless the '--jsx' flag is provided.
apps/desktop/src/pages/StoryPage.tsx(529,11): error TS17004: Cannot use JSX unless the '--jsx' flag is provided.
apps/desktop/src/pages/StoryPage.tsx(530,13): error TS17004: Cannot use JSX unless the '--jsx' flag is provided.
apps/desktop/src/pages/StoryPage.tsx(531,13): error TS17004: Cannot use JSX unless the '--jsx' flag is provided.
apps/desktop/src/pages/StoryPage.tsx(532,36): error TS17004: Cannot use JSX unless the '--jsx' flag is provided.
apps/desktop/src/pages/StoryPage.tsx(536,11): error TS17004: Cannot use JSX unless the '--jsx' flag is provided.
apps/desktop/src/pages/StoryPage.tsx(537,13): error TS17004: Cannot use JSX unless the '--jsx' flag is provided.
apps/desktop/src/pages/StoryPage.tsx(538,13): error TS17004: Cannot use JSX unless the '--jsx' flag is provided.
apps/desktop/src/pages/WelcomePage.tsx(2,35): error TS2307: Cannot find module '@/store/characterStore' or its corresponding type declarations.
apps/desktop/src/pages/WelcomePage.tsx(3,34): error TS2307: Cannot find module '@/store/settingsStore' or its corresponding type declarations.
apps/desktop/src/pages/WelcomePage.tsx(4,31): error TS2307: Cannot find module '@/store/worldStore' or its corresponding type declarations.
apps/desktop/src/pages/WelcomePage.tsx(77,9): error TS2304: Cannot find name 'alert'.
apps/desktop/src/pages/WelcomePage.tsx(96,7): error TS2304: Cannot find name 'alert'.
apps/desktop/src/pages/WelcomePage.tsx(100,7): error TS2304: Cannot find name 'alert'.
apps/desktop/src/pages/WelcomePage.tsx(107,5): error TS17004: Cannot use JSX unless the '--jsx' flag is provided.
apps/desktop/src/pages/WelcomePage.tsx(108,7): error TS17004: Cannot use JSX unless the '--jsx' flag is provided.
apps/desktop/src/pages/WelcomePage.tsx(109,9): error TS17004: Cannot use JSX unless the '--jsx' flag is provided.
apps/desktop/src/pages/WelcomePage.tsx(110,9): error TS17004: Cannot use JSX unless the '--jsx' flag is provided.
apps/desktop/src/pages/WelcomePage.tsx(115,7): error TS17004: Cannot use JSX unless the '--jsx' flag is provided.
apps/desktop/src/pages/WelcomePage.tsx(116,9): error TS17004: Cannot use JSX unless the '--jsx' flag is provided.
apps/desktop/src/pages/WelcomePage.tsx(117,9): error TS17004: Cannot use JSX unless the '--jsx' flag is provided.
apps/desktop/src/pages/WelcomePage.tsx(121,9): error TS17004: Cannot use JSX unless the '--jsx' flag is provided.
apps/desktop/src/pages/WelcomePage.tsx(126,7): error TS17004: Cannot use JSX unless the '--jsx' flag is provided.
apps/desktop/src/pages/WelcomePage.tsx(128,9): error TS17004: Cannot use JSX unless the '--jsx' flag is provided.
apps/desktop/src/pages/WelcomePage.tsx(132,11): error TS17004: Cannot use JSX unless the '--jsx' flag is provided.
apps/desktop/src/pages/WelcomePage.tsx(133,13): error TS17004: Cannot use JSX unless the '--jsx' flag is provided.
apps/desktop/src/pages/WelcomePage.tsx(134,15): error TS17004: Cannot use JSX unless the '--jsx' flag is provided.
apps/desktop/src/pages/WelcomePage.tsx(135,17): error TS17004: Cannot use JSX unless the '--jsx' flag is provided.
apps/desktop/src/pages/WelcomePage.tsx(138,17): error TS17004: Cannot use JSX unless the '--jsx' flag is provided.
apps/desktop/src/pages/WelcomePage.tsx(140,15): error TS17004: Cannot use JSX unless the '--jsx' flag is provided.
apps/desktop/src/pages/WelcomePage.tsx(147,13): error TS17004: Cannot use JSX unless the '--jsx' flag is provided.
apps/desktop/src/pages/WelcomePage.tsx(148,15): error TS17004: Cannot use JSX unless the '--jsx' flag is provided.
apps/desktop/src/pages/WelcomePage.tsx(149,17): error TS17004: Cannot use JSX unless the '--jsx' flag is provided.
apps/desktop/src/pages/WelcomePage.tsx(153,19): error TS17004: Cannot use JSX unless the '--jsx' flag is provided.
apps/desktop/src/pages/WelcomePage.tsx(163,13): error TS17004: Cannot use JSX unless the '--jsx' flag is provided.
apps/desktop/src/pages/WelcomePage.tsx(164,15): error TS17004: Cannot use JSX unless the '--jsx' flag is provided.
apps/desktop/src/pages/WelcomePage.tsx(166,19): error TS17004: Cannot use JSX unless the '--jsx' flag is provided.
apps/desktop/src/pages/WelcomePage.tsx(174,21): error TS17004: Cannot use JSX unless the '--jsx' flag is provided.
apps/desktop/src/pages/WelcomePage.tsx(175,21): error TS17004: Cannot use JSX unless the '--jsx' flag is provided.
apps/desktop/src/pages/WelcomePage.tsx(176,21): error TS17004: Cannot use JSX unless the '--jsx' flag is provided.
apps/desktop/src/pages/WelcomePage.tsx(177,21): error TS17004: Cannot use JSX unless the '--jsx' flag is provided.
apps/desktop/src/pages/WelcomePage.tsx(179,25): error TS17004: Cannot use JSX unless the '--jsx' flag is provided.
apps/desktop/src/pages/WelcomePage.tsx(187,21): error TS17004: Cannot use JSX unless the '--jsx' flag is provided.
apps/desktop/src/pages/WelcomePage.tsx(192,15): error TS17004: Cannot use JSX unless the '--jsx' flag is provided.
apps/desktop/src/pages/WelcomePage.tsx(193,17): error TS17004: Cannot use JSX unless the '--jsx' flag is provided.
apps/desktop/src/pages/WelcomePage.tsx(198,19): error TS17004: Cannot use JSX unless the '--jsx' flag is provided.
apps/desktop/src/pages/WelcomePage.tsx(199,19): error TS17004: Cannot use JSX unless the '--jsx' flag is provided.
apps/desktop/src/pages/WelcomePage.tsx(200,19): error TS17004: Cannot use JSX unless the '--jsx' flag is provided.
apps/desktop/src/pages/WelcomePage.tsx(203,19): error TS17004: Cannot use JSX unless the '--jsx' flag is provided.
apps/desktop/src/pages/WelcomePage.tsx(213,9): error TS17004: Cannot use JSX unless the '--jsx' flag is provided.
apps/desktop/src/pages/WelcomePage.tsx(217,11): error TS17004: Cannot use JSX unless the '--jsx' flag is provided.
apps/desktop/src/pages/WelcomePage.tsx(218,13): error TS17004: Cannot use JSX unless the '--jsx' flag is provided.
apps/desktop/src/pages/WelcomePage.tsx(219,15): error TS17004: Cannot use JSX unless the '--jsx' flag is provided.
apps/desktop/src/pages/WelcomePage.tsx(220,17): error TS17004: Cannot use JSX unless the '--jsx' flag is provided.
apps/desktop/src/pages/WelcomePage.tsx(223,17): error TS17004: Cannot use JSX unless the '--jsx' flag is provided.
apps/desktop/src/pages/WelcomePage.tsx(225,15): error TS17004: Cannot use JSX unless the '--jsx' flag is provided.
apps/desktop/src/pages/WelcomePage.tsx(230,15): error TS17004: Cannot use JSX unless the '--jsx' flag is provided.
apps/desktop/src/pages/WelcomePage.tsx(239,13): error TS17004: Cannot use JSX unless the '--jsx' flag is provided.
apps/desktop/src/pages/WelcomePage.tsx(244,13): error TS17004: Cannot use JSX unless the '--jsx' flag is provided.
apps/desktop/src/pages/WelcomePage.tsx(251,9): error TS17004: Cannot use JSX unless the '--jsx' flag is provided.
apps/desktop/src/pages/WelcomePage.tsx(255,11): error TS17004: Cannot use JSX unless the '--jsx' flag is provided.
apps/desktop/src/pages/WelcomePage.tsx(256,13): error TS17004: Cannot use JSX unless the '--jsx' flag is provided.
apps/desktop/src/pages/WelcomePage.tsx(257,15): error TS17004: Cannot use JSX unless the '--jsx' flag is provided.
apps/desktop/src/pages/WelcomePage.tsx(258,17): error TS17004: Cannot use JSX unless the '--jsx' flag is provided.
apps/desktop/src/pages/WelcomePage.tsx(261,17): error TS17004: Cannot use JSX unless the '--jsx' flag is provided.
apps/desktop/src/pages/WelcomePage.tsx(263,15): error TS17004: Cannot use JSX unless the '--jsx' flag is provided.
apps/desktop/src/pages/WelcomePage.tsx(268,15): error TS17004: Cannot use JSX unless the '--jsx' flag is provided.
apps/desktop/src/pages/WelcomePage.tsx(277,13): error TS17004: Cannot use JSX unless the '--jsx' flag is provided.
apps/desktop/src/pages/WelcomePage.tsx(285,9): error TS17004: Cannot use JSX unless the '--jsx' flag is provided.
apps/desktop/src/pages/WelcomePage.tsx(286,11): error TS17004: Cannot use JSX unless the '--jsx' flag is provided.
apps/desktop/src/pages/WelcomePage.tsx(289,11): error TS17004: Cannot use JSX unless the '--jsx' flag is provided.
apps/desktop/src/pages/WelcomePage.tsx(299,9): error TS17004: Cannot use JSX unless the '--jsx' flag is provided.
apps/desktop/src/repositories/characterRepository.ts(6,20): error TS2307: Cannot find module '@/services/database' or its corresponding type declarations.
apps/desktop/src/repositories/diaryRepository.ts(6,20): error TS2307: Cannot find module '@/services/database' or its corresponding type declarations.
apps/desktop/src/repositories/questRepository.ts(6,20): error TS2307: Cannot find module '@/services/database' or its corresponding type declarations.
apps/desktop/src/repositories/reportRepository.ts(6,20): error TS2307: Cannot find module '@/services/database' or its corresponding type declarations.
apps/desktop/src/repositories/storyRepository.ts(6,20): error TS2307: Cannot find module '@/services/database' or its corresponding type declarations.
apps/desktop/src/repositories/worldRepository.ts(6,20): error TS2307: Cannot find module '@/services/database' or its corresponding type declarations.
apps/desktop/src/services/database.ts(1,33): error TS2307: Cannot find module '@/lib/tauri' or its corresponding type declarations.
apps/desktop/src/services/database.ts(585,24): error TS2304: Cannot find name 'window'.
apps/desktop/src/services/database.ts(585,69): error TS2304: Cannot find name 'window'.
apps/desktop/src/services/MockDatabaseService.test.ts(31,9): error TS2304: Cannot find name 'localStorage'.
apps/desktop/src/services/MockDatabaseService.ts(89,16): error TS2304: Cannot find name 'localStorage'.
apps/desktop/src/services/MockDatabaseService.ts(104,26): error TS2304: Cannot find name 'localStorage'.
apps/desktop/src/services/MockDatabaseService.ts(114,13): error TS2304: Cannot find name 'localStorage'.
apps/desktop/src/services/NotificationService.ts(3,34): error TS2307: Cannot find module '@/store/settingsStore' or its corresponding type declarations.
apps/desktop/src/services/NotificationService.ts(4,35): error TS2307: Cannot find module '@/store/characterStore' or its corresponding type declarations.
apps/desktop/src/services/NotificationService.ts(5,33): error TS2307: Cannot find module '@/repositories' or its corresponding type declarations.
apps/desktop/src/store/characterStore.ts(3,37): error TS2307: Cannot find module '@/repositories' or its corresponding type declarations.
apps/desktop/src/store/diaryStore.ts(3,33): error TS2307: Cannot find module '@/repositories' or its corresponding type declarations.
apps/desktop/src/store/questStore.ts(3,33): error TS2307: Cannot find module '@/repositories' or its corresponding type declarations.
apps/desktop/src/store/reportStore.ts(3,34): error TS2307: Cannot find module '@/repositories' or its corresponding type declarations.
apps/desktop/src/store/storyStore.ts(3,33): error TS2307: Cannot find module '@/repositories' or its corresponding type declarations.
apps/desktop/src/store/worldStore.ts(3,33): error TS2307: Cannot find module '@/repositories' or its corresponding type declarations.
packages/core/src/story/generator.test.ts(22,13): error TS2353: Object literal may only specify known properties, and 'race' does not exist in type '{ name: string; class: string; title: string; guild: string; }'.
packages/core/src/story/generator.test.ts(62,13): error TS2353: Object literal may only specify known properties, and 'difficulty' does not exist in type 'WorldSettings'.
packages/core/src/story/generator.test.ts(73,13): error TS2353: Object literal may only specify known properties, and 'userId' does not exist in type 'Diary'.
packages/core/src/story/generator.test.ts(88,13): error TS2353: Object literal may only specify known properties, and 'userId' does not exist in type 'Diary'.
